main.c:142:5:main	152	static
main.c:313:6:SystemClock_Config	216	static
main.c:388:13:MX_ADC1_Init	24	static
main.c:438:13:MX_ADC3_Init	24	static
main.c:488:13:MX_DAC_Init	16	static
main.c:526:13:MX_DMA2D_Init	8	static
main.c:563:13:MX_I2C1_Init	8	static
main.c:609:13:MX_I2C3_Init	8	static
main.c:655:13:MX_LTDC_Init	64	static
main.c:717:13:MX_RTC_Init	80	static
main.c:809:13:MX_SPI2_Init	8	static
main.c:849:13:MX_TIM1_Init	40	static
main.c:896:13:MX_TIM2_Init	40	static
main.c:941:13:MX_TIM3_Init	56	static
main.c:993:13:MX_TIM5_Init	40	static
main.c:1038:13:MX_TIM8_Init	112	static
main.c:1117:13:MX_UART7_Init	8	static
main.c:1152:13:MX_USART1_UART_Init	8	static
main.c:1187:13:MX_USART6_UART_Init	8	static
main.c:1218:13:MX_FMC_Init	40	static
main.c:1269:13:MX_GPIO_Init	72	static
main.c:1456:6:HAL_UART_RxCpltCallback	24	static
main.c:1483:6:StartDefaultTask	16	static
main.c:1500:6:StartRRacket	48	static
main.c:1586:6:StartBall	80	static
main.c:1672:6:StartBgChanger	24	static
main.c:1739:6:HAL_TIM_PeriodElapsedCallback	16	static
main.c:1756:6:Error_Handler	4	static,ignoring_inline_asm
