main.c:140:5:main	184	static
main.c:315:6:SystemClock_Config	216	static
main.c:390:13:MX_ADC1_Init	24	static
main.c:440:13:MX_ADC3_Init	24	static
main.c:490:13:MX_DAC_Init	16	static
main.c:528:13:MX_DMA2D_Init	8	static
main.c:565:13:MX_I2C1_Init	8	static
main.c:611:13:MX_I2C3_Init	8	static
main.c:657:13:MX_LTDC_Init	64	static
main.c:719:13:MX_RTC_Init	80	static
main.c:811:13:MX_SPI2_Init	8	static
main.c:851:13:MX_TIM1_Init	40	static
main.c:898:13:MX_TIM2_Init	40	static
main.c:943:13:MX_TIM3_Init	56	static
main.c:995:13:MX_TIM5_Init	40	static
main.c:1040:13:MX_TIM8_Init	112	static
main.c:1119:13:MX_UART7_Init	8	static
main.c:1154:13:MX_USART1_UART_Init	8	static
main.c:1189:13:MX_USART6_UART_Init	8	static
main.c:1220:13:MX_FMC_Init	40	static
main.c:1271:13:MX_GPIO_Init	72	static
main.c:1458:6:HAL_UART_RxCpltCallback	24	static
main.c:1482:6:StartDefaultTask	16	static
main.c:1499:6:StartRRacket	48	static
main.c:1574:6:StartBall	16	static
main.c:1592:6:StartBgChanger	24	static
main.c:1655:6:StartTransmitter	16	static
main.c:1681:6:HAL_TIM_PeriodElapsedCallback	16	static
main.c:1698:6:Error_Handler	4	static,ignoring_inline_asm
