main.c:142:5:main	184	static
main.c:317:6:SystemClock_Config	216	static
main.c:392:13:MX_ADC1_Init	24	static
main.c:442:13:MX_ADC3_Init	24	static
main.c:492:13:MX_DAC_Init	16	static
main.c:530:13:MX_DMA2D_Init	8	static
main.c:567:13:MX_I2C1_Init	8	static
main.c:613:13:MX_I2C3_Init	8	static
main.c:659:13:MX_LTDC_Init	64	static
main.c:721:13:MX_RTC_Init	80	static
main.c:813:13:MX_SPI2_Init	8	static
main.c:853:13:MX_TIM1_Init	40	static
main.c:900:13:MX_TIM2_Init	40	static
main.c:945:13:MX_TIM3_Init	56	static
main.c:997:13:MX_TIM5_Init	40	static
main.c:1042:13:MX_TIM8_Init	112	static
main.c:1121:13:MX_UART7_Init	8	static
main.c:1156:13:MX_USART1_UART_Init	8	static
main.c:1191:13:MX_USART6_UART_Init	8	static
main.c:1222:13:MX_FMC_Init	40	static
main.c:1273:13:MX_GPIO_Init	72	static
main.c:1460:6:HAL_UART_RxCpltCallback	16	static
main.c:1480:6:StartDefaultTask	16	static
main.c:1497:6:StartRRacket	48	static
main.c:1572:6:StartBall	80	static
main.c:1628:6:StartBgChanger	24	static
main.c:1691:6:StartTransmitter	16	static
main.c:1717:6:HAL_TIM_PeriodElapsedCallback	16	static
main.c:1734:6:Error_Handler	4	static,ignoring_inline_asm
