main.c:140:5:main	152	static
main.c:311:6:SystemClock_Config	216	static
main.c:386:13:MX_ADC1_Init	24	static
main.c:436:13:MX_ADC3_Init	24	static
main.c:486:13:MX_DAC_Init	16	static
main.c:524:13:MX_DMA2D_Init	8	static
main.c:561:13:MX_I2C1_Init	8	static
main.c:607:13:MX_I2C3_Init	8	static
main.c:653:13:MX_LTDC_Init	64	static
main.c:715:13:MX_RTC_Init	80	static
main.c:807:13:MX_SPI2_Init	8	static
main.c:847:13:MX_TIM1_Init	40	static
main.c:894:13:MX_TIM2_Init	40	static
main.c:939:13:MX_TIM3_Init	56	static
main.c:991:13:MX_TIM5_Init	40	static
main.c:1036:13:MX_TIM8_Init	112	static
main.c:1115:13:MX_UART7_Init	8	static
main.c:1150:13:MX_USART1_UART_Init	8	static
main.c:1185:13:MX_USART6_UART_Init	8	static
main.c:1216:13:MX_FMC_Init	40	static
main.c:1267:13:MX_GPIO_Init	72	static
main.c:1454:6:HAL_UART_RxCpltCallback	16	static
main.c:1479:6:StartDefaultTask	16	static
main.c:1496:6:StartRRacket	48	static
main.c:1582:6:StartBall	80	static
main.c:1670:6:StartBgChanger	24	static
main.c:1737:6:HAL_TIM_PeriodElapsedCallback	16	static
main.c:1754:6:Error_Handler	4	static,ignoring_inline_asm
