Archive member included to satisfy reference by file (symbol)

c:/st/stm32cubeide_1.5.1/stm32cubeide/plugins/com.st.stm32cube.ide.mcu.externaltools.gnu-tools-for-stm32.7-2018-q2-update.win32_1.5.0.202011040924/tools/bin/../lib/gcc/arm-none-eabi/7.3.1/../../../../arm-none-eabi/lib/thumb/v7e-m/fpv4-sp/hard\libc_nano.a(lib_a-errno.o)
                              Core/Src/syscalls.o (__errno)
c:/st/stm32cubeide_1.5.1/stm32cubeide/plugins/com.st.stm32cube.ide.mcu.externaltools.gnu-tools-for-stm32.7-2018-q2-update.win32_1.5.0.202011040924/tools/bin/../lib/gcc/arm-none-eabi/7.3.1/../../../../arm-none-eabi/lib/thumb/v7e-m/fpv4-sp/hard\libc_nano.a(lib_a-exit.o)
                              c:/st/stm32cubeide_1.5.1/stm32cubeide/plugins/com.st.stm32cube.ide.mcu.externaltools.gnu-tools-for-stm32.7-2018-q2-update.win32_1.5.0.202011040924/tools/bin/../lib/gcc/arm-none-eabi/7.3.1/../../../../arm-none-eabi/lib/thumb/v7e-m/fpv4-sp/hard/crt0.o (exit)
c:/st/stm32cubeide_1.5.1/stm32cubeide/plugins/com.st.stm32cube.ide.mcu.externaltools.gnu-tools-for-stm32.7-2018-q2-update.win32_1.5.0.202011040924/tools/bin/../lib/gcc/arm-none-eabi/7.3.1/../../../../arm-none-eabi/lib/thumb/v7e-m/fpv4-sp/hard\libc_nano.a(lib_a-impure.o)
                              c:/st/stm32cubeide_1.5.1/stm32cubeide/plugins/com.st.stm32cube.ide.mcu.externaltools.gnu-tools-for-stm32.7-2018-q2-update.win32_1.5.0.202011040924/tools/bin/../lib/gcc/arm-none-eabi/7.3.1/../../../../arm-none-eabi/lib/thumb/v7e-m/fpv4-sp/hard\libc_nano.a(lib_a-exit.o) (_global_impure_ptr)
c:/st/stm32cubeide_1.5.1/stm32cubeide/plugins/com.st.stm32cube.ide.mcu.externaltools.gnu-tools-for-stm32.7-2018-q2-update.win32_1.5.0.202011040924/tools/bin/../lib/gcc/arm-none-eabi/7.3.1/../../../../arm-none-eabi/lib/thumb/v7e-m/fpv4-sp/hard\libc_nano.a(lib_a-init.o)
                              c:/st/stm32cubeide_1.5.1/stm32cubeide/plugins/com.st.stm32cube.ide.mcu.externaltools.gnu-tools-for-stm32.7-2018-q2-update.win32_1.5.0.202011040924/tools/bin/../lib/gcc/arm-none-eabi/7.3.1/../../../../arm-none-eabi/lib/thumb/v7e-m/fpv4-sp/hard/crt0.o (__libc_init_array)
c:/st/stm32cubeide_1.5.1/stm32cubeide/plugins/com.st.stm32cube.ide.mcu.externaltools.gnu-tools-for-stm32.7-2018-q2-update.win32_1.5.0.202011040924/tools/bin/../lib/gcc/arm-none-eabi/7.3.1/../../../../arm-none-eabi/lib/thumb/v7e-m/fpv4-sp/hard\libc_nano.a(lib_a-memcpy-stub.o)
                              Middlewares/Third_Party/FreeRTOS/Source/queue.o (memcpy)
c:/st/stm32cubeide_1.5.1/stm32cubeide/plugins/com.st.stm32cube.ide.mcu.externaltools.gnu-tools-for-stm32.7-2018-q2-update.win32_1.5.0.202011040924/tools/bin/../lib/gcc/arm-none-eabi/7.3.1/../../../../arm-none-eabi/lib/thumb/v7e-m/fpv4-sp/hard\libc_nano.a(lib_a-memset.o)
                              c:/st/stm32cubeide_1.5.1/stm32cubeide/plugins/com.st.stm32cube.ide.mcu.externaltools.gnu-tools-for-stm32.7-2018-q2-update.win32_1.5.0.202011040924/tools/bin/../lib/gcc/arm-none-eabi/7.3.1/../../../../arm-none-eabi/lib/thumb/v7e-m/fpv4-sp/hard/crt0.o (memset)
c:/st/stm32cubeide_1.5.1/stm32cubeide/plugins/com.st.stm32cube.ide.mcu.externaltools.gnu-tools-for-stm32.7-2018-q2-update.win32_1.5.0.202011040924/tools/bin/../lib/gcc/arm-none-eabi/7.3.1/../../../../arm-none-eabi/lib/thumb/v7e-m/fpv4-sp/hard\libc_nano.a(lib_a-sprintf.o)
                              Core/Src/main.o (sprintf)
c:/st/stm32cubeide_1.5.1/stm32cubeide/plugins/com.st.stm32cube.ide.mcu.externaltools.gnu-tools-for-stm32.7-2018-q2-update.win32_1.5.0.202011040924/tools/bin/../lib/gcc/arm-none-eabi/7.3.1/../../../../arm-none-eabi/lib/thumb/v7e-m/fpv4-sp/hard\libc_nano.a(lib_a-nano-svfprintf.o)
                              c:/st/stm32cubeide_1.5.1/stm32cubeide/plugins/com.st.stm32cube.ide.mcu.externaltools.gnu-tools-for-stm32.7-2018-q2-update.win32_1.5.0.202011040924/tools/bin/../lib/gcc/arm-none-eabi/7.3.1/../../../../arm-none-eabi/lib/thumb/v7e-m/fpv4-sp/hard\libc_nano.a(lib_a-sprintf.o) (_svfprintf_r)
c:/st/stm32cubeide_1.5.1/stm32cubeide/plugins/com.st.stm32cube.ide.mcu.externaltools.gnu-tools-for-stm32.7-2018-q2-update.win32_1.5.0.202011040924/tools/bin/../lib/gcc/arm-none-eabi/7.3.1/../../../../arm-none-eabi/lib/thumb/v7e-m/fpv4-sp/hard\libc_nano.a(lib_a-nano-vfprintf_i.o)
                              c:/st/stm32cubeide_1.5.1/stm32cubeide/plugins/com.st.stm32cube.ide.mcu.externaltools.gnu-tools-for-stm32.7-2018-q2-update.win32_1.5.0.202011040924/tools/bin/../lib/gcc/arm-none-eabi/7.3.1/../../../../arm-none-eabi/lib/thumb/v7e-m/fpv4-sp/hard\libc_nano.a(lib_a-nano-svfprintf.o) (_printf_i)
c:/st/stm32cubeide_1.5.1/stm32cubeide/plugins/com.st.stm32cube.ide.mcu.externaltools.gnu-tools-for-stm32.7-2018-q2-update.win32_1.5.0.202011040924/tools/bin/../lib/gcc/arm-none-eabi/7.3.1/../../../../arm-none-eabi/lib/thumb/v7e-m/fpv4-sp/hard\libc_nano.a(lib_a-memchr.o)
[...]
Memory Configuration

Name             Origin             Length             Attributes
RAM              0x0000000020000000 0x0000000000050000 xrw
FLASH            0x0000000008000000 0x0000000000100000 xr
*default*        0x0000000000000000 0xffffffffffffffff

Linker script and memory map

LOAD c:/st/stm32cubeide_1.5.1/stm32cubeide/plugins/com.st.stm32cube.ide.mcu.externaltools.gnu-tools-for-stm32.7-2018-q2-update.win32_1.5.0.202011040924/tools/bin/../lib/gcc/arm-none-eabi/7.3.1/thumb/v7e-m/fpv4-sp/hard/crti.o
LOAD c:/st/stm32cubeide_1.5.1/stm32cubeide/plugins/com.st.stm32cube.ide.mcu.externaltools.gnu-tools-for-stm32.7-2018-q2-update.win32_1.5.0.202011040924/tools/bin/../lib/gcc/arm-none-eabi/7.3.1/thumb/v7e-m/fpv4-sp/hard/crtbegin.o
LOAD c:/st/stm32cubeide_1.5.1/stm32cubeide/plugins/com.st.stm32cube.ide.mcu.externaltools.gnu-tools-for-stm32.7-2018-q2-update.win32_1.5.0.202011040924/tools/bin/../lib/gcc/arm-none-eabi/7.3.1/../../../../arm-none-eabi/lib/thumb/v7e-m/fpv4-sp/hard/crt0.o
LOAD Core/Src/freertos.o
LOAD Core/Src/ft5336.o
LOAD Core/Src/main.o
LOAD Core/Src/stm32746g_discovery.o
LOAD Core/Src/stm32746g_discovery_lcd.o
LOAD Core/Src/stm32746g_discovery_sdram.o
LOAD Core/Src/stm32746g_discovery_ts.o
LOAD Core/Src/stm32f7xx_hal_msp.o
LOAD Core/Src/stm32f7xx_hal_timebase_tim.o
LOAD Core/Src/stm32f7xx_it.o
LOAD Core/Src/syscalls.o
LOAD Core/Src/sysmem.o
LOAD Core/Src/system_stm32f7xx.o
LOAD Core/Startup/startup_stm32f746nghx.o
LOAD Drivers/STM32F7xx_HAL_Driver/Src/stm32f7xx_hal.o
LOAD Drivers/STM32F7xx_HAL_Driver/Src/stm32f7xx_hal_adc.o
LOAD Drivers/STM32F7xx_HAL_Driver/Src/stm32f7xx_hal_adc_ex.o
LOAD Drivers/STM32F7xx_HAL_Driver/Src/stm32f7xx_hal_cortex.o
LOAD Drivers/STM32F7xx_HAL_Driver/Src/stm32f7xx_hal_dac.o
LOAD Drivers/STM32F7xx_HAL_Driver/Src/stm32f7xx_hal_dac_ex.o
LOAD Drivers/STM32F7xx_HAL_Driver/Src/stm32f7xx_hal_dma.o
LOAD Drivers/STM32F7xx_HAL_Driver/Src/stm32f7xx_hal_dma2d.o
LOAD Drivers/STM32F7xx_HAL_Driver/Src/stm32f7xx_hal_dma_ex.o
LOAD Drivers/STM32F7xx_HAL_Driver/Src/stm32f7xx_hal_dsi.o
LOAD Drivers/STM32F7xx_HAL_Driver/Src/stm32f7xx_hal_exti.o
LOAD Drivers/STM32F7xx_HAL_Driver/Src/stm32f7xx_hal_flash.o
LOAD Drivers/STM32F7xx_HAL_Driver/Src/stm32f7xx_hal_flash_ex.o
LOAD Drivers/STM32F7xx_HAL_Driver/Src/stm32f7xx_hal_gpio.o
LOAD Drivers/STM32F7xx_HAL_Driver/Src/stm32f7xx_hal_i2c.o
LOAD Drivers/STM32F7xx_HAL_Driver/Src/stm32f7xx_hal_i2c_ex.o
LOAD Drivers/STM32F7xx_HAL_Driver/Src/stm32f7xx_hal_ltdc.o
LOAD Drivers/STM32F7xx_HAL_Driver/Src/stm32f7xx_hal_ltdc_ex.o
LOAD Drivers/STM32F7xx_HAL_Driver/Src/stm32f7xx_hal_pwr.o
LOAD Drivers/STM32F7xx_HAL_Driver/Src/stm32f7xx_hal_pwr_ex.o
LOAD Drivers/STM32F7xx_HAL_Driver/Src/stm32f7xx_hal_rcc.o
LOAD Drivers/STM32F7xx_HAL_Driver/Src/stm32f7xx_hal_rcc_ex.o
LOAD Drivers/STM32F7xx_HAL_Driver/Src/stm32f7xx_hal_rtc.o
LOAD Drivers/STM32F7xx_HAL_Driver/Src/stm32f7xx_hal_rtc_ex.o
LOAD Drivers/STM32F7xx_HAL_Driver/Src/stm32f7xx_hal_sdram.o
LOAD Drivers/STM32F7xx_HAL_Driver/Src/stm32f7xx_hal_spi.o
LOAD Drivers/STM32F7xx_HAL_Driver/Src/stm32f7xx_hal_spi_ex.o
LOAD Drivers/STM32F7xx_HAL_Driver/Src/stm32f7xx_hal_tim.o
LOAD Drivers/STM32F7xx_HAL_Driver/Src/stm32f7xx_hal_tim_ex.o
LOAD Drivers/STM32F7xx_HAL_Driver/Src/stm32f7xx_hal_uart.o
LOAD Drivers/STM32F7xx_HAL_Driver/Src/stm32f7xx_hal_uart_ex.o
LOAD Drivers/STM32F7xx_HAL_Driver/Src/stm32f7xx_ll_fmc.o
LOAD Middlewares/Third_Party/FreeRTOS/Source/CMSIS_RTOS/cmsis_os.o
LOAD Middlewares/Third_Party/FreeRTOS/Source/croutine.o
LOAD Middlewares/Third_Party/FreeRTOS/Source/event_groups.o
LOAD Middlewares/Third_Party/FreeRTOS/Source/list.o
LOAD Middlewares/Third_Party/FreeRTOS/Source/queue.o
LOAD Middlewares/Third_Party/FreeRTOS/Source/stream_buffer.o
LOAD Middlewares/Third_Party/FreeRTOS/Source/tasks.o
LOAD Middlewares/Third_Party/FreeRTOS/Source/timers.o
LOAD Middlewares/Third_Party/FreeRTOS/Source/portable/GCC/ARM_CM7/r0p1/port.o
LOAD Middlewares/Third_Party/FreeRTOS/Source/portable/MemMang/heap_4.o
START GROUP
LOAD c:/st/stm32cubeide_1.5.1/stm32cubeide/plugins/com.st.stm32cube.ide.mcu.externaltools.gnu-tools-for-stm32.7-2018-q2-update.win32_1.5.0.202011040924/tools/bin/../lib/gcc/arm-none-eabi/7.3.1/../../../../arm-none-eabi/lib/thumb/v7e-m/fpv4-sp/hard\libc_nano.a
LOAD c:/st/stm32cubeide_1.5.1/stm32cubeide/plugins/com.st.stm32cube.ide.mcu.externaltools.gnu-tools-for-stm32.7-2018-q2-update.win32_1.5.0.202011040924/tools/bin/../lib/gcc/arm-none-eabi/7.3.1/../../../../arm-none-eabi/lib/thumb/v7e-m/fpv4-sp/hard\libm.a
END GROUP
START GROUP
LOAD c:/st/stm32cubeide_1.5.1/stm32cubeide/plugins/com.st.stm32cube.ide.mcu.externaltools.gnu-tools-for-stm32.7-2018-q2-update.win32_1.5.0.202011040924/tools/bin/../lib/gcc/arm-none-eabi/7.3.1/thumb/v7e-m/fpv4-sp/hard\libgcc.a
LOAD c:/st/stm32cubeide_1.5.1/stm32cubeide/plugins/com.st.stm32cube.ide.mcu.externaltools.gnu-tools-for-stm32.7-2018-q2-update.win32_1.5.0.202011040924/tools/bin/../lib/gcc/arm-none-eabi/7.3.1/../../../../arm-none-eabi/lib/thumb/v7e-m/fpv4-sp/hard\libc_nano.a
END GROUP
START GROUP
LOAD c:/st/stm32cubeide_1.5.1/stm32cubeide/plugins/com.st.stm32cube.ide.mcu.externaltools.gnu-tools-for-stm32.7-2018-q2-update.win32_1.5.0.202011040924/tools/bin/../lib/gcc/arm-none-eabi/7.3.1/thumb/v7e-m/fpv4-sp/hard\libgcc.a
LOAD c:/st/stm32cubeide_1.5.1/stm32cubeide/plugins/com.st.stm32cube.ide.mcu.externaltools.gnu-tools-for-stm32.7-2018-q2-update.win32_1.5.0.202011040924/tools/bin/../lib/gcc/arm-none-eabi/7.3.1/../../../../arm-none-eabi/lib/thumb/v7e-m/fpv4-sp/hard\libc_nano.a
LOAD c:/st/stm32cubeide_1.5.1/stm32cubeide/plugins/com.st.stm32cube.ide.mcu.externaltools.gnu-tools-for-stm32.7-2018-q2-update.win32_1.5.0.202011040924/tools/bin/../lib/gcc/arm-none-eabi/7.3.1/../../../../arm-none-eabi/lib/thumb/v7e-m/fpv4-sp/hard\libnosys.a
END GROUP
START GROUP
LOAD c:/st/stm32cubeide_1.5.1/stm32cubeide/plugins/com.st.stm32cube.ide.mcu.externaltools.gnu-tools-for-stm32.7-2018-q2-update.win32_1.5.0.202011040924/tools/bin/../lib/gcc/arm-none-eabi/7.3.1/thumb/v7e-m/fpv4-sp/hard\libgcc.a
LOAD c:/st/stm32cubeide_1.5.1/stm32cubeide/plugins/com.st.stm32cube.ide.mcu.externaltools.gnu-tools-for-stm32.7-2018-q2-update.win32_1.5.0.202011040924/tools/bin/../lib/gcc/arm-none-eabi/7.3.1/../../../../arm-none-eabi/lib/thumb/v7e-m/fpv4-sp/hard\libc_nano.a
LOAD c:/st/stm32cubeide_1.5.1/stm32cubeide/plugins/com.st.stm32cube.ide.mcu.externaltools.gnu-tools-for-stm32.7-2018-q2-update.win32_1.5.0.202011040924/tools/bin/../lib/gcc/arm-none-eabi/7.3.1/../../../../arm-none-eabi/lib/thumb/v7e-m/fpv4-sp/hard\libnosys.a
END GROUP
LOAD c:/st/stm32cubeide_1.5.1/stm32cubeide/plugins/com.st.stm32cube.ide.mcu.externaltools.gnu-tools-for-stm32.7-2018-q2-update.win32_1.5.0.202011040924/tools/bin/../lib/gcc/arm-none-eabi/7.3.1/thumb/v7e-m/fpv4-sp/hard/crtend.o
LOAD c:/st/stm32cubeide_1.5.1/stm32cubeide/plugins/com.st.stm32cube.ide.mcu.externaltools.gnu-tools-for-stm32.7-2018-q2-update.win32_1.5.0.202011040924/tools/bin/../lib/gcc/arm-none-eabi/7.3.1/thumb/v7e-m/fpv4-sp/hard/crtn.o
                0x0000000020050000                _estack = (ORIGIN (RAM) + LENGTH (RAM))
                0x0000000000000200                _Min_Heap_Size = 0x200
                0x0000000000000400                _Min_Stack_Size = 0x400

.isr_vector     0x0000000008000000      0x1c8
                0x0000000008000000                . = ALIGN (0x4)
 *(.isr_vector)
 .isr_vector    0x0000000008000000      0x1c8 Core/Startup/startup_stm32f746nghx.o
                0x0000000008000000                g_pfnVectors
                0x00000000080001c8                . = ALIGN (0x4)

.text           0x00000000080001d0     0xe7dc
                0x00000000080001d0                . = ALIGN (0x4)
 *(.text)
 .text          0x00000000080001d0       0x40 c:/st/stm32cubeide_1.5.1/stm32cubeide/plugins/com.st.stm32cube.ide.mcu.externaltools.gnu-tools-for-stm32.7-2018-q2-update.win32_1.5.0.202011040924/tools/bin/../lib/gcc/arm-none-eabi/7.3.1/thumb/v7e-m/fpv4-sp/hard/crtbegin.o
 .text          0x0000000008000210       0xa0 c:/st/stm32cubeide_1.5.1/stm32cubeide/plugins/com.st.stm32cube.ide.mcu.externaltools.gnu-tools-for-stm32.7-2018-q2-update.win32_1.5.0.202011040924/tools/bin/../lib/gcc/arm-none-eabi/7.3.1/../../../../arm-none-eabi/lib/thumb/v7e-m/fpv4-sp/hard\libc_nano.a(lib_a-memchr.o)
                0x0000000008000210                memchr
 .text          0x00000000080002b0       0x30 c:/st/stm32cubeide_1.5.1/stm32cubeide/plugins/com.st.stm32cube.ide.mcu.externaltools.gnu-tools-for-stm32.7-2018-q2-update.win32_1.5.0.202011040924/tools/bin/../lib/gcc/arm-none-eabi/7.3.1/thumb/v7e-m/fpv4-sp/hard\libgcc.a(_aeabi_uldivmod.o)
                0x00000000080002b0                __aeabi_uldivmod
 .text          0x00000000080002e0      0x2cc c:/st/stm32cubeide_1.5.1/stm32cubeide/plugins/com.st.stm32cube.ide.mcu.externaltools.gnu-tools-for-stm32.7-2018-q2-update.win32_1.5.0.202011040924/tools/bin/../lib/gcc/arm-none-eabi/7.3.1/thumb/v7e-m/fpv4-sp/hard\libgcc.a(_udivmoddi4.o)
                0x00000000080002e0                __udivmoddi4
 .text          0x00000000080005ac        0x4 c:/st/stm32cubeide_1.5.1/stm32cubeide/plugins/com.st.stm32cube.ide.mcu.externaltools.gnu-tools-for-stm32.7-2018-q2-update.win32_1.5.0.202011040924/tools/bin/../lib/gcc/arm-none-eabi/7.3.1/thumb/v7e-m/fpv4-sp/hard\libgcc.a(_dvmd_tls.o)
                0x00000000080005ac                __aeabi_idiv0
                0x00000000080005ac                __aeabi_ldiv0
 *(.text*)
 .text.vApplicationIdleHook
                0x00000000080005b0        0xe Core/Src/freertos.o
                0x00000000080005b0                vApplicationIdleHook
 .text.vApplicationStackOverflowHook
                0x00000000080005be       0x16 Core/Src/freertos.o
                0x00000000080005be                vApplicationStackOverflowHook
 .text.vApplicationMallocFailedHook
                0x00000000080005d4        0xe Core/Src/freertos.o
                0x00000000080005d4                vApplicationMallocFailedHook
 *fill*         0x00000000080005e2        0x2 
 .text.vApplicationGetIdleTaskMemory
                0x00000000080005e4       0x34 Core/Src/freertos.o
                0x00000000080005e4                vApplicationGetIdleTaskMemory
 .text.ft5336_Init
                0x0000000008000618       0x1c Core/Src/ft5336.o
                0x0000000008000618                ft5336_Init
 .text.ft5336_Reset
                0x0000000008000634       0x16 Core/Src/ft5336.o
                0x0000000008000634                ft5336_Reset
 .text.ft5336_ReadID
                0x000000000800064a       0x5c Core/Src/ft5336.o
                0x000000000800064a                ft5336_ReadID
 .text.ft5336_TS_Start
                0x00000000080006a6       0x22 Core/Src/ft5336.o
                0x00000000080006a6                ft5336_TS_Start
 .text.ft5336_TS_DetectTouch
                0x00000000080006c8       0x54 Core/Src/ft5336.o
                0x00000000080006c8                ft5336_TS_DetectTouch
 .text.ft5336_TS_GetXY
                0x000000000800071c      0x1e0 Core/Src/ft5336.o
                0x000000000800071c                ft5336_TS_GetXY
 .text.ft5336_TS_EnableIT
                0x00000000080008fc       0x28 Core/Src/ft5336.o
                0x00000000080008fc                ft5336_TS_EnableIT
 .text.ft5336_TS_DisableIT
                0x0000000008000924       0x28 Core/Src/ft5336.o
                0x0000000008000924                ft5336_TS_DisableIT
 .text.ft5336_TS_ITStatus
                0x000000000800094c       0x18 Core/Src/ft5336.o
                0x000000000800094c                ft5336_TS_ITStatus
 .text.ft5336_TS_ClearIT
                0x0000000008000964       0x16 Core/Src/ft5336.o
                0x0000000008000964                ft5336_TS_ClearIT
 *fill*         0x000000000800097a        0x2 
 .text.ft5336_Get_I2C_InitializedStatus
                0x000000000800097c       0x18 Core/Src/ft5336.o
 .text.ft5336_I2C_InitializeIfRequired
                0x0000000008000994       0x20 Core/Src/ft5336.o
 .text.ft5336_TS_Configure
                0x00000000080009b4       0x1c Core/Src/ft5336.o
 .text.main     0x00000000080009d0      0x238 Core/Src/main.o
                0x00000000080009d0                main
 .text.SystemClock_Config
                0x0000000008000c08      0x160 Core/Src/main.o
                0x0000000008000c08                SystemClock_Config
 .text.MX_ADC1_Init
                0x0000000008000d68       0xa4 Core/Src/main.o
 .text.MX_ADC3_Init
                0x0000000008000e0c       0xa4 Core/Src/main.o
 .text.MX_DAC_Init
                0x0000000008000eb0       0x54 Core/Src/main.o
 .text.MX_DMA2D_Init
                0x0000000008000f04       0x64 Core/Src/main.o
 .text.MX_I2C1_Init
                0x0000000008000f68       0x80 Core/Src/main.o
 .text.MX_I2C3_Init
                0x0000000008000fe8       0x80 Core/Src/main.o
 .text.MX_LTDC_Init
                0x0000000008001068      0x104 Core/Src/main.o
 .text.MX_RTC_Init
                0x000000000800116c      0x14c Core/Src/main.o
 .text.MX_SPI2_Init
                0x00000000080012b8       0x7c Core/Src/main.o
 .text.MX_TIM1_Init
                0x0000000008001334       0xa8 Core/Src/main.o
 .text.MX_TIM2_Init
                0x00000000080013dc       0x9c Core/Src/main.o
 .text.MX_TIM3_Init
                0x0000000008001478       0xcc Core/Src/main.o
 .text.MX_TIM5_Init
                0x0000000008001544       0x9c Core/Src/main.o
 .text.MX_TIM8_Init
                0x00000000080015e0      0x154 Core/Src/main.o
 .text.MX_UART7_Init
                0x0000000008001734       0x60 Core/Src/main.o
 .text.MX_USART1_UART_Init
                0x0000000008001794       0x60 Core/Src/main.o
 .text.MX_USART6_UART_Init
                0x00000000080017f4       0x60 Core/Src/main.o
 .text.MX_FMC_Init
                0x0000000008001854       0x9c Core/Src/main.o
 .text.MX_GPIO_Init
                0x00000000080018f0      0x3fc Core/Src/main.o
 .text.HAL_UART_RxCpltCallback
                0x0000000008001cec       0x6c Core/Src/main.o
                0x0000000008001cec                HAL_UART_RxCpltCallback
 .text.StartDefaultTask
                0x0000000008001d58       0x12 Core/Src/main.o
                0x0000000008001d58                StartDefaultTask
 *fill*         0x0000000008001d6a        0x2 
 .text.Starthorloge
                0x0000000008001d6c       0x80 Core/Src/main.o
                0x0000000008001d6c                Starthorloge
 .text.StartLRacket
                0x0000000008001dec      0x1c0 Core/Src/main.o
                0x0000000008001dec                StartLRacket
 .text.StartBall
                0x0000000008001fac      0x384 Core/Src/main.o
                0x0000000008001fac                StartBall
 .text.StartBgChanger
                0x0000000008002330       0xec Core/Src/main.o
                0x0000000008002330                StartBgChanger
 .text.StartTransmit
                0x000000000800241c       0x74 Core/Src/main.o
                0x000000000800241c                StartTransmit
 .text.HAL_TIM_PeriodElapsedCallback
                0x0000000008002490       0x24 Core/Src/main.o
                0x0000000008002490                HAL_TIM_PeriodElapsedCallback
 .text.Error_Handler
                0x00000000080024b4        0x8 Core/Src/main.o
                0x00000000080024b4                Error_Handler
 .text.I2Cx_MspInit
                0x00000000080024bc      0x160 Core/Src/stm32746g_discovery.o
 .text.I2Cx_Init
                0x000000000800261c       0x78 Core/Src/stm32746g_discovery.o
 .text.I2Cx_ReadMultiple
                0x0000000008002694       0x5a Core/Src/stm32746g_discovery.o
 .text.I2Cx_WriteMultiple
                0x00000000080026ee       0x5a Core/Src/stm32746g_discovery.o
 .text.I2Cx_Error
                0x0000000008002748       0x20 Core/Src/stm32746g_discovery.o
 .text.TS_IO_Init
                0x0000000008002768       0x14 Core/Src/stm32746g_discovery.o
                0x0000000008002768                TS_IO_Init
 .text.TS_IO_Write
                0x000000000800277c       0x34 Core/Src/stm32746g_discovery.o
                0x000000000800277c                TS_IO_Write
 .text.TS_IO_Read
                0x00000000080027b0       0x3c Core/Src/stm32746g_discovery.o
                0x00000000080027b0                TS_IO_Read
 .text.TS_IO_Delay
                0x00000000080027ec       0x16 Core/Src/stm32746g_discovery.o
                0x00000000080027ec                TS_IO_Delay
 *fill*         0x0000000008002802        0x2 
 .text.BSP_LCD_Init
                0x0000000008002804       0xe0 Core/Src/stm32746g_discovery_lcd.o
                0x0000000008002804                BSP_LCD_Init
 .text.BSP_LCD_GetXSize
                0x00000000080028e4       0x28 Core/Src/stm32746g_discovery_lcd.o
                0x00000000080028e4                BSP_LCD_GetXSize
 .text.BSP_LCD_GetYSize
                0x000000000800290c       0x28 Core/Src/stm32746g_discovery_lcd.o
                0x000000000800290c                BSP_LCD_GetYSize
 .text.BSP_LCD_LayerDefaultInit
                0x0000000008002934       0xc0 Core/Src/stm32746g_discovery_lcd.o
                0x0000000008002934                BSP_LCD_LayerDefaultInit
 .text.BSP_LCD_SelectLayer
                0x00000000080029f4       0x20 Core/Src/stm32746g_discovery_lcd.o
                0x00000000080029f4                BSP_LCD_SelectLayer
 .text.BSP_LCD_SetTextColor
                0x0000000008002a14       0x30 Core/Src/stm32746g_discovery_lcd.o
                0x0000000008002a14                BSP_LCD_SetTextColor
 .text.BSP_LCD_SetBackColor
                0x0000000008002a44       0x34 Core/Src/stm32746g_discovery_lcd.o
                0x0000000008002a44                BSP_LCD_SetBackColor
 .text.BSP_LCD_SetFont
                0x0000000008002a78       0x34 Core/Src/stm32746g_discovery_lcd.o
                0x0000000008002a78                BSP_LCD_SetFont
 .text.BSP_LCD_GetFont
                0x0000000008002aac       0x2c Core/Src/stm32746g_discovery_lcd.o
                0x0000000008002aac                BSP_LCD_GetFont
 .text.BSP_LCD_Clear
                0x0000000008002ad8       0x50 Core/Src/stm32746g_discovery_lcd.o
                0x0000000008002ad8                BSP_LCD_Clear
 .text.BSP_LCD_DisplayChar
                0x0000000008002b28       0x88 Core/Src/stm32746g_discovery_lcd.o
                0x0000000008002b28                BSP_LCD_DisplayChar
 .text.BSP_LCD_DisplayStringAt
                0x0000000008002bb0      0x188 Core/Src/stm32746g_discovery_lcd.o
                0x0000000008002bb0                BSP_LCD_DisplayStringAt
 .text.BSP_LCD_DisplayStringAtLine
                0x0000000008002d38       0x2e Core/Src/stm32746g_discovery_lcd.o
                0x0000000008002d38                BSP_LCD_DisplayStringAtLine
 *fill*         0x0000000008002d66        0x2 
 .text.BSP_LCD_DrawHLine
                0x0000000008002d68       0xbc Core/Src/stm32746g_discovery_lcd.o
                0x0000000008002d68                BSP_LCD_DrawHLine
 .text.BSP_LCD_DrawLine
                0x0000000008002e24      0x198 Core/Src/stm32746g_discovery_lcd.o
                0x0000000008002e24                BSP_LCD_DrawLine
 .text.BSP_LCD_DrawCircle
                0x0000000008002fbc      0x1e0 Core/Src/stm32746g_discovery_lcd.o
                0x0000000008002fbc                BSP_LCD_DrawCircle
 .text.BSP_LCD_DrawPixel
                0x000000000800319c       0x90 Core/Src/stm32746g_discovery_lcd.o
                0x000000000800319c                BSP_LCD_DrawPixel
 .text.BSP_LCD_FillRect
                0x000000000800322c       0xf4 Core/Src/stm32746g_discovery_lcd.o
                0x000000000800322c                BSP_LCD_FillRect
 .text.BSP_LCD_FillCircle
                0x0000000008003320      0x140 Core/Src/stm32746g_discovery_lcd.o
                0x0000000008003320                BSP_LCD_FillCircle
 .text.BSP_LCD_FillPolygon
                0x0000000008003460      0x1c8 Core/Src/stm32746g_discovery_lcd.o
                0x0000000008003460                BSP_LCD_FillPolygon
 .text.BSP_LCD_DisplayOn
                0x0000000008003628       0x3c Core/Src/stm32746g_discovery_lcd.o
                0x0000000008003628                BSP_LCD_DisplayOn
 .text.BSP_LCD_MspInit
                0x0000000008003664      0x1b4 Core/Src/stm32746g_discovery_lcd.o
                0x0000000008003664                BSP_LCD_MspInit
 .text.BSP_LCD_ClockConfig
                0x0000000008003818       0x38 Core/Src/stm32746g_discovery_lcd.o
                0x0000000008003818                BSP_LCD_ClockConfig
 .text.DrawChar
                0x0000000008003850      0x170 Core/Src/stm32746g_discovery_lcd.o
 .text.FillTriangle
                0x00000000080039c0      0x17e Core/Src/stm32746g_discovery_lcd.o
 *fill*         0x0000000008003b3e        0x2 
 .text.LL_FillBuffer
                0x0000000008003b40       0x98 Core/Src/stm32746g_discovery_lcd.o
 .text.BSP_SDRAM_Init
                0x0000000008003bd8       0xbc Core/Src/stm32746g_discovery_sdram.o
                0x0000000008003bd8                BSP_SDRAM_Init
 .text.BSP_SDRAM_Initialization_sequence
                0x0000000008003c94       0xc0 Core/Src/stm32746g_discovery_sdram.o
                0x0000000008003c94                BSP_SDRAM_Initialization_sequence
 .text.BSP_SDRAM_MspInit
                0x0000000008003d54      0x1f0 Core/Src/stm32746g_discovery_sdram.o
                0x0000000008003d54                BSP_SDRAM_MspInit
 .text.BSP_TS_Init
                0x0000000008003f44       0x80 Core/Src/stm32746g_discovery_ts.o
                0x0000000008003f44                BSP_TS_Init
 .text.HAL_MspInit
                0x0000000008003fc4       0x50 Core/Src/stm32f7xx_hal_msp.o
                0x0000000008003fc4                HAL_MspInit
 .text.HAL_ADC_MspInit
                0x0000000008004014       0xdc Core/Src/stm32f7xx_hal_msp.o
                0x0000000008004014                HAL_ADC_MspInit
 .text.HAL_DAC_MspInit
                0x00000000080040f0       0x90 Core/Src/stm32f7xx_hal_msp.o
                0x00000000080040f0                HAL_DAC_MspInit
 .text.HAL_DMA2D_MspInit
                0x0000000008004180       0x40 Core/Src/stm32f7xx_hal_msp.o
                0x0000000008004180                HAL_DMA2D_MspInit
 .text.HAL_I2C_MspInit
                0x00000000080041c0       0xf0 Core/Src/stm32f7xx_hal_msp.o
                0x00000000080041c0                HAL_I2C_MspInit
 .text.HAL_I2C_MspDeInit
                0x00000000080042b0       0x78 Core/Src/stm32f7xx_hal_msp.o
                0x00000000080042b0                HAL_I2C_MspDeInit
 .text.HAL_LTDC_MspInit
                0x0000000008004328      0x190 Core/Src/stm32f7xx_hal_msp.o
                0x0000000008004328                HAL_LTDC_MspInit
 .text.HAL_RTC_MspInit
                0x00000000080044b8       0x34 Core/Src/stm32f7xx_hal_msp.o
                0x00000000080044b8                HAL_RTC_MspInit
 .text.HAL_SPI_MspInit
                0x00000000080044ec       0xe4 Core/Src/stm32f7xx_hal_msp.o
                0x00000000080044ec                HAL_SPI_MspInit
 .text.HAL_TIM_Base_MspInit
                0x00000000080045d0       0xdc Core/Src/stm32f7xx_hal_msp.o
                0x00000000080045d0                HAL_TIM_Base_MspInit
 .text.HAL_TIM_MspPostInit
                0x00000000080046ac       0x70 Core/Src/stm32f7xx_hal_msp.o
                0x00000000080046ac                HAL_TIM_MspPostInit
 .text.HAL_UART_MspInit
                0x000000000800471c      0x1ac Core/Src/stm32f7xx_hal_msp.o
                0x000000000800471c                HAL_UART_MspInit
 .text.HAL_FMC_MspInit
                0x00000000080048c8      0x120 Core/Src/stm32f7xx_hal_msp.o
 .text.HAL_SDRAM_MspInit
                0x00000000080049e8       0x14 Core/Src/stm32f7xx_hal_msp.o
                0x00000000080049e8                HAL_SDRAM_MspInit
 .text.HAL_InitTick
                0x00000000080049fc       0xb0 Core/Src/stm32f7xx_hal_timebase_tim.o
                0x00000000080049fc                HAL_InitTick
 .text.NMI_Handler
                0x0000000008004aac        0x6 Core/Src/stm32f7xx_it.o
                0x0000000008004aac                NMI_Handler
 .text.HardFault_Handler
                0x0000000008004ab2        0x6 Core/Src/stm32f7xx_it.o
                0x0000000008004ab2                HardFault_Handler
 .text.MemManage_Handler
                0x0000000008004ab8        0x6 Core/Src/stm32f7xx_it.o
                0x0000000008004ab8                MemManage_Handler
 .text.BusFault_Handler
                0x0000000008004abe        0x6 Core/Src/stm32f7xx_it.o
                0x0000000008004abe                BusFault_Handler
 .text.UsageFault_Handler
                0x0000000008004ac4        0x6 Core/Src/stm32f7xx_it.o
                0x0000000008004ac4                UsageFault_Handler
 .text.DebugMon_Handler
                0x0000000008004aca        0xe Core/Src/stm32f7xx_it.o
                0x0000000008004aca                DebugMon_Handler
 .text.USART1_IRQHandler
                0x0000000008004ad8       0x14 Core/Src/stm32f7xx_it.o
                0x0000000008004ad8                USART1_IRQHandler
 .text.TIM6_DAC_IRQHandler
                0x0000000008004aec       0x1c Core/Src/stm32f7xx_it.o
                0x0000000008004aec                TIM6_DAC_IRQHandler
 .text.UART7_IRQHandler
                0x0000000008004b08       0x14 Core/Src/stm32f7xx_it.o
                0x0000000008004b08                UART7_IRQHandler
 .text.LTDC_IRQHandler
                0x0000000008004b1c       0x14 Core/Src/stm32f7xx_it.o
                0x0000000008004b1c                LTDC_IRQHandler
 .text._sbrk    0x0000000008004b30       0x6c Core/Src/sysmem.o
                0x0000000008004b30                _sbrk
 .text.SystemInit
                0x0000000008004b9c       0x2c Core/Src/system_stm32f7xx.o
                0x0000000008004b9c                SystemInit
 .text.Reset_Handler
                0x0000000008004bc8       0x50 Core/Startup/startup_stm32f746nghx.o
                0x0000000008004bc8                Reset_Handler
 .text.Default_Handler
                0x0000000008004c18        0x2 Core/Startup/startup_stm32f746nghx.o
                0x0000000008004c18                RTC_Alarm_IRQHandler
                0x0000000008004c18                EXTI2_IRQHandler
                0x0000000008004c18                TIM8_CC_IRQHandler
                0x0000000008004c18                UART8_IRQHandler
                0x0000000008004c18                SPI4_IRQHandler
                0x0000000008004c18                TIM1_CC_IRQHandler
                0x0000000008004c18                DMA2_Stream5_IRQHandler
                0x0000000008004c18                DMA1_Stream5_IRQHandler
                0x0000000008004c18                PVD_IRQHandler
                0x0000000008004c18                TAMP_STAMP_IRQHandler
                0x0000000008004c18                CAN2_RX1_IRQHandler
                0x0000000008004c18                EXTI3_IRQHandler
                0x0000000008004c18                TIM8_TRG_COM_TIM14_IRQHandler
                0x0000000008004c18                TIM1_UP_TIM10_IRQHandler
                0x0000000008004c18                TIM8_UP_TIM13_IRQHandler
                0x0000000008004c18                I2C3_ER_IRQHandler
                0x0000000008004c18                EXTI0_IRQHandler
                0x0000000008004c18                I2C2_EV_IRQHandler
                0x0000000008004c18                DMA1_Stream2_IRQHandler
                0x0000000008004c18                CAN1_RX0_IRQHandler
                0x0000000008004c18                FPU_IRQHandler
                0x0000000008004c18                OTG_HS_WKUP_IRQHandler
                0x0000000008004c18                LTDC_ER_IRQHandler
                0x0000000008004c18                CAN2_SCE_IRQHandler
                0x0000000008004c18                DMA2_Stream2_IRQHandler
                0x0000000008004c18                SPI1_IRQHandler
                0x0000000008004c18                TIM1_BRK_TIM9_IRQHandler
                0x0000000008004c18                DCMI_IRQHandler
                0x0000000008004c18                CAN2_RX0_IRQHandler
                0x0000000008004c18                DMA2_Stream3_IRQHandler
                0x0000000008004c18                SAI2_IRQHandler
                0x0000000008004c18                USART6_IRQHandler
                0x0000000008004c18                USART3_IRQHandler
                0x0000000008004c18                CAN1_RX1_IRQHandler
                0x0000000008004c18                UART5_IRQHandler
                0x0000000008004c18                DMA2_Stream0_IRQHandler
                0x0000000008004c18                TIM4_IRQHandler
                0x0000000008004c18                QUADSPI_IRQHandler
                0x0000000008004c18                I2C1_EV_IRQHandler
                0x0000000008004c18                DMA1_Stream6_IRQHandler
                0x0000000008004c18                DMA1_Stream1_IRQHandler
                0x0000000008004c18                UART4_IRQHandler
                0x0000000008004c18                TIM3_IRQHandler
                0x0000000008004c18                RCC_IRQHandler
                0x0000000008004c18                TIM8_BRK_TIM12_IRQHandler
                0x0000000008004c18                Default_Handler
                0x0000000008004c18                CEC_IRQHandler
                0x0000000008004c18                EXTI15_10_IRQHandler
                0x0000000008004c18                ADC_IRQHandler
                0x0000000008004c18                DMA1_Stream7_IRQHandler
                0x0000000008004c18                SPI5_IRQHandler
                0x0000000008004c18                TIM7_IRQHandler
                0x0000000008004c18                SDMMC1_IRQHandler
                0x0000000008004c18                CAN2_TX_IRQHandler
                0x0000000008004c18                TIM5_IRQHandler
                0x0000000008004c18                DMA2_Stream7_IRQHandler
                0x0000000008004c18                I2C3_EV_IRQHandler
                0x0000000008004c18                EXTI9_5_IRQHandler
                0x0000000008004c18                RTC_WKUP_IRQHandler
                0x0000000008004c18                ETH_WKUP_IRQHandler
                0x0000000008004c18                SPDIF_RX_IRQHandler
                0x0000000008004c18                SPI2_IRQHandler
                0x0000000008004c18                OTG_HS_EP1_IN_IRQHandler
                0x0000000008004c18                DMA1_Stream0_IRQHandler
                0x0000000008004c18                CAN1_TX_IRQHandler
                0x0000000008004c18                EXTI4_IRQHandler
                0x0000000008004c18                RNG_IRQHandler
                0x0000000008004c18                ETH_IRQHandler
                0x0000000008004c18                OTG_HS_EP1_OUT_IRQHandler
                0x0000000008004c18                WWDG_IRQHandler
                0x0000000008004c18                SPI6_IRQHandler
                0x0000000008004c18                I2C4_EV_IRQHandler
                0x0000000008004c18                TIM2_IRQHandler
                0x0000000008004c18                OTG_FS_WKUP_IRQHandler
                0x0000000008004c18                TIM1_TRG_COM_TIM11_IRQHandler
                0x0000000008004c18                OTG_HS_IRQHandler
                0x0000000008004c18                DMA2D_IRQHandler
                0x0000000008004c18                EXTI1_IRQHandler
                0x0000000008004c18                USART2_IRQHandler
                0x0000000008004c18                I2C2_ER_IRQHandler
                0x0000000008004c18                DMA2_Stream1_IRQHandler
                0x0000000008004c18                CAN1_SCE_IRQHandler
                0x0000000008004c18                FLASH_IRQHandler
                0x0000000008004c18                DMA2_Stream4_IRQHandler
                0x0000000008004c18                OTG_FS_IRQHandler
                0x0000000008004c18                SPI3_IRQHandler
                0x0000000008004c18                DMA1_Stream4_IRQHandler
                0x0000000008004c18                I2C1_ER_IRQHandler
                0x0000000008004c18                FMC_IRQHandler
                0x0000000008004c18                LPTIM1_IRQHandler
                0x0000000008004c18                I2C4_ER_IRQHandler
                0x0000000008004c18                DMA2_Stream6_IRQHandler
                0x0000000008004c18                SAI1_IRQHandler
                0x0000000008004c18                DMA1_Stream3_IRQHandler
 .text.HAL_Init
                0x0000000008004c1a       0x1a Drivers/STM32F7xx_HAL_Driver/Src/stm32f7xx_hal.o
                0x0000000008004c1a                HAL_Init
 .text.HAL_IncTick
                0x0000000008004c34       0x28 Drivers/STM32F7xx_HAL_Driver/Src/stm32f7xx_hal.o
                0x0000000008004c34                HAL_IncTick
 .text.HAL_GetTick
                0x0000000008004c5c       0x18 Drivers/STM32F7xx_HAL_Driver/Src/stm32f7xx_hal.o
                0x0000000008004c5c                HAL_GetTick
 .text.HAL_Delay
                0x0000000008004c74       0x44 Drivers/STM32F7xx_HAL_Driver/Src/stm32f7xx_hal.o
                0x0000000008004c74                HAL_Delay
 .text.HAL_ADC_Init
                0x0000000008004cb8       0x88 Drivers/STM32F7xx_HAL_Driver/Src/stm32f7xx_hal_adc.o
                0x0000000008004cb8                HAL_ADC_Init
 .text.HAL_ADC_Start
                0x0000000008004d40      0x180 Drivers/STM32F7xx_HAL_Driver/Src/stm32f7xx_hal_adc.o
                0x0000000008004d40                HAL_ADC_Start
 .text.HAL_ADC_PollForConversion
                0x0000000008004ec0      0x108 Drivers/STM32F7xx_HAL_Driver/Src/stm32f7xx_hal_adc.o
                0x0000000008004ec0                HAL_ADC_PollForConversion
 .text.HAL_ADC_GetValue
                0x0000000008004fc8       0x1a Drivers/STM32F7xx_HAL_Driver/Src/stm32f7xx_hal_adc.o
                0x0000000008004fc8                HAL_ADC_GetValue
 *fill*         0x0000000008004fe2        0x2 
 .text.HAL_ADC_ConfigChannel
                0x0000000008004fe4      0x294 Drivers/STM32F7xx_HAL_Driver/Src/stm32f7xx_hal_adc.o
                0x0000000008004fe4                HAL_ADC_ConfigChannel
 .text.ADC_Init
                0x0000000008005278      0x1f4 Drivers/STM32F7xx_HAL_Driver/Src/stm32f7xx_hal_adc.o
 .text.__NVIC_SetPriorityGrouping
                0x000000000800546c       0x48 Drivers/STM32F7xx_HAL_Driver/Src/stm32f7xx_hal_cortex.o
 .text.__NVIC_GetPriorityGrouping
                0x00000000080054b4       0x1c Drivers/STM32F7xx_HAL_Driver/Src/stm32f7xx_hal_cortex.o
 .text.__NVIC_EnableIRQ
                0x00000000080054d0       0x3c Drivers/STM32F7xx_HAL_Driver/Src/stm32f7xx_hal_cortex.o
 .text.__NVIC_SetPriority
                0x000000000800550c       0x54 Drivers/STM32F7xx_HAL_Driver/Src/stm32f7xx_hal_cortex.o
 .text.NVIC_EncodePriority
                0x0000000008005560       0x66 Drivers/STM32F7xx_HAL_Driver/Src/stm32f7xx_hal_cortex.o
 .text.HAL_NVIC_SetPriorityGrouping
                0x00000000080055c6       0x16 Drivers/STM32F7xx_HAL_Driver/Src/stm32f7xx_hal_cortex.o
                0x00000000080055c6                HAL_NVIC_SetPriorityGrouping
 .text.HAL_NVIC_SetPriority
                0x00000000080055dc       0x38 Drivers/STM32F7xx_HAL_Driver/Src/stm32f7xx_hal_cortex.o
                0x00000000080055dc                HAL_NVIC_SetPriority
 .text.HAL_NVIC_EnableIRQ
                0x0000000008005614       0x1c Drivers/STM32F7xx_HAL_Driver/Src/stm32f7xx_hal_cortex.o
                0x0000000008005614                HAL_NVIC_EnableIRQ
 .text.HAL_DAC_Init
                0x0000000008005630       0x44 Drivers/STM32F7xx_HAL_Driver/Src/stm32f7xx_hal_dac.o
                0x0000000008005630                HAL_DAC_Init
 .text.HAL_DAC_IRQHandler
                0x0000000008005674       0x94 Drivers/STM32F7xx_HAL_Driver/Src/stm32f7xx_hal_dac.o
                0x0000000008005674                HAL_DAC_IRQHandler
 .text.HAL_DAC_DMAUnderrunCallbackCh1
                0x0000000008005708       0x14 Drivers/STM32F7xx_HAL_Driver/Src/stm32f7xx_hal_dac.o
                0x0000000008005708                HAL_DAC_DMAUnderrunCallbackCh1
 .text.HAL_DAC_ConfigChannel
                0x000000000800571c       0x9a Drivers/STM32F7xx_HAL_Driver/Src/stm32f7xx_hal_dac.o
                0x000000000800571c                HAL_DAC_ConfigChannel
 .text.HAL_DACEx_DMAUnderrunCallbackCh2
                0x00000000080057b6       0x14 Drivers/STM32F7xx_HAL_Driver/Src/stm32f7xx_hal_dac_ex.o
                0x00000000080057b6                HAL_DACEx_DMAUnderrunCallbackCh2
 *fill*         0x00000000080057ca        0x2 
 .text.HAL_DMA_Init
                0x00000000080057cc      0x15c Drivers/STM32F7xx_HAL_Driver/Src/stm32f7xx_hal_dma.o
                0x00000000080057cc                HAL_DMA_Init
 .text.HAL_DMA_DeInit
                0x0000000008005928       0xbc Drivers/STM32F7xx_HAL_Driver/Src/stm32f7xx_hal_dma.o
                0x0000000008005928                HAL_DMA_DeInit
 .text.HAL_DMA_Abort_IT
                0x00000000080059e4       0x44 Drivers/STM32F7xx_HAL_Driver/Src/stm32f7xx_hal_dma.o
                0x00000000080059e4                HAL_DMA_Abort_IT
 .text.DMA_CalcBaseAndBitshift
                0x0000000008005a28       0x6c Drivers/STM32F7xx_HAL_Driver/Src/stm32f7xx_hal_dma.o
 .text.DMA_CheckFifoParam
                0x0000000008005a94       0xf4 Drivers/STM32F7xx_HAL_Driver/Src/stm32f7xx_hal_dma.o
 .text.HAL_DMA2D_Init
                0x0000000008005b88       0x94 Drivers/STM32F7xx_HAL_Driver/Src/stm32f7xx_hal_dma2d.o
                0x0000000008005b88                HAL_DMA2D_Init
 .text.HAL_DMA2D_Start
                0x0000000008005c1c       0x56 Drivers/STM32F7xx_HAL_Driver/Src/stm32f7xx_hal_dma2d.o
                0x0000000008005c1c                HAL_DMA2D_Start
 .text.HAL_DMA2D_PollForTransfer
                0x0000000008005c72      0x1d2 Drivers/STM32F7xx_HAL_Driver/Src/stm32f7xx_hal_dma2d.o
                0x0000000008005c72                HAL_DMA2D_PollForTransfer
 .text.HAL_DMA2D_ConfigLayer
                0x0000000008005e44      0x124 Drivers/STM32F7xx_HAL_Driver/Src/stm32f7xx_hal_dma2d.o
                0x0000000008005e44                HAL_DMA2D_ConfigLayer
 .text.DMA2D_SetConfig
                0x0000000008005f68      0x138 Drivers/STM32F7xx_HAL_Driver/Src/stm32f7xx_hal_dma2d.o
 .text.HAL_GPIO_Init
                0x00000000080060a0      0x354 Drivers/STM32F7xx_HAL_Driver/Src/stm32f7xx_hal_gpio.o
                0x00000000080060a0                HAL_GPIO_Init
 .text.HAL_GPIO_DeInit
                0x00000000080063f4      0x214 Drivers/STM32F7xx_HAL_Driver/Src/stm32f7xx_hal_gpio.o
                0x00000000080063f4                HAL_GPIO_DeInit
 .text.HAL_GPIO_ReadPin
                0x0000000008006608       0x30 Drivers/STM32F7xx_HAL_Driver/Src/stm32f7xx_hal_gpio.o
                0x0000000008006608                HAL_GPIO_ReadPin
 .text.HAL_GPIO_WritePin
                0x0000000008006638       0x32 Drivers/STM32F7xx_HAL_Driver/Src/stm32f7xx_hal_gpio.o
                0x0000000008006638                HAL_GPIO_WritePin
 *fill*         0x000000000800666a        0x2 
 .text.HAL_I2C_Init
                0x000000000800666c      0x120 Drivers/STM32F7xx_HAL_Driver/Src/stm32f7xx_hal_i2c.o
                0x000000000800666c                HAL_I2C_Init
 .text.HAL_I2C_DeInit
                0x000000000800678c       0x5e Drivers/STM32F7xx_HAL_Driver/Src/stm32f7xx_hal_i2c.o
                0x000000000800678c                HAL_I2C_DeInit
 *fill*         0x00000000080067ea        0x2 
 .text.HAL_I2C_Mem_Write
                0x00000000080067ec      0x228 Drivers/STM32F7xx_HAL_Driver/Src/stm32f7xx_hal_i2c.o
                0x00000000080067ec                HAL_I2C_Mem_Write
 .text.HAL_I2C_Mem_Read
                0x0000000008006a14      0x234 Drivers/STM32F7xx_HAL_Driver/Src/stm32f7xx_hal_i2c.o
                0x0000000008006a14                HAL_I2C_Mem_Read
 .text.HAL_I2C_GetState
                0x0000000008006c48       0x1c Drivers/STM32F7xx_HAL_Driver/Src/stm32f7xx_hal_i2c.o
                0x0000000008006c48                HAL_I2C_GetState
 .text.I2C_RequestMemoryWrite
                0x0000000008006c64       0xa8 Drivers/STM32F7xx_HAL_Driver/Src/stm32f7xx_hal_i2c.o
 .text.I2C_RequestMemoryRead
                0x0000000008006d0c       0xa8 Drivers/STM32F7xx_HAL_Driver/Src/stm32f7xx_hal_i2c.o
 .text.I2C_Flush_TXDR
                0x0000000008006db4       0x48 Drivers/STM32F7xx_HAL_Driver/Src/stm32f7xx_hal_i2c.o
 .text.I2C_WaitOnFlagUntilTimeout
                0x0000000008006dfc       0x80 Drivers/STM32F7xx_HAL_Driver/Src/stm32f7xx_hal_i2c.o
 .text.I2C_WaitOnTXISFlagUntilTimeout
                0x0000000008006e7c       0x80 Drivers/STM32F7xx_HAL_Driver/Src/stm32f7xx_hal_i2c.o
 .text.I2C_WaitOnSTOPFlagUntilTimeout
                0x0000000008006efc       0x78 Drivers/STM32F7xx_HAL_Driver/Src/stm32f7xx_hal_i2c.o
 .text.I2C_IsAcknowledgeFailed
                0x0000000008006f74       0xcc Drivers/STM32F7xx_HAL_Driver/Src/stm32f7xx_hal_i2c.o
 .text.I2C_TransferConfig
                0x0000000008007040       0x5c Drivers/STM32F7xx_HAL_Driver/Src/stm32f7xx_hal_i2c.o
 .text.HAL_I2CEx_ConfigAnalogFilter
                0x000000000800709c       0x96 Drivers/STM32F7xx_HAL_Driver/Src/stm32f7xx_hal_i2c_ex.o
                0x000000000800709c                HAL_I2CEx_ConfigAnalogFilter
 .text.HAL_I2CEx_ConfigDigitalFilter
                0x0000000008007132       0x98 Drivers/STM32F7xx_HAL_Driver/Src/stm32f7xx_hal_i2c_ex.o
                0x0000000008007132                HAL_I2CEx_ConfigDigitalFilter
 *fill*         0x00000000080071ca        0x2 
 .text.HAL_LTDC_Init
                0x00000000080071cc      0x1a0 Drivers/STM32F7xx_HAL_Driver/Src/stm32f7xx_hal_ltdc.o
                0x00000000080071cc                HAL_LTDC_Init
 .text.HAL_LTDC_IRQHandler
                0x000000000800736c      0x148 Drivers/STM32F7xx_HAL_Driver/Src/stm32f7xx_hal_ltdc.o
                0x000000000800736c                HAL_LTDC_IRQHandler
 .text.HAL_LTDC_ErrorCallback
                0x00000000080074b4       0x14 Drivers/STM32F7xx_HAL_Driver/Src/stm32f7xx_hal_ltdc.o
                0x00000000080074b4                HAL_LTDC_ErrorCallback
 .text.HAL_LTDC_LineEventCallback
                0x00000000080074c8       0x14 Drivers/STM32F7xx_HAL_Driver/Src/stm32f7xx_hal_ltdc.o
                0x00000000080074c8                HAL_LTDC_LineEventCallback
 .text.HAL_LTDC_ReloadEventCallback
                0x00000000080074dc       0x14 Drivers/STM32F7xx_HAL_Driver/Src/stm32f7xx_hal_ltdc.o
                0x00000000080074dc                HAL_LTDC_ReloadEventCallback
 .text.HAL_LTDC_ConfigLayer
                0x00000000080074f0       0x7c Drivers/STM32F7xx_HAL_Driver/Src/stm32f7xx_hal_ltdc.o
                0x00000000080074f0                HAL_LTDC_ConfigLayer
 .text.HAL_LTDC_GetState
                0x000000000800756c       0x1c Drivers/STM32F7xx_HAL_Driver/Src/stm32f7xx_hal_ltdc.o
                0x000000000800756c                HAL_LTDC_GetState
 .text.LTDC_SetConfig
                0x0000000008007588      0x334 Drivers/STM32F7xx_HAL_Driver/Src/stm32f7xx_hal_ltdc.o
 .text.HAL_PWR_EnableBkUpAccess
                0x00000000080078bc       0x20 Drivers/STM32F7xx_HAL_Driver/Src/stm32f7xx_hal_pwr.o
                0x00000000080078bc                HAL_PWR_EnableBkUpAccess
 .text.HAL_PWREx_EnableOverDrive
                0x00000000080078dc       0xa0 Drivers/STM32F7xx_HAL_Driver/Src/stm32f7xx_hal_pwr_ex.o
                0x00000000080078dc                HAL_PWREx_EnableOverDrive
 .text.HAL_RCC_OscConfig
                0x000000000800797c      0x548 Drivers/STM32F7xx_HAL_Driver/Src/stm32f7xx_hal_rcc.o
                0x000000000800797c                HAL_RCC_OscConfig
 .text.HAL_RCC_ClockConfig
                0x0000000008007ec4      0x1d8 Drivers/STM32F7xx_HAL_Driver/Src/stm32f7xx_hal_rcc.o
                0x0000000008007ec4                HAL_RCC_ClockConfig
 .text.HAL_RCC_GetSysClockFreq
                0x000000000800809c      0x164 Drivers/STM32F7xx_HAL_Driver/Src/stm32f7xx_hal_rcc.o
                0x000000000800809c                HAL_RCC_GetSysClockFreq
 .text.HAL_RCC_GetHCLKFreq
                0x0000000008008200       0x18 Drivers/STM32F7xx_HAL_Driver/Src/stm32f7xx_hal_rcc.o
                0x0000000008008200                HAL_RCC_GetHCLKFreq
 .text.HAL_RCC_GetPCLK1Freq
                0x0000000008008218       0x28 Drivers/STM32F7xx_HAL_Driver/Src/stm32f7xx_hal_rcc.o
                0x0000000008008218                HAL_RCC_GetPCLK1Freq
 .text.HAL_RCC_GetPCLK2Freq
                0x0000000008008240       0x28 Drivers/STM32F7xx_HAL_Driver/Src/stm32f7xx_hal_rcc.o
                0x0000000008008240                HAL_RCC_GetPCLK2Freq
 .text.HAL_RCC_GetClockConfig
                0x0000000008008268       0x64 Drivers/STM32F7xx_HAL_Driver/Src/stm32f7xx_hal_rcc.o
                0x0000000008008268                HAL_RCC_GetClockConfig
 .text.HAL_RCCEx_PeriphCLKConfig
                0x00000000080082cc      0x7dc Drivers/STM32F7xx_HAL_Driver/Src/stm32f7xx_hal_rcc_ex.o
                0x00000000080082cc                HAL_RCCEx_PeriphCLKConfig
 .text.HAL_RTC_Init
                0x0000000008008aa8       0xf8 Drivers/STM32F7xx_HAL_Driver/Src/stm32f7xx_hal_rtc.o
                0x0000000008008aa8                HAL_RTC_Init
 .text.HAL_RTC_SetTime
                0x0000000008008ba0      0x17c Drivers/STM32F7xx_HAL_Driver/Src/stm32f7xx_hal_rtc.o
                0x0000000008008ba0                HAL_RTC_SetTime
 .text.HAL_RTC_GetTime
                0x0000000008008d1c       0xbc Drivers/STM32F7xx_HAL_Driver/Src/stm32f7xx_hal_rtc.o
                0x0000000008008d1c                HAL_RTC_GetTime
 .text.HAL_RTC_SetDate
                0x0000000008008dd8      0x150 Drivers/STM32F7xx_HAL_Driver/Src/stm32f7xx_hal_rtc.o
                0x0000000008008dd8                HAL_RTC_SetDate
 .text.HAL_RTC_GetDate
                0x0000000008008f28       0xa0 Drivers/STM32F7xx_HAL_Driver/Src/stm32f7xx_hal_rtc.o
                0x0000000008008f28                HAL_RTC_GetDate
 .text.HAL_RTC_SetAlarm
                0x0000000008008fc8      0x230 Drivers/STM32F7xx_HAL_Driver/Src/stm32f7xx_hal_rtc.o
                0x0000000008008fc8                HAL_RTC_SetAlarm
 .text.HAL_RTC_WaitForSynchro
                0x00000000080091f8       0x50 Drivers/STM32F7xx_HAL_Driver/Src/stm32f7xx_hal_rtc.o
                0x00000000080091f8                HAL_RTC_WaitForSynchro
 .text.RTC_EnterInitMode
                0x0000000008009248       0x58 Drivers/STM32F7xx_HAL_Driver/Src/stm32f7xx_hal_rtc.o
                0x0000000008009248                RTC_EnterInitMode
 .text.RTC_ByteToBcd2
                0x00000000080092a0       0x3c Drivers/STM32F7xx_HAL_Driver/Src/stm32f7xx_hal_rtc.o
                0x00000000080092a0                RTC_ByteToBcd2
 .text.RTC_Bcd2ToByte
                0x00000000080092dc       0x3c Drivers/STM32F7xx_HAL_Driver/Src/stm32f7xx_hal_rtc.o
                0x00000000080092dc                RTC_Bcd2ToByte
 .text.HAL_RTCEx_SetTimeStamp
                0x0000000008009318       0xac Drivers/STM32F7xx_HAL_Driver/Src/stm32f7xx_hal_rtc_ex.o
                0x0000000008009318                HAL_RTCEx_SetTimeStamp
 .text.HAL_SDRAM_Init
                0x00000000080093c4       0x68 Drivers/STM32F7xx_HAL_Driver/Src/stm32f7xx_hal_sdram.o
                0x00000000080093c4                HAL_SDRAM_Init
 .text.HAL_SDRAM_SendCommand
                0x000000000800942c       0x56 Drivers/STM32F7xx_HAL_Driver/Src/stm32f7xx_hal_sdram.o
                0x000000000800942c                HAL_SDRAM_SendCommand
 .text.HAL_SDRAM_ProgramRefreshRate
                0x0000000008009482       0x40 Drivers/STM32F7xx_HAL_Driver/Src/stm32f7xx_hal_sdram.o
                0x0000000008009482                HAL_SDRAM_ProgramRefreshRate
 .text.HAL_SPI_Init
                0x00000000080094c2      0x124 Drivers/STM32F7xx_HAL_Driver/Src/stm32f7xx_hal_spi.o
                0x00000000080094c2                HAL_SPI_Init
 .text.HAL_TIM_Base_Init
                0x00000000080095e6       0x56 Drivers/STM32F7xx_HAL_Driver/Src/stm32f7xx_hal_tim.o
                0x00000000080095e6                HAL_TIM_Base_Init
 .text.HAL_TIM_Base_Start_IT
                0x000000000800963c       0x54 Drivers/STM32F7xx_HAL_Driver/Src/stm32f7xx_hal_tim.o
                0x000000000800963c                HAL_TIM_Base_Start_IT
 .text.HAL_TIM_PWM_Init
                0x0000000008009690       0x56 Drivers/STM32F7xx_HAL_Driver/Src/stm32f7xx_hal_tim.o
                0x0000000008009690                HAL_TIM_PWM_Init
 .text.HAL_TIM_PWM_MspInit
                0x00000000080096e6       0x14 Drivers/STM32F7xx_HAL_Driver/Src/stm32f7xx_hal_tim.o
                0x00000000080096e6                HAL_TIM_PWM_MspInit
 .text.HAL_TIM_IRQHandler
                0x00000000080096fa      0x23e Drivers/STM32F7xx_HAL_Driver/Src/stm32f7xx_hal_tim.o
                0x00000000080096fa                HAL_TIM_IRQHandler
 .text.HAL_TIM_PWM_ConfigChannel
                0x0000000008009938      0x230 Drivers/STM32F7xx_HAL_Driver/Src/stm32f7xx_hal_tim.o
                0x0000000008009938                HAL_TIM_PWM_ConfigChannel
 .text.HAL_TIM_ConfigClockSource
                0x0000000008009b68      0x174 Drivers/STM32F7xx_HAL_Driver/Src/stm32f7xx_hal_tim.o
                0x0000000008009b68                HAL_TIM_ConfigClockSource
 .text.HAL_TIM_SlaveConfigSynchro
                0x0000000008009cdc       0x84 Drivers/STM32F7xx_HAL_Driver/Src/stm32f7xx_hal_tim.o
                0x0000000008009cdc                HAL_TIM_SlaveConfigSynchro
 .text.HAL_TIM_OC_DelayElapsedCallback
                0x0000000008009d60       0x14 Drivers/STM32F7xx_HAL_Driver/Src/stm32f7xx_hal_tim.o
                0x0000000008009d60                HAL_TIM_OC_DelayElapsedCallback
 .text.HAL_TIM_IC_CaptureCallback
                0x0000000008009d74       0x14 Drivers/STM32F7xx_HAL_Driver/Src/stm32f7xx_hal_tim.o
                0x0000000008009d74                HAL_TIM_IC_CaptureCallback
 .text.HAL_TIM_PWM_PulseFinishedCallback
                0x0000000008009d88       0x14 Drivers/STM32F7xx_HAL_Driver/Src/stm32f7xx_hal_tim.o
                0x0000000008009d88                HAL_TIM_PWM_PulseFinishedCallback
 .text.HAL_TIM_TriggerCallback
                0x0000000008009d9c       0x14 Drivers/STM32F7xx_HAL_Driver/Src/stm32f7xx_hal_tim.o
                0x0000000008009d9c                HAL_TIM_TriggerCallback
 .text.TIM_Base_SetConfig
                0x0000000008009db0      0x140 Drivers/STM32F7xx_HAL_Driver/Src/stm32f7xx_hal_tim.o
                0x0000000008009db0                TIM_Base_SetConfig
 .text.TIM_OC1_SetConfig
                0x0000000008009ef0       0xe4 Drivers/STM32F7xx_HAL_Driver/Src/stm32f7xx_hal_tim.o
 .text.TIM_OC2_SetConfig
                0x0000000008009fd4       0xf0 Drivers/STM32F7xx_HAL_Driver/Src/stm32f7xx_hal_tim.o
                0x0000000008009fd4                TIM_OC2_SetConfig
 .text.TIM_OC3_SetConfig
                0x000000000800a0c4       0xec Drivers/STM32F7xx_HAL_Driver/Src/stm32f7xx_hal_tim.o
 .text.TIM_OC4_SetConfig
                0x000000000800a1b0       0xb0 Drivers/STM32F7xx_HAL_Driver/Src/stm32f7xx_hal_tim.o
 .text.TIM_OC5_SetConfig
                0x000000000800a260       0xa4 Drivers/STM32F7xx_HAL_Driver/Src/stm32f7xx_hal_tim.o
 .text.TIM_OC6_SetConfig
                0x000000000800a304       0xa8 Drivers/STM32F7xx_HAL_Driver/Src/stm32f7xx_hal_tim.o
 .text.TIM_SlaveTimer_SetConfig
                0x000000000800a3ac      0x110 Drivers/STM32F7xx_HAL_Driver/Src/stm32f7xx_hal_tim.o
 .text.TIM_TI1_ConfigInputStage
                0x000000000800a4bc       0x5e Drivers/STM32F7xx_HAL_Driver/Src/stm32f7xx_hal_tim.o
 .text.TIM_TI2_ConfigInputStage
                0x000000000800a51a       0x60 Drivers/STM32F7xx_HAL_Driver/Src/stm32f7xx_hal_tim.o
 .text.TIM_ITRx_SetConfig
                0x000000000800a57a       0x36 Drivers/STM32F7xx_HAL_Driver/Src/stm32f7xx_hal_tim.o
 .text.TIM_ETR_SetConfig
                0x000000000800a5b0       0x40 Drivers/STM32F7xx_HAL_Driver/Src/stm32f7xx_hal_tim.o
                0x000000000800a5b0                TIM_ETR_SetConfig
 .text.HAL_TIMEx_MasterConfigSynchronization
                0x000000000800a5f0      0x11c Drivers/STM32F7xx_HAL_Driver/Src/stm32f7xx_hal_tim_ex.o
                0x000000000800a5f0                HAL_TIMEx_MasterConfigSynchronization
 .text.HAL_TIMEx_ConfigBreakDeadTime
                0x000000000800a70c       0xfc Drivers/STM32F7xx_HAL_Driver/Src/stm32f7xx_hal_tim_ex.o
                0x000000000800a70c                HAL_TIMEx_ConfigBreakDeadTime
 .text.HAL_TIMEx_CommutCallback
                0x000000000800a808       0x14 Drivers/STM32F7xx_HAL_Driver/Src/stm32f7xx_hal_tim_ex.o
                0x000000000800a808                HAL_TIMEx_CommutCallback
 .text.HAL_TIMEx_BreakCallback
                0x000000000800a81c       0x14 Drivers/STM32F7xx_HAL_Driver/Src/stm32f7xx_hal_tim_ex.o
                0x000000000800a81c                HAL_TIMEx_BreakCallback
 .text.HAL_TIMEx_Break2Callback
                0x000000000800a830       0x14 Drivers/STM32F7xx_HAL_Driver/Src/stm32f7xx_hal_tim_ex.o
                0x000000000800a830                HAL_TIMEx_Break2Callback
 .text.HAL_UART_Init
                0x000000000800a844       0x9c Drivers/STM32F7xx_HAL_Driver/Src/stm32f7xx_hal_uart.o
                0x000000000800a844                HAL_UART_Init
 .text.HAL_UART_Transmit_IT
                0x000000000800a8e0       0xb8 Drivers/STM32F7xx_HAL_Driver/Src/stm32f7xx_hal_uart.o
                0x000000000800a8e0                HAL_UART_Transmit_IT
 .text.HAL_UART_Receive_IT
                0x000000000800a998      0x144 Drivers/STM32F7xx_HAL_Driver/Src/stm32f7xx_hal_uart.o
                0x000000000800a998                HAL_UART_Receive_IT
 .text.HAL_UART_IRQHandler
                0x000000000800aadc      0x264 Drivers/STM32F7xx_HAL_Driver/Src/stm32f7xx_hal_uart.o
                0x000000000800aadc                HAL_UART_IRQHandler
 .text.HAL_UART_TxCpltCallback
                0x000000000800ad40       0x14 Drivers/STM32F7xx_HAL_Driver/Src/stm32f7xx_hal_uart.o
                0x000000000800ad40                HAL_UART_TxCpltCallback
 .text.HAL_UART_ErrorCallback
                0x000000000800ad54       0x14 Drivers/STM32F7xx_HAL_Driver/Src/stm32f7xx_hal_uart.o
                0x000000000800ad54                HAL_UART_ErrorCallback
 .text.UART_SetConfig
                0x000000000800ad68      0x554 Drivers/STM32F7xx_HAL_Driver/Src/stm32f7xx_hal_uart.o
                0x000000000800ad68                UART_SetConfig
 .text.UART_AdvFeatureConfig
                0x000000000800b2bc      0x144 Drivers/STM32F7xx_HAL_Driver/Src/stm32f7xx_hal_uart.o
                0x000000000800b2bc                UART_AdvFeatureConfig
 .text.UART_CheckIdleState
                0x000000000800b400       0x5e Drivers/STM32F7xx_HAL_Driver/Src/stm32f7xx_hal_uart.o
                0x000000000800b400                UART_CheckIdleState
 .text.UART_WaitOnFlagUntilTimeout
                0x000000000800b45e       0xf6 Drivers/STM32F7xx_HAL_Driver/Src/stm32f7xx_hal_uart.o
                0x000000000800b45e                UART_WaitOnFlagUntilTimeout
 .text.UART_EndRxTransfer
                0x000000000800b554       0x40 Drivers/STM32F7xx_HAL_Driver/Src/stm32f7xx_hal_uart.o
 .text.UART_DMAAbortOnError
                0x000000000800b594       0x2c Drivers/STM32F7xx_HAL_Driver/Src/stm32f7xx_hal_uart.o
 .text.UART_TxISR_8BIT
                0x000000000800b5c0       0x72 Drivers/STM32F7xx_HAL_Driver/Src/stm32f7xx_hal_uart.o
 .text.UART_TxISR_16BIT
                0x000000000800b632       0x7c Drivers/STM32F7xx_HAL_Driver/Src/stm32f7xx_hal_uart.o
 .text.UART_EndTransmit_IT
                0x000000000800b6ae       0x32 Drivers/STM32F7xx_HAL_Driver/Src/stm32f7xx_hal_uart.o
 .text.UART_RxISR_8BIT
                0x000000000800b6e0       0xa6 Drivers/STM32F7xx_HAL_Driver/Src/stm32f7xx_hal_uart.o
 .text.UART_RxISR_16BIT
                0x000000000800b786       0xa6 Drivers/STM32F7xx_HAL_Driver/Src/stm32f7xx_hal_uart.o
 .text.FMC_SDRAM_Init
                0x000000000800b82c       0xe4 Drivers/STM32F7xx_HAL_Driver/Src/stm32f7xx_ll_fmc.o
                0x000000000800b82c                FMC_SDRAM_Init
 .text.FMC_SDRAM_Timing_Init
                0x000000000800b910      0x100 Drivers/STM32F7xx_HAL_Driver/Src/stm32f7xx_ll_fmc.o
                0x000000000800b910                FMC_SDRAM_Timing_Init
 .text.FMC_SDRAM_SendCommand
                0x000000000800ba10       0x42 Drivers/STM32F7xx_HAL_Driver/Src/stm32f7xx_ll_fmc.o
                0x000000000800ba10                FMC_SDRAM_SendCommand
 .text.FMC_SDRAM_ProgramRefreshRate
                0x000000000800ba52       0x26 Drivers/STM32F7xx_HAL_Driver/Src/stm32f7xx_ll_fmc.o
                0x000000000800ba52                FMC_SDRAM_ProgramRefreshRate
 .text.makeFreeRtosPriority
                0x000000000800ba78       0x30 Middlewares/Third_Party/FreeRTOS/Source/CMSIS_RTOS/cmsis_os.o
 .text.osKernelStart
                0x000000000800baa8        0xe Middlewares/Third_Party/FreeRTOS/Source/CMSIS_RTOS/cmsis_os.o
                0x000000000800baa8                osKernelStart
 .text.osThreadCreate
                0x000000000800bab6       0x98 Middlewares/Third_Party/FreeRTOS/Source/CMSIS_RTOS/cmsis_os.o
                0x000000000800bab6                osThreadCreate
 .text.osDelay  0x000000000800bb4e       0x28 Middlewares/Third_Party/FreeRTOS/Source/CMSIS_RTOS/cmsis_os.o
                0x000000000800bb4e                osDelay
 .text.osMutexCreate
                0x000000000800bb76       0x30 Middlewares/Third_Party/FreeRTOS/Source/CMSIS_RTOS/cmsis_os.o
                0x000000000800bb76                osMutexCreate
 .text.osMessageCreate
                0x000000000800bba6       0x52 Middlewares/Third_Party/FreeRTOS/Source/CMSIS_RTOS/cmsis_os.o
                0x000000000800bba6                osMessageCreate
 .text.vListInitialise
                0x000000000800bbf8       0x40 Middlewares/Third_Party/FreeRTOS/Source/list.o
                0x000000000800bbf8                vListInitialise
 .text.vListInitialiseItem
                0x000000000800bc38       0x1a Middlewares/Third_Party/FreeRTOS/Source/list.o
                0x000000000800bc38                vListInitialiseItem
 .text.vListInsertEnd
                0x000000000800bc52       0x48 Middlewares/Third_Party/FreeRTOS/Source/list.o
                0x000000000800bc52                vListInsertEnd
 .text.vListInsert
                0x000000000800bc9a       0x72 Middlewares/Third_Party/FreeRTOS/Source/list.o
                0x000000000800bc9a                vListInsert
 .text.uxListRemove
                0x000000000800bd0c       0x54 Middlewares/Third_Party/FreeRTOS/Source/list.o
                0x000000000800bd0c                uxListRemove
 .text.xQueueGenericReset
                0x000000000800bd60       0xd4 Middlewares/Third_Party/FreeRTOS/Source/queue.o
                0x000000000800bd60                xQueueGenericReset
 .text.xQueueGenericCreateStatic
                0x000000000800be34       0xfa Middlewares/Third_Party/FreeRTOS/Source/queue.o
                0x000000000800be34                xQueueGenericCreateStatic
 .text.xQueueGenericCreate
                0x000000000800bf2e       0x82 Middlewares/Third_Party/FreeRTOS/Source/queue.o
                0x000000000800bf2e                xQueueGenericCreate
 .text.prvInitialiseNewQueue
                0x000000000800bfb0       0x3e Middlewares/Third_Party/FreeRTOS/Source/queue.o
 .text.prvInitialiseMutex
                0x000000000800bfee       0x34 Middlewares/Third_Party/FreeRTOS/Source/queue.o
 .text.xQueueCreateMutex
                0x000000000800c022       0x30 Middlewares/Third_Party/FreeRTOS/Source/queue.o
                0x000000000800c022                xQueueCreateMutex
 .text.xQueueCreateMutexStatic
                0x000000000800c052       0x36 Middlewares/Third_Party/FreeRTOS/Source/queue.o
                0x000000000800c052                xQueueCreateMutexStatic
 .text.xQueueGenericSend
                0x000000000800c088      0x204 Middlewares/Third_Party/FreeRTOS/Source/queue.o
                0x000000000800c088                xQueueGenericSend
 .text.xQueueSemaphoreTake
                0x000000000800c28c      0x220 Middlewares/Third_Party/FreeRTOS/Source/queue.o
                0x000000000800c28c                xQueueSemaphoreTake
 .text.prvGetDisinheritPriorityAfterTimeout
                0x000000000800c4ac       0x30 Middlewares/Third_Party/FreeRTOS/Source/queue.o
 .text.prvCopyDataToQueue
                0x000000000800c4dc       0xd4 Middlewares/Third_Party/FreeRTOS/Source/queue.o
 .text.prvUnlockQueue
                0x000000000800c5b0       0xa4 Middlewares/Third_Party/FreeRTOS/Source/queue.o
 .text.prvIsQueueEmpty
                0x000000000800c654       0x2c Middlewares/Third_Party/FreeRTOS/Source/queue.o
 .text.prvIsQueueFull
                0x000000000800c680       0x30 Middlewares/Third_Party/FreeRTOS/Source/queue.o
 .text.xTaskCreateStatic
                0x000000000800c6b0       0xc0 Middlewares/Third_Party/FreeRTOS/Source/tasks.o
                0x000000000800c6b0                xTaskCreateStatic
 .text.xTaskCreate
                0x000000000800c770       0x8a Middlewares/Third_Party/FreeRTOS/Source/tasks.o
                0x000000000800c770                xTaskCreate
 .text.prvInitialiseNewTask
                0x000000000800c7fa      0x126 Middlewares/Third_Party/FreeRTOS/Source/tasks.o
 .text.prvAddNewTaskToReadyList
                0x000000000800c920       0xd4 Middlewares/Third_Party/FreeRTOS/Source/tasks.o
 .text.vTaskDelayUntil
                0x000000000800c9f4      0x100 Middlewares/Third_Party/FreeRTOS/Source/tasks.o
                0x000000000800c9f4                vTaskDelayUntil
 .text.vTaskDelay
                0x000000000800caf4       0x6c Middlewares/Third_Party/FreeRTOS/Source/tasks.o
                0x000000000800caf4                vTaskDelay
 .text.vTaskSuspend
                0x000000000800cb60      0x128 Middlewares/Third_Party/FreeRTOS/Source/tasks.o
                0x000000000800cb60                vTaskSuspend
 .text.vTaskStartScheduler
                0x000000000800cc88       0xc4 Middlewares/Third_Party/FreeRTOS/Source/tasks.o
                0x000000000800cc88                vTaskStartScheduler
 .text.vTaskSuspendAll
                0x000000000800cd4c       0x1c Middlewares/Third_Party/FreeRTOS/Source/tasks.o
                0x000000000800cd4c                vTaskSuspendAll
 .text.xTaskResumeAll
                0x000000000800cd68      0x13c Middlewares/Third_Party/FreeRTOS/Source/tasks.o
                0x000000000800cd68                xTaskResumeAll
 .text.xTaskGetTickCount
                0x000000000800cea4       0x20 Middlewares/Third_Party/FreeRTOS/Source/tasks.o
                0x000000000800cea4                xTaskGetTickCount
 .text.xTaskIncrementTick
                0x000000000800cec4      0x174 Middlewares/Third_Party/FreeRTOS/Source/tasks.o
                0x000000000800cec4                xTaskIncrementTick
 .text.vTaskSwitchContext
                0x000000000800d038      0x104 Middlewares/Third_Party/FreeRTOS/Source/tasks.o
                0x000000000800d038                vTaskSwitchContext
 .text.vTaskPlaceOnEventList
                0x000000000800d13c       0x4c Middlewares/Third_Party/FreeRTOS/Source/tasks.o
                0x000000000800d13c                vTaskPlaceOnEventList
 .text.xTaskRemoveFromEventList
                0x000000000800d188       0xc8 Middlewares/Third_Party/FreeRTOS/Source/tasks.o
                0x000000000800d188                xTaskRemoveFromEventList
 .text.vTaskInternalSetTimeOutState
                0x000000000800d250       0x2c Middlewares/Third_Party/FreeRTOS/Source/tasks.o
                0x000000000800d250                vTaskInternalSetTimeOutState
 .text.xTaskCheckForTimeOut
                0x000000000800d27c       0xc8 Middlewares/Third_Party/FreeRTOS/Source/tasks.o
                0x000000000800d27c                xTaskCheckForTimeOut
 .text.vTaskMissedYield
                0x000000000800d344       0x18 Middlewares/Third_Party/FreeRTOS/Source/tasks.o
                0x000000000800d344                vTaskMissedYield
 .text.prvIdleTask
                0x000000000800d35c       0x34 Middlewares/Third_Party/FreeRTOS/Source/tasks.o
 .text.prvInitialiseTaskLists
                0x000000000800d390       0x80 Middlewares/Third_Party/FreeRTOS/Source/tasks.o
 .text.prvCheckTasksWaitingTermination
                0x000000000800d410       0x58 Middlewares/Third_Party/FreeRTOS/Source/tasks.o
 .text.prvDeleteTCB
                0x000000000800d468       0x60 Middlewares/Third_Party/FreeRTOS/Source/tasks.o
 .text.prvResetNextTaskUnblockTime
                0x000000000800d4c8       0x40 Middlewares/Third_Party/FreeRTOS/Source/tasks.o
 .text.xTaskGetSchedulerState
                0x000000000800d508       0x3c Middlewares/Third_Party/FreeRTOS/Source/tasks.o
                0x000000000800d508                xTaskGetSchedulerState
 .text.xTaskPriorityInherit
                0x000000000800d544      0x100 Middlewares/Third_Party/FreeRTOS/Source/tasks.o
                0x000000000800d544                xTaskPriorityInherit
 .text.xTaskPriorityDisinherit
                0x000000000800d644      0x110 Middlewares/Third_Party/FreeRTOS/Source/tasks.o
                0x000000000800d644                xTaskPriorityDisinherit
 .text.vTaskPriorityDisinheritAfterTimeout
                0x000000000800d754      0x138 Middlewares/Third_Party/FreeRTOS/Source/tasks.o
                0x000000000800d754                vTaskPriorityDisinheritAfterTimeout
 .text.pvTaskIncrementMutexHeldCount
                0x000000000800d88c       0x28 Middlewares/Third_Party/FreeRTOS/Source/tasks.o
                0x000000000800d88c                pvTaskIncrementMutexHeldCount
 .text.prvAddCurrentTaskToDelayedList
                0x000000000800d8b4       0xcc Middlewares/Third_Party/FreeRTOS/Source/tasks.o
 .text.pxPortInitialiseStack
                0x000000000800d980       0x68 Middlewares/Third_Party/FreeRTOS/Source/portable/GCC/ARM_CM7/r0p1/port.o
                0x000000000800d980                pxPortInitialiseStack
 .text.prvTaskExitError
                0x000000000800d9e8       0x5c Middlewares/Third_Party/FreeRTOS/Source/portable/GCC/ARM_CM7/r0p1/port.o
 *fill*         0x000000000800da44        0xc 
 .text.SVC_Handler
                0x000000000800da50       0x28 Middlewares/Third_Party/FreeRTOS/Source/portable/GCC/ARM_CM7/r0p1/port.o
                0x000000000800da50                SVC_Handler
 .text.prvPortStartFirstTask
                0x000000000800da78       0x28 Middlewares/Third_Party/FreeRTOS/Source/portable/GCC/ARM_CM7/r0p1/port.o
 .text.xPortStartScheduler
                0x000000000800daa0       0xf8 Middlewares/Third_Party/FreeRTOS/Source/portable/GCC/ARM_CM7/r0p1/port.o
                0x000000000800daa0                xPortStartScheduler
 .text.vPortEnterCritical
                0x000000000800db98       0x64 Middlewares/Third_Party/FreeRTOS/Source/portable/GCC/ARM_CM7/r0p1/port.o
                0x000000000800db98                vPortEnterCritical
 .text.vPortExitCritical
                0x000000000800dbfc       0x54 Middlewares/Third_Party/FreeRTOS/Source/portable/GCC/ARM_CM7/r0p1/port.o
                0x000000000800dbfc                vPortExitCritical
 .text.PendSV_Handler
                0x000000000800dc50       0x68 Middlewares/Third_Party/FreeRTOS/Source/portable/GCC/ARM_CM7/r0p1/port.o
                0x000000000800dc50                PendSV_Handler
 .text.SysTick_Handler
                0x000000000800dcb8       0x44 Middlewares/Third_Party/FreeRTOS/Source/portable/GCC/ARM_CM7/r0p1/port.o
                0x000000000800dcb8                SysTick_Handler
 .text.vPortSetupTimerInterrupt
                0x000000000800dcfc       0x48 Middlewares/Third_Party/FreeRTOS/Source/portable/GCC/ARM_CM7/r0p1/port.o
                0x000000000800dcfc                vPortSetupTimerInterrupt
 .text.vPortEnableVFP
                0x000000000800dd44       0x14 Middlewares/Third_Party/FreeRTOS/Source/portable/GCC/ARM_CM7/r0p1/port.o
 .text.pvPortMalloc
                0x000000000800dd58      0x198 Middlewares/Third_Party/FreeRTOS/Source/portable/MemMang/heap_4.o
                0x000000000800dd58                pvPortMalloc
 .text.vPortFree
                0x000000000800def0       0xb8 Middlewares/Third_Party/FreeRTOS/Source/portable/MemMang/heap_4.o
                0x000000000800def0                vPortFree
 .text.prvHeapInit
                0x000000000800dfa8       0xc4 Middlewares/Third_Party/FreeRTOS/Source/portable/MemMang/heap_4.o
 .text.prvInsertBlockIntoFreeList
                0x000000000800e06c       0xb4 Middlewares/Third_Party/FreeRTOS/Source/portable/MemMang/heap_4.o
 .text.__errno  0x000000000800e120        0xc c:/st/stm32cubeide_1.5.1/stm32cubeide/plugins/com.st.stm32cube.ide.mcu.externaltools.gnu-tools-for-stm32.7-2018-q2-update.win32_1.5.0.202011040924/tools/bin/../lib/gcc/arm-none-eabi/7.3.1/../../../../arm-none-eabi/lib/thumb/v7e-m/fpv4-sp/hard\libc_nano.a(lib_a-errno.o)
                0x000000000800e120                __errno
 .text.__libc_init_array
                0x000000000800e12c       0x48 c:/st/stm32cubeide_1.5.1/stm32cubeide/plugins/com.st.stm32cube.ide.mcu.externaltools.gnu-tools-for-stm32.7-2018-q2-update.win32_1.5.0.202011040924/tools/bin/../lib/gcc/arm-none-eabi/7.3.1/../../../../arm-none-eabi/lib/thumb/v7e-m/fpv4-sp/hard\libc_nano.a(lib_a-init.o)
                0x000000000800e12c                __libc_init_array
 .text.memcpy   0x000000000800e174       0x16 c:/st/stm32cubeide_1.5.1/stm32cubeide/plugins/com.st.stm32cube.ide.mcu.externaltools.gnu-tools-for-stm32.7-2018-q2-update.win32_1.5.0.202011040924/tools/bin/../lib/gcc/arm-none-eabi/7.3.1/../../../../arm-none-eabi/lib/thumb/v7e-m/fpv4-sp/hard\libc_nano.a(lib_a-memcpy-stub.o)
                0x000000000800e174                memcpy
 .text.memset   0x000000000800e18a       0x10 c:/st/stm32cubeide_1.5.1/stm32cubeide/plugins/com.st.stm32cube.ide.mcu.externaltools.gnu-tools-for-stm32.7-2018-q2-update.win32_1.5.0.202011040924/tools/bin/../lib/gcc/arm-none-eabi/7.3.1/../../../../arm-none-eabi/lib/thumb/v7e-m/fpv4-sp/hard\libc_nano.a(lib_a-memset.o)
                0x000000000800e18a                memset
 *fill*         0x000000000800e19a        0x2 
 .text.sprintf  0x000000000800e19c       0x40 c:/st/stm32cubeide_1.5.1/stm32cubeide/plugins/com.st.stm32cube.ide.mcu.externaltools.gnu-tools-for-stm32.7-2018-q2-update.win32_1.5.0.202011040924/tools/bin/../lib/gcc/arm-none-eabi/7.3.1/../../../../arm-none-eabi/lib/thumb/v7e-m/fpv4-sp/hard\libc_nano.a(lib_a-sprintf.o)
                0x000000000800e19c                siprintf
                0x000000000800e19c                sprintf
 .text.__ssputs_r
                0x000000000800e1dc       0xb4 c:/st/stm32cubeide_1.5.1/stm32cubeide/plugins/com.st.stm32cube.ide.mcu.externaltools.gnu-tools-for-stm32.7-2018-q2-update.win32_1.5.0.202011040924/tools/bin/../lib/gcc/arm-none-eabi/7.3.1/../../../../arm-none-eabi/lib/thumb/v7e-m/fpv4-sp/hard\libc_nano.a(lib_a-nano-svfprintf.o)
                0x000000000800e1dc                __ssputs_r
 .text._svfprintf_r
                0x000000000800e290      0x1f0 c:/st/stm32cubeide_1.5.1/stm32cubeide/plugins/com.st.stm32cube.ide.mcu.externaltools.gnu-tools-for-stm32.7-2018-q2-update.win32_1.5.0.202011040924/tools/bin/../lib/gcc/arm-none-eabi/7.3.1/../../../../arm-none-eabi/lib/thumb/v7e-m/fpv4-sp/hard\libc_nano.a(lib_a-nano-svfprintf.o)
                0x000000000800e290                _svfiprintf_r
                0x000000000800e290                _svfprintf_r
 .text._printf_common
                0x000000000800e480       0xea c:/st/stm32cubeide_1.5.1/stm32cubeide/plugins/com.st.stm32cube.ide.mcu.externaltools.gnu-tools-for-stm32.7-2018-q2-update.win32_1.5.0.202011040924/tools/bin/../lib/gcc/arm-none-eabi/7.3.1/../../../../arm-none-eabi/lib/thumb/v7e-m/fpv4-sp/hard\libc_nano.a(lib_a-nano-vfprintf_i.o)
                0x000000000800e480                _printf_common
 *fill*         0x000000000800e56a        0x2 
 .text._printf_i
                0x000000000800e56c      0x224 c:/st/stm32cubeide_1.5.1/stm32cubeide/plugins/com.st.stm32cube.ide.mcu.externaltools.gnu-tools-for-stm32.7-2018-q2-update.win32_1.5.0.202011040924/tools/bin/../lib/gcc/arm-none-eabi/7.3.1/../../../../arm-none-eabi/lib/thumb/v7e-m/fpv4-sp/hard\libc_nano.a(lib_a-nano-vfprintf_i.o)
                0x000000000800e56c                _printf_i
 .text.memmove  0x000000000800e790       0x32 c:/st/stm32cubeide_1.5.1/stm32cubeide/plugins/com.st.stm32cube.ide.mcu.externaltools.gnu-tools-for-stm32.7-2018-q2-update.win32_1.5.0.202011040924/tools/bin/../lib/gcc/arm-none-eabi/7.3.1/../../../../arm-none-eabi/lib/thumb/v7e-m/fpv4-sp/hard\libc_nano.a(lib_a-memmove.o)
                0x000000000800e790                memmove
 *fill*         0x000000000800e7c2        0x2 
 .text._free_r  0x000000000800e7c4       0x9c c:/st/stm32cubeide_1.5.1/stm32cubeide/plugins/com.st.stm32cube.ide.mcu.externaltools.gnu-tools-for-stm32.7-2018-q2-update.win32_1.5.0.202011040924/tools/bin/../lib/gcc/arm-none-eabi/7.3.1/../../../../arm-none-eabi/lib/thumb/v7e-m/fpv4-sp/hard\libc_nano.a(lib_a-nano-freer.o)
                0x000000000800e7c4                _free_r
 .text._malloc_r
                0x000000000800e860       0xb4 c:/st/stm32cubeide_1.5.1/stm32cubeide/plugins/com.st.stm32cube.ide.mcu.externaltools.gnu-tools-for-stm32.7-2018-q2-update.win32_1.5.0.202011040924/tools/bin/../lib/gcc/arm-none-eabi/7.3.1/../../../../arm-none-eabi/lib/thumb/v7e-m/fpv4-sp/hard\libc_nano.a(lib_a-nano-mallocr.o)
                0x000000000800e860                _malloc_r
 .text._realloc_r
                0x000000000800e914       0x4c c:/st/stm32cubeide_1.5.1/stm32cubeide/plugins/com.st.stm32cube.ide.mcu.externaltools.gnu-tools-for-stm32.7-2018-q2-update.win32_1.5.0.202011040924/tools/bin/../lib/gcc/arm-none-eabi/7.3.1/../../../../arm-none-eabi/lib/thumb/v7e-m/fpv4-sp/hard\libc_nano.a(lib_a-nano-reallocr.o)
                0x000000000800e914                _realloc_r
 .text._sbrk_r  0x000000000800e960       0x20 c:/st/stm32cubeide_1.5.1/stm32cubeide/plugins/com.st.stm32cube.ide.mcu.externaltools.gnu-tools-for-stm32.7-2018-q2-update.win32_1.5.0.202011040924/tools/bin/../lib/gcc/arm-none-eabi/7.3.1/../../../../arm-none-eabi/lib/thumb/v7e-m/fpv4-sp/hard\libc_nano.a(lib_a-sbrkr.o)
                0x000000000800e960                _sbrk_r
 .text.__malloc_lock
                0x000000000800e980        0x2 c:/st/stm32cubeide_1.5.1/stm32cubeide/plugins/com.st.stm32cube.ide.mcu.externaltools.gnu-tools-for-stm32.7-2018-q2-update.win32_1.5.0.202011040924/tools/bin/../lib/gcc/arm-none-eabi/7.3.1/../../../../arm-none-eabi/lib/thumb/v7e-m/fpv4-sp/hard\libc_nano.a(lib_a-mlock.o)
                0x000000000800e980                __malloc_lock
 .text.__malloc_unlock
                0x000000000800e982        0x2 c:/st/stm32cubeide_1.5.1/stm32cubeide/plugins/com.st.stm32cube.ide.mcu.externaltools.gnu-tools-for-stm32.7-2018-q2-update.win32_1.5.0.202011040924/tools/bin/../lib/gcc/arm-none-eabi/7.3.1/../../../../arm-none-eabi/lib/thumb/v7e-m/fpv4-sp/hard\libc_nano.a(lib_a-mlock.o)
                0x000000000800e982                __malloc_unlock
 .text._malloc_usable_size_r
                0x000000000800e984       0x10 c:/st/stm32cubeide_1.5.1/stm32cubeide/plugins/com.st.stm32cube.ide.mcu.externaltools.gnu-tools-for-stm32.7-2018-q2-update.win32_1.5.0.202011040924/tools/bin/../lib/gcc/arm-none-eabi/7.3.1/../../../../arm-none-eabi/lib/thumb/v7e-m/fpv4-sp/hard\libc_nano.a(lib_a-nano-msizer.o)
                0x000000000800e984                _malloc_usable_size_r
 *(.glue_7)
 .glue_7        0x000000000800e994        0x0 linker stubs
 *(.glue_7t)
 .glue_7t       0x000000000800e994        0x0 linker stubs
 *(.eh_frame)
 .eh_frame      0x000000000800e994        0x0 c:/st/stm32cubeide_1.5.1/stm32cubeide/plugins/com.st.stm32cube.ide.mcu.externaltools.gnu-tools-for-stm32.7-2018-q2-update.win32_1.5.0.202011040924/tools/bin/../lib/gcc/arm-none-eabi/7.3.1/thumb/v7e-m/fpv4-sp/hard/crtbegin.o
 *(.init)
 .init          0x000000000800e994        0x4 c:/st/stm32cubeide_1.5.1/stm32cubeide/plugins/com.st.stm32cube.ide.mcu.externaltools.gnu-tools-for-stm32.7-2018-q2-update.win32_1.5.0.202011040924/tools/bin/../lib/gcc/arm-none-eabi/7.3.1/thumb/v7e-m/fpv4-sp/hard/crti.o
                0x000000000800e994                _init
 .init          0x000000000800e998        0x8 c:/st/stm32cubeide_1.5.1/stm32cubeide/plugins/com.st.stm32cube.ide.mcu.externaltools.gnu-tools-for-stm32.7-2018-q2-update.win32_1.5.0.202011040924/tools/bin/../lib/gcc/arm-none-eabi/7.3.1/thumb/v7e-m/fpv4-sp/hard/crtn.o
 *(.fini)
 .fini          0x000000000800e9a0        0x4 c:/st/stm32cubeide_1.5.1/stm32cubeide/plugins/com.st.stm32cube.ide.mcu.externaltools.gnu-tools-for-stm32.7-2018-q2-update.win32_1.5.0.202011040924/tools/bin/../lib/gcc/arm-none-eabi/7.3.1/thumb/v7e-m/fpv4-sp/hard/crti.o
                0x000000000800e9a0                _fini
 .fini          0x000000000800e9a4        0x8 c:/st/stm32cubeide_1.5.1/stm32cubeide/plugins/com.st.stm32cube.ide.mcu.externaltools.gnu-tools-for-stm32.7-2018-q2-update.win32_1.5.0.202011040924/tools/bin/../lib/gcc/arm-none-eabi/7.3.1/thumb/v7e-m/fpv4-sp/hard/crtn.o
                0x000000000800e9ac                . = ALIGN (0x4)
                0x000000000800e9ac                _etext = .

.vfp11_veneer   0x000000000800e9ac        0x0
 .vfp11_veneer  0x000000000800e9ac        0x0 linker stubs

.v4_bx          0x000000000800e9ac        0x0
 .v4_bx         0x000000000800e9ac        0x0 linker stubs

.iplt           0x000000000800e9ac        0x0
 .iplt          0x000000000800e9ac        0x0 c:/st/stm32cubeide_1.5.1/stm32cubeide/plugins/com.st.stm32cube.ide.mcu.externaltools.gnu-tools-for-stm32.7-2018-q2-update.win32_1.5.0.202011040924/tools/bin/../lib/gcc/arm-none-eabi/7.3.1/thumb/v7e-m/fpv4-sp/hard/crtbegin.o

.rodata         0x000000000800e9ac     0x208c
                0x000000000800e9ac                . = ALIGN (0x4)
 *(.rodata)
 .rodata        0x000000000800e9ac      0x102 Core/Src/main.o
 *fill*         0x000000000800eaae        0x2 
 .rodata        0x000000000800eab0        0x5 Middlewares/Third_Party/FreeRTOS/Source/tasks.o
 *(.rodata*)
 *fill*         0x000000000800eab5        0x3 
 .rodata.Font24_Table
                0x000000000800eab8     0x1ab8 Core/Src/stm32746g_discovery_lcd.o
                0x000000000800eab8                Font24_Table
 .rodata.Font12_Table
                0x0000000008010570      0x474 Core/Src/stm32746g_discovery_lcd.o
                0x0000000008010570                Font12_Table
 .rodata.AHBPrescTable
                0x00000000080109e4       0x10 Core/Src/system_stm32f7xx.o
                0x00000000080109e4                AHBPrescTable
 .rodata.APBPrescTable
                0x00000000080109f4        0x8 Core/Src/system_stm32f7xx.o
                0x00000000080109f4                APBPrescTable
 .rodata.flagBitshiftOffset.9876
                0x00000000080109fc        0x8 Drivers/STM32F7xx_HAL_Driver/Src/stm32f7xx_hal_dma.o
 .rodata._svfprintf_r.str1.1
                0x0000000008010a04       0x11 c:/st/stm32cubeide_1.5.1/stm32cubeide/plugins/com.st.stm32cube.ide.mcu.externaltools.gnu-tools-for-stm32.7-2018-q2-update.win32_1.5.0.202011040924/tools/bin/../lib/gcc/arm-none-eabi/7.3.1/../../../../arm-none-eabi/lib/thumb/v7e-m/fpv4-sp/hard\libc_nano.a(lib_a-nano-svfprintf.o)
 .rodata._printf_i.str1.1
                0x0000000008010a15       0x22 c:/st/stm32cubeide_1.5.1/stm32cubeide/plugins/com.st.stm32cube.ide.mcu.externaltools.gnu-tools-for-stm32.7-2018-q2-update.win32_1.5.0.202011040924/tools/bin/../lib/gcc/arm-none-eabi/7.3.1/../../../../arm-none-eabi/lib/thumb/v7e-m/fpv4-sp/hard\libc_nano.a(lib_a-nano-vfprintf_i.o)
                0x0000000008010a38                . = ALIGN (0x4)
 *fill*         0x0000000008010a37        0x1 

.ARM.extab      0x0000000008010a38        0x0
                0x0000000008010a38                . = ALIGN (0x4)
 *(.ARM.extab* .gnu.linkonce.armextab.*)
                0x0000000008010a38                . = ALIGN (0x4)

.ARM            0x0000000008010a38        0x8
                0x0000000008010a38                . = ALIGN (0x4)
                0x0000000008010a38                __exidx_start = .
 *(.ARM.exidx*)
 .ARM.exidx     0x0000000008010a38        0x8 c:/st/stm32cubeide_1.5.1/stm32cubeide/plugins/com.st.stm32cube.ide.mcu.externaltools.gnu-tools-for-stm32.7-2018-q2-update.win32_1.5.0.202011040924/tools/bin/../lib/gcc/arm-none-eabi/7.3.1/thumb/v7e-m/fpv4-sp/hard\libgcc.a(_udivmoddi4.o)
                0x0000000008010a40                __exidx_end = .
                0x0000000008010a40                . = ALIGN (0x4)

.rel.dyn        0x0000000008010a40        0x0
 .rel.iplt      0x0000000008010a40        0x0 c:/st/stm32cubeide_1.5.1/stm32cubeide/plugins/com.st.stm32cube.ide.mcu.externaltools.gnu-tools-for-stm32.7-2018-q2-update.win32_1.5.0.202011040924/tools/bin/../lib/gcc/arm-none-eabi/7.3.1/thumb/v7e-m/fpv4-sp/hard/crtbegin.o

.preinit_array  0x0000000008010a40        0x0
                0x0000000008010a40                . = ALIGN (0x4)
                0x0000000008010a40                PROVIDE (__preinit_array_start = .)
 *(.preinit_array*)
                0x0000000008010a40                PROVIDE (__preinit_array_end = .)
                0x0000000008010a40                . = ALIGN (0x4)

.init_array     0x0000000008010a40        0x4
                0x0000000008010a40                . = ALIGN (0x4)
                0x0000000008010a40                PROVIDE (__init_array_start = .)
 *(SORT_BY_NAME(.init_array.*))
 *(.init_array*)
 .init_array    0x0000000008010a40        0x4 c:/st/stm32cubeide_1.5.1/stm32cubeide/plugins/com.st.stm32cube.ide.mcu.externaltools.gnu-tools-for-stm32.7-2018-q2-update.win32_1.5.0.202011040924/tools/bin/../lib/gcc/arm-none-eabi/7.3.1/thumb/v7e-m/fpv4-sp/hard/crtbegin.o
                0x0000000008010a44                PROVIDE (__init_array_end = .)
                0x0000000008010a44                . = ALIGN (0x4)

.fini_array     0x0000000008010a44        0x4
                0x0000000008010a44                . = ALIGN (0x4)
                [!provide]                        PROVIDE (__fini_array_start = .)
 *(SORT_BY_NAME(.fini_array.*))
 *(.fini_array*)
 .fini_array    0x0000000008010a44        0x4 c:/st/stm32cubeide_1.5.1/stm32cubeide/plugins/com.st.stm32cube.ide.mcu.externaltools.gnu-tools-for-stm32.7-2018-q2-update.win32_1.5.0.202011040924/tools/bin/../lib/gcc/arm-none-eabi/7.3.1/thumb/v7e-m/fpv4-sp/hard/crtbegin.o
                [!provide]                        PROVIDE (__fini_array_end = .)
                0x0000000008010a48                . = ALIGN (0x4)
                0x0000000008010a48                _sidata = LOADADDR (.data)

.data           0x0000000020000000       0xc0 load address 0x0000000008010a48
                0x0000000020000000                . = ALIGN (0x4)
                0x0000000020000000                _sdata = .
 *(.data)
 *(.data*)
 .data.ft5336_ts_drv
                0x0000000020000000       0x28 Core/Src/ft5336.o
                0x0000000020000000                ft5336_ts_drv
 .data.x_LRacket
                0x0000000020000028        0x2 Core/Src/main.o
                0x0000000020000028                x_LRacket
 .data.y_LRacket
                0x000000002000002a        0x2 Core/Src/main.o
                0x000000002000002a                y_LRacket
 .data.x_RRacket
                0x000000002000002c        0x2 Core/Src/main.o
                0x000000002000002c                x_RRacket
 .data.y_RRacket
                0x000000002000002e        0x2 Core/Src/main.o
                0x000000002000002e                y_RRacket
 .data.x_balle  0x0000000020000030        0x2 Core/Src/main.o
                0x0000000020000030                x_balle
 .data.y_balle  0x0000000020000032        0x2 Core/Src/main.o
                0x0000000020000032                y_balle
 .data.radius_balle
                0x0000000020000034        0x1 Core/Src/main.o
                0x0000000020000034                radius_balle
 .data.couleur  0x0000000020000035        0x1 Core/Src/main.o
                0x0000000020000035                couleur
 *fill*         0x0000000020000036        0x2 
 .data.Font24   0x0000000020000038        0x8 Core/Src/stm32746g_discovery_lcd.o
                0x0000000020000038                Font24
 .data.Font12   0x0000000020000040        0x8 Core/Src/stm32746g_discovery_lcd.o
                0x0000000020000040                Font12
 .data.sdramstatus.9792
                0x0000000020000048        0x1 Core/Src/stm32746g_discovery_sdram.o
 *fill*         0x0000000020000049        0x3 
 .data.SystemCoreClock
                0x000000002000004c        0x4 Core/Src/system_stm32f7xx.o
                0x000000002000004c                SystemCoreClock
 .data.uwTickPrio
                0x0000000020000050        0x4 Drivers/STM32F7xx_HAL_Driver/Src/stm32f7xx_hal.o
                0x0000000020000050                uwTickPrio
 .data.uwTickFreq
                0x0000000020000054        0x1 Drivers/STM32F7xx_HAL_Driver/Src/stm32f7xx_hal.o
                0x0000000020000054                uwTickFreq
 *fill*         0x0000000020000055        0x3 
 .data.uxCriticalNesting
                0x0000000020000058        0x4 Middlewares/Third_Party/FreeRTOS/Source/portable/GCC/ARM_CM7/r0p1/port.o
 .data._impure_ptr
                0x000000002000005c        0x4 c:/st/stm32cubeide_1.5.1/stm32cubeide/plugins/com.st.stm32cube.ide.mcu.externaltools.gnu-tools-for-stm32.7-2018-q2-update.win32_1.5.0.202011040924/tools/bin/../lib/gcc/arm-none-eabi/7.3.1/../../../../arm-none-eabi/lib/thumb/v7e-m/fpv4-sp/hard\libc_nano.a(lib_a-impure.o)
                0x000000002000005c                _impure_ptr
 .data.impure_data
                0x0000000020000060       0x60 c:/st/stm32cubeide_1.5.1/stm32cubeide/plugins/com.st.stm32cube.ide.mcu.externaltools.gnu-tools-for-stm32.7-2018-q2-update.win32_1.5.0.202011040924/tools/bin/../lib/gcc/arm-none-eabi/7.3.1/../../../../arm-none-eabi/lib/thumb/v7e-m/fpv4-sp/hard\libc_nano.a(lib_a-impure.o)
 *(.RamFunc)
 *(.RamFunc*)
                0x00000000200000c0                . = ALIGN (0x4)
                0x00000000200000c0                _edata = .

.igot.plt       0x00000000200000c0        0x0 load address 0x0000000008010b08
 .igot.plt      0x00000000200000c0        0x0 c:/st/stm32cubeide_1.5.1/stm32cubeide/plugins/com.st.stm32cube.ide.mcu.externaltools.gnu-tools-for-stm32.7-2018-q2-update.win32_1.5.0.202011040924/tools/bin/../lib/gcc/arm-none-eabi/7.3.1/thumb/v7e-m/fpv4-sp/hard/crtbegin.o
                0x00000000200000c0                . = ALIGN (0x4)

.bss            0x00000000200000c0     0x8c94 load address 0x0000000008010b08
                0x00000000200000c0                _sbss = .
                0x00000000200000c0                __bss_start__ = _sbss
 *(.bss)
 .bss           0x00000000200000c0       0x1c c:/st/stm32cubeide_1.5.1/stm32cubeide/plugins/com.st.stm32cube.ide.mcu.externaltools.gnu-tools-for-stm32.7-2018-q2-update.win32_1.5.0.202011040924/tools/bin/../lib/gcc/arm-none-eabi/7.3.1/thumb/v7e-m/fpv4-sp/hard/crtbegin.o
 *(.bss*)
 .bss.xIdleTaskTCBBuffer
                0x00000000200000dc       0x58 Core/Src/freertos.o
 .bss.xIdleStack
                0x0000000020000134      0x200 Core/Src/freertos.o
 .bss.ft5336_handle
                0x0000000020000334        0x3 Core/Src/ft5336.o
 *fill*         0x0000000020000337        0x1 
 .bss.coord.5529
                0x0000000020000338        0x2 Core/Src/ft5336.o
 .bss.perdu     0x000000002000033a        0x1 Core/Src/main.o
                0x000000002000033a                perdu
 *fill*         0x000000002000033b        0x1 
 .bss.hI2cAudioHandler
                0x000000002000033c       0x4c Core/Src/stm32746g_discovery.o
 .bss.hDma2dHandler
                0x0000000020000388       0x40 Core/Src/stm32746g_discovery_lcd.o
 .bss.ActiveLayer
                0x00000000200003c8        0x4 Core/Src/stm32746g_discovery_lcd.o
 .bss.DrawProp  0x00000000200003cc       0x18 Core/Src/stm32746g_discovery_lcd.o
 .bss.periph_clk_init_struct.10379
                0x00000000200003e4       0x84 Core/Src/stm32746g_discovery_lcd.o
 .bss.Timing    0x0000000020000468       0x1c Core/Src/stm32746g_discovery_sdram.o
 .bss.Command   0x0000000020000484       0x10 Core/Src/stm32746g_discovery_sdram.o
 .bss.dma_handle.9828
                0x0000000020000494       0x60 Core/Src/stm32746g_discovery_sdram.o
 .bss.tsDriver  0x00000000200004f4        0x4 Core/Src/stm32746g_discovery_ts.o
 .bss.tsXBoundary
                0x00000000200004f8        0x2 Core/Src/stm32746g_discovery_ts.o
 .bss.tsYBoundary
                0x00000000200004fa        0x2 Core/Src/stm32746g_discovery_ts.o
 .bss.tsOrientation
                0x00000000200004fc        0x1 Core/Src/stm32746g_discovery_ts.o
 .bss.I2cAddress
                0x00000000200004fd        0x1 Core/Src/stm32746g_discovery_ts.o
 *fill*         0x00000000200004fe        0x2 
 .bss.FMC_Initialized
                0x0000000020000500        0x4 Core/Src/stm32f7xx_hal_msp.o
 .bss.__sbrk_heap_end
                0x0000000020000504        0x4 Core/Src/sysmem.o
 .bss.pxCurrentTCB
                0x0000000020000508        0x4 Middlewares/Third_Party/FreeRTOS/Source/tasks.o
                0x0000000020000508                pxCurrentTCB
 .bss.pxReadyTasksLists
                0x000000002000050c       0x8c Middlewares/Third_Party/FreeRTOS/Source/tasks.o
 .bss.xDelayedTaskList1
                0x0000000020000598       0x14 Middlewares/Third_Party/FreeRTOS/Source/tasks.o
 .bss.xDelayedTaskList2
                0x00000000200005ac       0x14 Middlewares/Third_Party/FreeRTOS/Source/tasks.o
 .bss.pxDelayedTaskList
                0x00000000200005c0        0x4 Middlewares/Third_Party/FreeRTOS/Source/tasks.o
 .bss.pxOverflowDelayedTaskList
                0x00000000200005c4        0x4 Middlewares/Third_Party/FreeRTOS/Source/tasks.o
 .bss.xPendingReadyList
                0x00000000200005c8       0x14 Middlewares/Third_Party/FreeRTOS/Source/tasks.o
 .bss.xTasksWaitingTermination
                0x00000000200005dc       0x14 Middlewares/Third_Party/FreeRTOS/Source/tasks.o
 .bss.uxDeletedTasksWaitingCleanUp
                0x00000000200005f0        0x4 Middlewares/Third_Party/FreeRTOS/Source/tasks.o
 .bss.xSuspendedTaskList
                0x00000000200005f4       0x14 Middlewares/Third_Party/FreeRTOS/Source/tasks.o
 .bss.uxCurrentNumberOfTasks
                0x0000000020000608        0x4 Middlewares/Third_Party/FreeRTOS/Source/tasks.o
 .bss.xTickCount
                0x000000002000060c        0x4 Middlewares/Third_Party/FreeRTOS/Source/tasks.o
 .bss.uxTopReadyPriority
                0x0000000020000610        0x4 Middlewares/Third_Party/FreeRTOS/Source/tasks.o
 .bss.xSchedulerRunning
                0x0000000020000614        0x4 Middlewares/Third_Party/FreeRTOS/Source/tasks.o
 .bss.uxPendedTicks
                0x0000000020000618        0x4 Middlewares/Third_Party/FreeRTOS/Source/tasks.o
 .bss.xYieldPending
                0x000000002000061c        0x4 Middlewares/Third_Party/FreeRTOS/Source/tasks.o
 .bss.xNumOfOverflows
                0x0000000020000620        0x4 Middlewares/Third_Party/FreeRTOS/Source/tasks.o
 .bss.uxTaskNumber
                0x0000000020000624        0x4 Middlewares/Third_Party/FreeRTOS/Source/tasks.o
 .bss.xNextTaskUnblockTime
                0x0000000020000628        0x4 Middlewares/Third_Party/FreeRTOS/Source/tasks.o
 .bss.xIdleTaskHandle
                0x000000002000062c        0x4 Middlewares/Third_Party/FreeRTOS/Source/tasks.o
 .bss.uxSchedulerSuspended
                0x0000000020000630        0x4 Middlewares/Third_Party/FreeRTOS/Source/tasks.o
 .bss.ucMaxSysCallPriority
                0x0000000020000634        0x1 Middlewares/Third_Party/FreeRTOS/Source/portable/GCC/ARM_CM7/r0p1/port.o
 *fill*         0x0000000020000635        0x3 
 .bss.ulMaxPRIGROUPValue
                0x0000000020000638        0x4 Middlewares/Third_Party/FreeRTOS/Source/portable/GCC/ARM_CM7/r0p1/port.o
 .bss.ucHeap    0x000000002000063c     0x8000 Middlewares/Third_Party/FreeRTOS/Source/portable/MemMang/heap_4.o
 .bss.xStart    0x000000002000863c        0x8 Middlewares/Third_Party/FreeRTOS/Source/portable/MemMang/heap_4.o
 .bss.pxEnd     0x0000000020008644        0x4 Middlewares/Third_Party/FreeRTOS/Source/portable/MemMang/heap_4.o
 .bss.xFreeBytesRemaining
                0x0000000020008648        0x4 Middlewares/Third_Party/FreeRTOS/Source/portable/MemMang/heap_4.o
 .bss.xMinimumEverFreeBytesRemaining
                0x000000002000864c        0x4 Middlewares/Third_Party/FreeRTOS/Source/portable/MemMang/heap_4.o
 .bss.xBlockAllocatedBit
                0x0000000020008650        0x4 Middlewares/Third_Party/FreeRTOS/Source/portable/MemMang/heap_4.o
 .bss.__malloc_free_list
                0x0000000020008654        0x4 c:/st/stm32cubeide_1.5.1/stm32cubeide/plugins/com.st.stm32cube.ide.mcu.externaltools.gnu-tools-for-stm32.7-2018-q2-update.win32_1.5.0.202011040924/tools/bin/../lib/gcc/arm-none-eabi/7.3.1/../../../../arm-none-eabi/lib/thumb/v7e-m/fpv4-sp/hard\libc_nano.a(lib_a-nano-mallocr.o)
                0x0000000020008654                __malloc_free_list
 .bss.__malloc_sbrk_start
                0x0000000020008658        0x4 c:/st/stm32cubeide_1.5.1/stm32cubeide/plugins/com.st.stm32cube.ide.mcu.externaltools.gnu-tools-for-stm32.7-2018-q2-update.win32_1.5.0.202011040924/tools/bin/../lib/gcc/arm-none-eabi/7.3.1/../../../../arm-none-eabi/lib/thumb/v7e-m/fpv4-sp/hard\libc_nano.a(lib_a-nano-mallocr.o)
                0x0000000020008658                __malloc_sbrk_start
 *(COMMON)
 COMMON         0x000000002000865c      0x5d4 Core/Src/main.o
                0x000000002000865c                LRacketHandle
                0x0000000020008660                defaultTaskHandle
                0x0000000020008664                hi2c3
                0x00000000200086b0                hspi2
                0x0000000020008714                huart7
                0x0000000020008794                htim8
                0x00000000200087d4                hi2c1