Archive member included to satisfy reference by file (symbol)

c:/st/stm32cubeide_1.5.1/stm32cubeide/plugins/com.st.stm32cube.ide.mcu.externaltools.gnu-tools-for-stm32.7-2018-q2-update.win32_1.5.0.202011040924/tools/bin/../lib/gcc/arm-none-eabi/7.3.1/../../../../arm-none-eabi/lib/thumb/v7e-m/fpv4-sp/hard\libc_nano.a(lib_a-errno.o)
                              Core/Src/syscalls.o (__errno)
c:/st/stm32cubeide_1.5.1/stm32cubeide/plugins/com.st.stm32cube.ide.mcu.externaltools.gnu-tools-for-stm32.7-2018-q2-update.win32_1.5.0.202011040924/tools/bin/../lib/gcc/arm-none-eabi/7.3.1/../../../../arm-none-eabi/lib/thumb/v7e-m/fpv4-sp/hard\libc_nano.a(lib_a-exit.o)
                              c:/st/stm32cubeide_1.5.1/stm32cubeide/plugins/com.st.stm32cube.ide.mcu.externaltools.gnu-tools-for-stm32.7-2018-q2-update.win32_1.5.0.202011040924/tools/bin/../lib/gcc/arm-none-eabi/7.3.1/../../../../arm-none-eabi/lib/thumb/v7e-m/fpv4-sp/hard/crt0.o (exit)
c:/st/stm32cubeide_1.5.1/stm32cubeide/plugins/com.st.stm32cube.ide.mcu.externaltools.gnu-tools-for-stm32.7-2018-q2-update.win32_1.5.0.202011040924/tools/bin/../lib/gcc/arm-none-eabi/7.3.1/../../../../arm-none-eabi/lib/thumb/v7e-m/fpv4-sp/hard\libc_nano.a(lib_a-impure.o)
                              c:/st/stm32cubeide_1.5.1/stm32cubeide/plugins/com.st.stm32cube.ide.mcu.externaltools.gnu-tools-for-stm32.7-2018-q2-update.win32_1.5.0.202011040924/tools/bin/../lib/gcc/arm-none-eabi/7.3.1/../../../../arm-none-eabi/lib/thumb/v7e-m/fpv4-sp/hard\libc_nano.a(lib_a-exit.o) (_global_impure_ptr)
c:/st/stm32cubeide_1.5.1/stm32cubeide/plugins/com.st.stm32cube.ide.mcu.externaltools.gnu-tools-for-stm32.7-2018-q2-update.win32_1.5.0.202011040924/tools/bin/../lib/gcc/arm-none-eabi/7.3.1/../../../../arm-none-eabi/lib/thumb/v7e-m/fpv4-sp/hard\libc_nano.a(lib_a-init.o)
                              c:/st/stm32cubeide_1.5.1/stm32cubeide/plugins/com.st.stm32cube.ide.mcu.externaltools.gnu-tools-for-stm32.7-2018-q2-update.win32_1.5.0.202011040924/tools/bin/../lib/gcc/arm-none-eabi/7.3.1/../../../../arm-none-eabi/lib/thumb/v7e-m/fpv4-sp/hard/crt0.o (__libc_init_array)
c:/st/stm32cubeide_1.5.1/stm32cubeide/plugins/com.st.stm32cube.ide.mcu.externaltools.gnu-tools-for-stm32.7-2018-q2-update.win32_1.5.0.202011040924/tools/bin/../lib/gcc/arm-none-eabi/7.3.1/../../../../arm-none-eabi/lib/thumb/v7e-m/fpv4-sp/hard\libc_nano.a(lib_a-memcpy-stub.o)
                              Middlewares/Third_Party/FreeRTOS/Source/queue.o (memcpy)
c:/st/stm32cubeide_1.5.1/stm32cubeide/plugins/com.st.stm32cube.ide.mcu.externaltools.gnu-tools-for-stm32.7-2018-q2-update.win32_1.5.0.202011040924/tools/bin/../lib/gcc/arm-none-eabi/7.3.1/../../../../arm-none-eabi/lib/thumb/v7e-m/fpv4-sp/hard\libc_nano.a(lib_a-memset.o)
                              c:/st/stm32cubeide_1.5.1/stm32cubeide/plugins/com.st.stm32cube.ide.mcu.externaltools.gnu-tools-for-stm32.7-2018-q2-update.win32_1.5.0.202011040924/tools/bin/../lib/gcc/arm-none-eabi/7.3.1/../../../../arm-none-eabi/lib/thumb/v7e-m/fpv4-sp/hard/crt0.o (memset)
c:/st/stm32cubeide_1.5.1/stm32cubeide/plugins/com.st.stm32cube.ide.mcu.externaltools.gnu-tools-for-stm32.7-2018-q2-update.win32_1.5.0.202011040924/tools/bin/../lib/gcc/arm-none-eabi/7.3.1/thumb/v7e-m/fpv4-sp/hard\libgcc.a(_aeabi_uldivmod.o)
                              Drivers/STM32F7xx_HAL_Driver/Src/stm32f7xx_hal_rcc.o (__aeabi_uldivmod)
c:/st/stm32cubeide_1.5.1/stm32cubeide/plugins/com.st.stm32cube.ide.mcu.externaltools.gnu-tools-for-stm32.7-2018-q2-update.win32_1.5.0.202011040924/tools/bin/../lib/gcc/arm-none-eabi/7.3.1/thumb/v7e-m/fpv4-sp/hard\libgcc.a(_udivmoddi4.o)
                              c:/st/stm32cubeide_1.5.1/stm32cubeide/plugins/com.st.stm32cube.ide.mcu.externaltools.gnu-tools-for-stm32.7-2018-q2-update.win32_1.5.0.202011040924/tools/bin/../lib/gcc/arm-none-eabi/7.3.1/thumb/v7e-m/fpv4-sp/hard\libgcc.a(_aeabi_uldivmod.o) (__udivmoddi4)
c:/st/stm32cubeide_1.5.1/stm32cubeide/plugins/com.st.stm32cube.ide.mcu.externaltools.gnu-tools-for-stm32.7-2018-q2-update.win32_1.5.0.202011040924/tools/bin/../lib/gcc/arm-none-eabi/7.3.1/thumb/v7e-m/fpv4-sp/hard\libgcc.a(_dvmd_tls.o)
                              c:/st/stm32cubeide_1.5.1/stm32cubeide/plugins/com.st.stm32cube.ide.mcu.externaltools.gnu-tools-for-stm32.7-2018-q2-update.win32_1.5.0.202011040924/tools/bin/../lib/gcc/arm-none-eabi/7.3.1/thumb/v7e-m/fpv4-sp/hard\libgcc.a(_aeabi_uldivmod.o) (__aeabi_ldiv0)

Allocating common symbols
Common symbol       size              file

sdramHandle         0x34              Core/Src/stm32746g_discovery_sdram.o
defaultTaskHandle   0x4               Core/Src/main.o
hi2c3               0x4c              Core/Src/main.o
hspi2               0x64              Core/Src/main.o
huart7              0x80              Core/Src/main.o
htim8               0x40              Core/Src/main.o
hi2c1               0x4c              Core/Src/main.o
hLtdcHandler        0xa8              Core/Src/stm32746g_discovery_lcd.o
[...]
Memory Configuration

Name             Origin             Length             Attributes
RAM              0x0000000020000000 0x0000000000050000 xrw
FLASH            0x0000000008000000 0x0000000000100000 xr
*default*        0x0000000000000000 0xffffffffffffffff

Linker script and memory map

LOAD c:/st/stm32cubeide_1.5.1/stm32cubeide/plugins/com.st.stm32cube.ide.mcu.externaltools.gnu-tools-for-stm32.7-2018-q2-update.win32_1.5.0.202011040924/tools/bin/../lib/gcc/arm-none-eabi/7.3.1/thumb/v7e-m/fpv4-sp/hard/crti.o
LOAD c:/st/stm32cubeide_1.5.1/stm32cubeide/plugins/com.st.stm32cube.ide.mcu.externaltools.gnu-tools-for-stm32.7-2018-q2-update.win32_1.5.0.202011040924/tools/bin/../lib/gcc/arm-none-eabi/7.3.1/thumb/v7e-m/fpv4-sp/hard/crtbegin.o
LOAD c:/st/stm32cubeide_1.5.1/stm32cubeide/plugins/com.st.stm32cube.ide.mcu.externaltools.gnu-tools-for-stm32.7-2018-q2-update.win32_1.5.0.202011040924/tools/bin/../lib/gcc/arm-none-eabi/7.3.1/../../../../arm-none-eabi/lib/thumb/v7e-m/fpv4-sp/hard/crt0.o
LOAD Core/Src/freertos.o
LOAD Core/Src/ft5336.o
LOAD Core/Src/main.o
LOAD Core/Src/stm32746g_discovery.o
LOAD Core/Src/stm32746g_discovery_lcd.o
LOAD Core/Src/stm32746g_discovery_sdram.o
LOAD Core/Src/stm32746g_discovery_ts.o
LOAD Core/Src/stm32f7xx_hal_msp.o
LOAD Core/Src/stm32f7xx_hal_timebase_tim.o
LOAD Core/Src/stm32f7xx_it.o
LOAD Core/Src/syscalls.o
LOAD Core/Src/sysmem.o
LOAD Core/Src/system_stm32f7xx.o
LOAD Core/Startup/startup_stm32f746nghx.o
LOAD Drivers/STM32F7xx_HAL_Driver/Src/stm32f7xx_hal.o
LOAD Drivers/STM32F7xx_HAL_Driver/Src/stm32f7xx_hal_adc.o
LOAD Drivers/STM32F7xx_HAL_Driver/Src/stm32f7xx_hal_adc_ex.o
LOAD Drivers/STM32F7xx_HAL_Driver/Src/stm32f7xx_hal_cortex.o
LOAD Drivers/STM32F7xx_HAL_Driver/Src/stm32f7xx_hal_dac.o
LOAD Drivers/STM32F7xx_HAL_Driver/Src/stm32f7xx_hal_dac_ex.o
LOAD Drivers/STM32F7xx_HAL_Driver/Src/stm32f7xx_hal_dma.o
LOAD Drivers/STM32F7xx_HAL_Driver/Src/stm32f7xx_hal_dma2d.o
LOAD Drivers/STM32F7xx_HAL_Driver/Src/stm32f7xx_hal_dma_ex.o
LOAD Drivers/STM32F7xx_HAL_Driver/Src/stm32f7xx_hal_dsi.o
LOAD Drivers/STM32F7xx_HAL_Driver/Src/stm32f7xx_hal_exti.o
LOAD Drivers/STM32F7xx_HAL_Driver/Src/stm32f7xx_hal_flash.o
LOAD Drivers/STM32F7xx_HAL_Driver/Src/stm32f7xx_hal_flash_ex.o
LOAD Drivers/STM32F7xx_HAL_Driver/Src/stm32f7xx_hal_gpio.o
LOAD Drivers/STM32F7xx_HAL_Driver/Src/stm32f7xx_hal_i2c.o
LOAD Drivers/STM32F7xx_HAL_Driver/Src/stm32f7xx_hal_i2c_ex.o
LOAD Drivers/STM32F7xx_HAL_Driver/Src/stm32f7xx_hal_ltdc.o
LOAD Drivers/STM32F7xx_HAL_Driver/Src/stm32f7xx_hal_ltdc_ex.o
LOAD Drivers/STM32F7xx_HAL_Driver/Src/stm32f7xx_hal_pwr.o
LOAD Drivers/STM32F7xx_HAL_Driver/Src/stm32f7xx_hal_pwr_ex.o
LOAD Drivers/STM32F7xx_HAL_Driver/Src/stm32f7xx_hal_rcc.o
LOAD Drivers/STM32F7xx_HAL_Driver/Src/stm32f7xx_hal_rcc_ex.o
LOAD Drivers/STM32F7xx_HAL_Driver/Src/stm32f7xx_hal_rtc.o
LOAD Drivers/STM32F7xx_HAL_Driver/Src/stm32f7xx_hal_rtc_ex.o
LOAD Drivers/STM32F7xx_HAL_Driver/Src/stm32f7xx_hal_sdram.o
LOAD Drivers/STM32F7xx_HAL_Driver/Src/stm32f7xx_hal_spi.o
LOAD Drivers/STM32F7xx_HAL_Driver/Src/stm32f7xx_hal_spi_ex.o
LOAD Drivers/STM32F7xx_HAL_Driver/Src/stm32f7xx_hal_tim.o
LOAD Drivers/STM32F7xx_HAL_Driver/Src/stm32f7xx_hal_tim_ex.o
LOAD Drivers/STM32F7xx_HAL_Driver/Src/stm32f7xx_hal_uart.o
LOAD Drivers/STM32F7xx_HAL_Driver/Src/stm32f7xx_hal_uart_ex.o
LOAD Drivers/STM32F7xx_HAL_Driver/Src/stm32f7xx_ll_fmc.o
LOAD Middlewares/Third_Party/FreeRTOS/Source/CMSIS_RTOS/cmsis_os.o
LOAD Middlewares/Third_Party/FreeRTOS/Source/croutine.o
LOAD Middlewares/Third_Party/FreeRTOS/Source/event_groups.o
LOAD Middlewares/Third_Party/FreeRTOS/Source/list.o
LOAD Middlewares/Third_Party/FreeRTOS/Source/queue.o
LOAD Middlewares/Third_Party/FreeRTOS/Source/stream_buffer.o
LOAD Middlewares/Third_Party/FreeRTOS/Source/tasks.o
LOAD Middlewares/Third_Party/FreeRTOS/Source/timers.o
LOAD Middlewares/Third_Party/FreeRTOS/Source/portable/GCC/ARM_CM7/r0p1/port.o
LOAD Middlewares/Third_Party/FreeRTOS/Source/portable/MemMang/heap_4.o
START GROUP
LOAD c:/st/stm32cubeide_1.5.1/stm32cubeide/plugins/com.st.stm32cube.ide.mcu.externaltools.gnu-tools-for-stm32.7-2018-q2-update.win32_1.5.0.202011040924/tools/bin/../lib/gcc/arm-none-eabi/7.3.1/../../../../arm-none-eabi/lib/thumb/v7e-m/fpv4-sp/hard\libc_nano.a
LOAD c:/st/stm32cubeide_1.5.1/stm32cubeide/plugins/com.st.stm32cube.ide.mcu.externaltools.gnu-tools-for-stm32.7-2018-q2-update.win32_1.5.0.202011040924/tools/bin/../lib/gcc/arm-none-eabi/7.3.1/../../../../arm-none-eabi/lib/thumb/v7e-m/fpv4-sp/hard\libm.a
END GROUP
START GROUP
LOAD c:/st/stm32cubeide_1.5.1/stm32cubeide/plugins/com.st.stm32cube.ide.mcu.externaltools.gnu-tools-for-stm32.7-2018-q2-update.win32_1.5.0.202011040924/tools/bin/../lib/gcc/arm-none-eabi/7.3.1/thumb/v7e-m/fpv4-sp/hard\libgcc.a
LOAD c:/st/stm32cubeide_1.5.1/stm32cubeide/plugins/com.st.stm32cube.ide.mcu.externaltools.gnu-tools-for-stm32.7-2018-q2-update.win32_1.5.0.202011040924/tools/bin/../lib/gcc/arm-none-eabi/7.3.1/../../../../arm-none-eabi/lib/thumb/v7e-m/fpv4-sp/hard\libc_nano.a
END GROUP
START GROUP
LOAD c:/st/stm32cubeide_1.5.1/stm32cubeide/plugins/com.st.stm32cube.ide.mcu.externaltools.gnu-tools-for-stm32.7-2018-q2-update.win32_1.5.0.202011040924/tools/bin/../lib/gcc/arm-none-eabi/7.3.1/thumb/v7e-m/fpv4-sp/hard\libgcc.a
LOAD c:/st/stm32cubeide_1.5.1/stm32cubeide/plugins/com.st.stm32cube.ide.mcu.externaltools.gnu-tools-for-stm32.7-2018-q2-update.win32_1.5.0.202011040924/tools/bin/../lib/gcc/arm-none-eabi/7.3.1/../../../../arm-none-eabi/lib/thumb/v7e-m/fpv4-sp/hard\libc_nano.a
LOAD c:/st/stm32cubeide_1.5.1/stm32cubeide/plugins/com.st.stm32cube.ide.mcu.externaltools.gnu-tools-for-stm32.7-2018-q2-update.win32_1.5.0.202011040924/tools/bin/../lib/gcc/arm-none-eabi/7.3.1/../../../../arm-none-eabi/lib/thumb/v7e-m/fpv4-sp/hard\libnosys.a
END GROUP
START GROUP
LOAD c:/st/stm32cubeide_1.5.1/stm32cubeide/plugins/com.st.stm32cube.ide.mcu.externaltools.gnu-tools-for-stm32.7-2018-q2-update.win32_1.5.0.202011040924/tools/bin/../lib/gcc/arm-none-eabi/7.3.1/thumb/v7e-m/fpv4-sp/hard\libgcc.a
LOAD c:/st/stm32cubeide_1.5.1/stm32cubeide/plugins/com.st.stm32cube.ide.mcu.externaltools.gnu-tools-for-stm32.7-2018-q2-update.win32_1.5.0.202011040924/tools/bin/../lib/gcc/arm-none-eabi/7.3.1/../../../../arm-none-eabi/lib/thumb/v7e-m/fpv4-sp/hard\libc_nano.a
LOAD c:/st/stm32cubeide_1.5.1/stm32cubeide/plugins/com.st.stm32cube.ide.mcu.externaltools.gnu-tools-for-stm32.7-2018-q2-update.win32_1.5.0.202011040924/tools/bin/../lib/gcc/arm-none-eabi/7.3.1/../../../../arm-none-eabi/lib/thumb/v7e-m/fpv4-sp/hard\libnosys.a
END GROUP
LOAD c:/st/stm32cubeide_1.5.1/stm32cubeide/plugins/com.st.stm32cube.ide.mcu.externaltools.gnu-tools-for-stm32.7-2018-q2-update.win32_1.5.0.202011040924/tools/bin/../lib/gcc/arm-none-eabi/7.3.1/thumb/v7e-m/fpv4-sp/hard/crtend.o
LOAD c:/st/stm32cubeide_1.5.1/stm32cubeide/plugins/com.st.stm32cube.ide.mcu.externaltools.gnu-tools-for-stm32.7-2018-q2-update.win32_1.5.0.202011040924/tools/bin/../lib/gcc/arm-none-eabi/7.3.1/thumb/v7e-m/fpv4-sp/hard/crtn.o
                0x0000000020050000                _estack = (ORIGIN (RAM) + LENGTH (RAM))
                0x0000000000000200                _Min_Heap_Size = 0x200
                0x0000000000000400                _Min_Stack_Size = 0x400

.isr_vector     0x0000000008000000      0x1c8
                0x0000000008000000                . = ALIGN (0x4)
 *(.isr_vector)
 .isr_vector    0x0000000008000000      0x1c8 Core/Startup/startup_stm32f746nghx.o
                0x0000000008000000                g_pfnVectors
                0x00000000080001c8                . = ALIGN (0x4)

.text           0x00000000080001d0     0xdba8
                0x00000000080001d0                . = ALIGN (0x4)
 *(.text)
 .text          0x00000000080001d0       0x40 c:/st/stm32cubeide_1.5.1/stm32cubeide/plugins/com.st.stm32cube.ide.mcu.externaltools.gnu-tools-for-stm32.7-2018-q2-update.win32_1.5.0.202011040924/tools/bin/../lib/gcc/arm-none-eabi/7.3.1/thumb/v7e-m/fpv4-sp/hard/crtbegin.o
 .text          0x0000000008000210       0x30 c:/st/stm32cubeide_1.5.1/stm32cubeide/plugins/com.st.stm32cube.ide.mcu.externaltools.gnu-tools-for-stm32.7-2018-q2-update.win32_1.5.0.202011040924/tools/bin/../lib/gcc/arm-none-eabi/7.3.1/thumb/v7e-m/fpv4-sp/hard\libgcc.a(_aeabi_uldivmod.o)
                0x0000000008000210                __aeabi_uldivmod
 .text          0x0000000008000240      0x2cc c:/st/stm32cubeide_1.5.1/stm32cubeide/plugins/com.st.stm32cube.ide.mcu.externaltools.gnu-tools-for-stm32.7-2018-q2-update.win32_1.5.0.202011040924/tools/bin/../lib/gcc/arm-none-eabi/7.3.1/thumb/v7e-m/fpv4-sp/hard\libgcc.a(_udivmoddi4.o)
                0x0000000008000240                __udivmoddi4
 .text          0x000000000800050c        0x4 c:/st/stm32cubeide_1.5.1/stm32cubeide/plugins/com.st.stm32cube.ide.mcu.externaltools.gnu-tools-for-stm32.7-2018-q2-update.win32_1.5.0.202011040924/tools/bin/../lib/gcc/arm-none-eabi/7.3.1/thumb/v7e-m/fpv4-sp/hard\libgcc.a(_dvmd_tls.o)
                0x000000000800050c                __aeabi_idiv0
                0x000000000800050c                __aeabi_ldiv0
 *(.text*)
 .text.vApplicationIdleHook
                0x0000000008000510        0xe Core/Src/freertos.o
                0x0000000008000510                vApplicationIdleHook
 .text.vApplicationStackOverflowHook
                0x000000000800051e       0x16 Core/Src/freertos.o
                0x000000000800051e                vApplicationStackOverflowHook
 .text.vApplicationMallocFailedHook
                0x0000000008000534        0xe Core/Src/freertos.o
                0x0000000008000534                vApplicationMallocFailedHook
 *fill*         0x0000000008000542        0x2 
 .text.vApplicationGetIdleTaskMemory
                0x0000000008000544       0x34 Core/Src/freertos.o
                0x0000000008000544                vApplicationGetIdleTaskMemory
 .text.ft5336_Init
                0x0000000008000578       0x1c Core/Src/ft5336.o
                0x0000000008000578                ft5336_Init
 .text.ft5336_Reset
                0x0000000008000594       0x16 Core/Src/ft5336.o
                0x0000000008000594                ft5336_Reset
 .text.ft5336_ReadID
                0x00000000080005aa       0x5c Core/Src/ft5336.o
                0x00000000080005aa                ft5336_ReadID
 .text.ft5336_TS_Start
                0x0000000008000606       0x22 Core/Src/ft5336.o
                0x0000000008000606                ft5336_TS_Start
 .text.ft5336_TS_DetectTouch
                0x0000000008000628       0x54 Core/Src/ft5336.o
                0x0000000008000628                ft5336_TS_DetectTouch
 .text.ft5336_TS_GetXY
                0x000000000800067c      0x1e0 Core/Src/ft5336.o
                0x000000000800067c                ft5336_TS_GetXY
 .text.ft5336_TS_EnableIT
                0x000000000800085c       0x28 Core/Src/ft5336.o
                0x000000000800085c                ft5336_TS_EnableIT
 .text.ft5336_TS_DisableIT
                0x0000000008000884       0x28 Core/Src/ft5336.o
                0x0000000008000884                ft5336_TS_DisableIT
 .text.ft5336_TS_ITStatus
                0x00000000080008ac       0x18 Core/Src/ft5336.o
                0x00000000080008ac                ft5336_TS_ITStatus
 .text.ft5336_TS_ClearIT
                0x00000000080008c4       0x16 Core/Src/ft5336.o
                0x00000000080008c4                ft5336_TS_ClearIT
 *fill*         0x00000000080008da        0x2 
 .text.ft5336_Get_I2C_InitializedStatus
                0x00000000080008dc       0x18 Core/Src/ft5336.o
 .text.ft5336_I2C_InitializeIfRequired
                0x00000000080008f4       0x20 Core/Src/ft5336.o
 .text.ft5336_TS_Configure
                0x0000000008000914       0x1c Core/Src/ft5336.o
 .text.main     0x0000000008000930      0x1dc Core/Src/main.o
                0x0000000008000930                main
 .text.SystemClock_Config
                0x0000000008000b0c      0x160 Core/Src/main.o
                0x0000000008000b0c                SystemClock_Config
 .text.MX_ADC1_Init
                0x0000000008000c6c       0xa4 Core/Src/main.o
 .text.MX_ADC3_Init
                0x0000000008000d10       0xa4 Core/Src/main.o
 .text.MX_DAC_Init
                0x0000000008000db4       0x54 Core/Src/main.o
 .text.MX_DMA2D_Init
                0x0000000008000e08       0x64 Core/Src/main.o
 .text.MX_I2C1_Init
                0x0000000008000e6c       0x80 Core/Src/main.o
 .text.MX_I2C3_Init
                0x0000000008000eec       0x80 Core/Src/main.o
 .text.MX_LTDC_Init
                0x0000000008000f6c      0x104 Core/Src/main.o
 .text.MX_RTC_Init
                0x0000000008001070      0x14c Core/Src/main.o
 .text.MX_SPI2_Init
                0x00000000080011bc       0x7c Core/Src/main.o
 .text.MX_TIM1_Init
                0x0000000008001238       0xa8 Core/Src/main.o
 .text.MX_TIM2_Init
                0x00000000080012e0       0x9c Core/Src/main.o
 .text.MX_TIM3_Init
                0x000000000800137c       0xcc Core/Src/main.o
 .text.MX_TIM5_Init
                0x0000000008001448       0x9c Core/Src/main.o
 .text.MX_TIM8_Init
                0x00000000080014e4      0x154 Core/Src/main.o
 .text.MX_UART7_Init
                0x0000000008001638       0x60 Core/Src/main.o
 .text.MX_USART1_UART_Init
                0x0000000008001698       0x60 Core/Src/main.o
 .text.MX_USART6_UART_Init
                0x00000000080016f8       0x60 Core/Src/main.o
 .text.MX_FMC_Init
                0x0000000008001758       0x9c Core/Src/main.o
 .text.MX_GPIO_Init
                0x00000000080017f4      0x3fc Core/Src/main.o
 .text.HAL_UART_RxCpltCallback
                0x0000000008001bf0       0xe0 Core/Src/main.o
                0x0000000008001bf0                HAL_UART_RxCpltCallback
 .text.StartDefaultTask
                0x0000000008001cd0       0x10 Core/Src/main.o
                0x0000000008001cd0                StartDefaultTask
 .text.StartRRacket
                0x0000000008001ce0      0x228 Core/Src/main.o
                0x0000000008001ce0                StartRRacket
 .text.StartBall
                0x0000000008001f08      0x1d8 Core/Src/main.o
                0x0000000008001f08                StartBall
 .text.StartBgChanger
                0x00000000080020e0       0xec Core/Src/main.o
                0x00000000080020e0                StartBgChanger
 .text.HAL_TIM_PeriodElapsedCallback
                0x00000000080021cc       0x24 Core/Src/main.o
                0x00000000080021cc                HAL_TIM_PeriodElapsedCallback
 .text.Error_Handler
                0x00000000080021f0        0x8 Core/Src/main.o
                0x00000000080021f0                Error_Handler
 .text.I2Cx_MspInit
                0x00000000080021f8      0x160 Core/Src/stm32746g_discovery.o
 .text.I2Cx_Init
                0x0000000008002358       0x78 Core/Src/stm32746g_discovery.o
 .text.I2Cx_ReadMultiple
                0x00000000080023d0       0x5a Core/Src/stm32746g_discovery.o
 .text.I2Cx_WriteMultiple
                0x000000000800242a       0x5a Core/Src/stm32746g_discovery.o
 .text.I2Cx_Error
                0x0000000008002484       0x20 Core/Src/stm32746g_discovery.o
 .text.TS_IO_Init
                0x00000000080024a4       0x14 Core/Src/stm32746g_discovery.o
                0x00000000080024a4                TS_IO_Init
 .text.TS_IO_Write
                0x00000000080024b8       0x34 Core/Src/stm32746g_discovery.o
                0x00000000080024b8                TS_IO_Write
 .text.TS_IO_Read
                0x00000000080024ec       0x3c Core/Src/stm32746g_discovery.o
                0x00000000080024ec                TS_IO_Read
 .text.TS_IO_Delay
                0x0000000008002528       0x16 Core/Src/stm32746g_discovery.o
                0x0000000008002528                TS_IO_Delay
 *fill*         0x000000000800253e        0x2 
 .text.BSP_LCD_Init
                0x0000000008002540       0xe0 Core/Src/stm32746g_discovery_lcd.o
                0x0000000008002540                BSP_LCD_Init
 .text.BSP_LCD_GetXSize
                0x0000000008002620       0x28 Core/Src/stm32746g_discovery_lcd.o
                0x0000000008002620                BSP_LCD_GetXSize
 .text.BSP_LCD_GetYSize
                0x0000000008002648       0x28 Core/Src/stm32746g_discovery_lcd.o
                0x0000000008002648                BSP_LCD_GetYSize
 .text.BSP_LCD_LayerDefaultInit
                0x0000000008002670       0xc0 Core/Src/stm32746g_discovery_lcd.o
                0x0000000008002670                BSP_LCD_LayerDefaultInit
 .text.BSP_LCD_SelectLayer
                0x0000000008002730       0x20 Core/Src/stm32746g_discovery_lcd.o
                0x0000000008002730                BSP_LCD_SelectLayer
 .text.BSP_LCD_SetTextColor
                0x0000000008002750       0x30 Core/Src/stm32746g_discovery_lcd.o
                0x0000000008002750                BSP_LCD_SetTextColor
 .text.BSP_LCD_SetBackColor
                0x0000000008002780       0x34 Core/Src/stm32746g_discovery_lcd.o
                0x0000000008002780                BSP_LCD_SetBackColor
 .text.BSP_LCD_SetFont
                0x00000000080027b4       0x34 Core/Src/stm32746g_discovery_lcd.o
                0x00000000080027b4                BSP_LCD_SetFont
 .text.BSP_LCD_GetFont
                0x00000000080027e8       0x2c Core/Src/stm32746g_discovery_lcd.o
                0x00000000080027e8                BSP_LCD_GetFont
 .text.BSP_LCD_Clear
                0x0000000008002814       0x50 Core/Src/stm32746g_discovery_lcd.o
                0x0000000008002814                BSP_LCD_Clear
 .text.BSP_LCD_DisplayChar
                0x0000000008002864       0x88 Core/Src/stm32746g_discovery_lcd.o
                0x0000000008002864                BSP_LCD_DisplayChar
 .text.BSP_LCD_DisplayStringAt
                0x00000000080028ec      0x190 Core/Src/stm32746g_discovery_lcd.o
                0x00000000080028ec                BSP_LCD_DisplayStringAt
 .text.BSP_LCD_DisplayStringAtLine
                0x0000000008002a7c       0x2e Core/Src/stm32746g_discovery_lcd.o
                0x0000000008002a7c                BSP_LCD_DisplayStringAtLine
 *fill*         0x0000000008002aaa        0x2 
 .text.BSP_LCD_DrawHLine
                0x0000000008002aac       0xbc Core/Src/stm32746g_discovery_lcd.o
                0x0000000008002aac                BSP_LCD_DrawHLine
 .text.BSP_LCD_DrawLine
                0x0000000008002b68      0x198 Core/Src/stm32746g_discovery_lcd.o
                0x0000000008002b68                BSP_LCD_DrawLine
 .text.BSP_LCD_DrawCircle
                0x0000000008002d00      0x1d4 Core/Src/stm32746g_discovery_lcd.o
                0x0000000008002d00                BSP_LCD_DrawCircle
 .text.BSP_LCD_DrawPixel
                0x0000000008002ed4       0x90 Core/Src/stm32746g_discovery_lcd.o
                0x0000000008002ed4                BSP_LCD_DrawPixel
 .text.BSP_LCD_FillRect
                0x0000000008002f64       0xf4 Core/Src/stm32746g_discovery_lcd.o
                0x0000000008002f64                BSP_LCD_FillRect
 .text.BSP_LCD_FillCircle
                0x0000000008003058      0x140 Core/Src/stm32746g_discovery_lcd.o
                0x0000000008003058                BSP_LCD_FillCircle
 .text.BSP_LCD_FillPolygon
                0x0000000008003198      0x1c8 Core/Src/stm32746g_discovery_lcd.o
                0x0000000008003198                BSP_LCD_FillPolygon
 .text.BSP_LCD_DisplayOn
                0x0000000008003360       0x3c Core/Src/stm32746g_discovery_lcd.o
                0x0000000008003360                BSP_LCD_DisplayOn
 .text.BSP_LCD_MspInit
                0x000000000800339c      0x1b4 Core/Src/stm32746g_discovery_lcd.o
                0x000000000800339c                BSP_LCD_MspInit
 .text.BSP_LCD_ClockConfig
                0x0000000008003550       0x38 Core/Src/stm32746g_discovery_lcd.o
                0x0000000008003550                BSP_LCD_ClockConfig
 .text.DrawChar
                0x0000000008003588      0x170 Core/Src/stm32746g_discovery_lcd.o
 .text.FillTriangle
                0x00000000080036f8      0x180 Core/Src/stm32746g_discovery_lcd.o
 .text.LL_FillBuffer
                0x0000000008003878       0x98 Core/Src/stm32746g_discovery_lcd.o
 .text.BSP_SDRAM_Init
                0x0000000008003910       0xbc Core/Src/stm32746g_discovery_sdram.o
                0x0000000008003910                BSP_SDRAM_Init
 .text.BSP_SDRAM_Initialization_sequence
                0x00000000080039cc       0xc0 Core/Src/stm32746g_discovery_sdram.o
                0x00000000080039cc                BSP_SDRAM_Initialization_sequence
 .text.BSP_SDRAM_MspInit
                0x0000000008003a8c      0x1f0 Core/Src/stm32746g_discovery_sdram.o
                0x0000000008003a8c                BSP_SDRAM_MspInit
 .text.BSP_TS_Init
                0x0000000008003c7c       0x80 Core/Src/stm32746g_discovery_ts.o
                0x0000000008003c7c                BSP_TS_Init
 .text.HAL_MspInit
                0x0000000008003cfc       0x50 Core/Src/stm32f7xx_hal_msp.o
                0x0000000008003cfc                HAL_MspInit
 .text.HAL_ADC_MspInit
                0x0000000008003d4c       0xdc Core/Src/stm32f7xx_hal_msp.o
                0x0000000008003d4c                HAL_ADC_MspInit
 .text.HAL_DAC_MspInit
                0x0000000008003e28       0x90 Core/Src/stm32f7xx_hal_msp.o
                0x0000000008003e28                HAL_DAC_MspInit
 .text.HAL_DMA2D_MspInit
                0x0000000008003eb8       0x40 Core/Src/stm32f7xx_hal_msp.o
                0x0000000008003eb8                HAL_DMA2D_MspInit
 .text.HAL_I2C_MspInit
                0x0000000008003ef8       0xf0 Core/Src/stm32f7xx_hal_msp.o
                0x0000000008003ef8                HAL_I2C_MspInit
 .text.HAL_I2C_MspDeInit
                0x0000000008003fe8       0x78 Core/Src/stm32f7xx_hal_msp.o
                0x0000000008003fe8                HAL_I2C_MspDeInit
 .text.HAL_LTDC_MspInit
                0x0000000008004060      0x190 Core/Src/stm32f7xx_hal_msp.o
                0x0000000008004060                HAL_LTDC_MspInit
 .text.HAL_RTC_MspInit
                0x00000000080041f0       0x34 Core/Src/stm32f7xx_hal_msp.o
                0x00000000080041f0                HAL_RTC_MspInit
 .text.HAL_SPI_MspInit
                0x0000000008004224       0xe4 Core/Src/stm32f7xx_hal_msp.o
                0x0000000008004224                HAL_SPI_MspInit
 .text.HAL_TIM_Base_MspInit
                0x0000000008004308       0xdc Core/Src/stm32f7xx_hal_msp.o
                0x0000000008004308                HAL_TIM_Base_MspInit
 .text.HAL_TIM_MspPostInit
                0x00000000080043e4       0x70 Core/Src/stm32f7xx_hal_msp.o
                0x00000000080043e4                HAL_TIM_MspPostInit
 .text.HAL_UART_MspInit
                0x0000000008004454      0x1ac Core/Src/stm32f7xx_hal_msp.o
                0x0000000008004454                HAL_UART_MspInit
 .text.HAL_FMC_MspInit
                0x0000000008004600      0x120 Core/Src/stm32f7xx_hal_msp.o
 .text.HAL_SDRAM_MspInit
                0x0000000008004720       0x14 Core/Src/stm32f7xx_hal_msp.o
                0x0000000008004720                HAL_SDRAM_MspInit
 .text.HAL_InitTick
                0x0000000008004734       0xb0 Core/Src/stm32f7xx_hal_timebase_tim.o
                0x0000000008004734                HAL_InitTick
 .text.NMI_Handler
                0x00000000080047e4        0x6 Core/Src/stm32f7xx_it.o
                0x00000000080047e4                NMI_Handler
 .text.HardFault_Handler
                0x00000000080047ea        0x6 Core/Src/stm32f7xx_it.o
                0x00000000080047ea                HardFault_Handler
 .text.MemManage_Handler
                0x00000000080047f0        0x6 Core/Src/stm32f7xx_it.o
                0x00000000080047f0                MemManage_Handler
 .text.BusFault_Handler
                0x00000000080047f6        0x6 Core/Src/stm32f7xx_it.o
                0x00000000080047f6                BusFault_Handler
 .text.UsageFault_Handler
                0x00000000080047fc        0x6 Core/Src/stm32f7xx_it.o
                0x00000000080047fc                UsageFault_Handler
 .text.DebugMon_Handler
                0x0000000008004802        0xe Core/Src/stm32f7xx_it.o
                0x0000000008004802                DebugMon_Handler
 .text.USART1_IRQHandler
                0x0000000008004810       0x14 Core/Src/stm32f7xx_it.o
                0x0000000008004810                USART1_IRQHandler
 .text.TIM6_DAC_IRQHandler
                0x0000000008004824       0x1c Core/Src/stm32f7xx_it.o
                0x0000000008004824                TIM6_DAC_IRQHandler
 .text.UART7_IRQHandler
                0x0000000008004840       0x14 Core/Src/stm32f7xx_it.o
                0x0000000008004840                UART7_IRQHandler
 .text.LTDC_IRQHandler
                0x0000000008004854       0x14 Core/Src/stm32f7xx_it.o
                0x0000000008004854                LTDC_IRQHandler
 .text.SystemInit
                0x0000000008004868       0x2c Core/Src/system_stm32f7xx.o
                0x0000000008004868                SystemInit
 .text.Reset_Handler
                0x0000000008004894       0x50 Core/Startup/startup_stm32f746nghx.o
                0x0000000008004894                Reset_Handler
 .text.Default_Handler
                0x00000000080048e4        0x2 Core/Startup/startup_stm32f746nghx.o
                0x00000000080048e4                RTC_Alarm_IRQHandler
                0x00000000080048e4                EXTI2_IRQHandler
                0x00000000080048e4                TIM8_CC_IRQHandler
                0x00000000080048e4                UART8_IRQHandler
                0x00000000080048e4                SPI4_IRQHandler
                0x00000000080048e4                TIM1_CC_IRQHandler
                0x00000000080048e4                DMA2_Stream5_IRQHandler
                0x00000000080048e4                DMA1_Stream5_IRQHandler
                0x00000000080048e4                PVD_IRQHandler
                0x00000000080048e4                TAMP_STAMP_IRQHandler
                0x00000000080048e4                CAN2_RX1_IRQHandler
                0x00000000080048e4                EXTI3_IRQHandler
                0x00000000080048e4                TIM8_TRG_COM_TIM14_IRQHandler
                0x00000000080048e4                TIM1_UP_TIM10_IRQHandler
                0x00000000080048e4                TIM8_UP_TIM13_IRQHandler
                0x00000000080048e4                I2C3_ER_IRQHandler
                0x00000000080048e4                EXTI0_IRQHandler
                0x00000000080048e4                I2C2_EV_IRQHandler
                0x00000000080048e4                DMA1_Stream2_IRQHandler
                0x00000000080048e4                CAN1_RX0_IRQHandler
                0x00000000080048e4                FPU_IRQHandler
                0x00000000080048e4                OTG_HS_WKUP_IRQHandler
                0x00000000080048e4                LTDC_ER_IRQHandler
                0x00000000080048e4                CAN2_SCE_IRQHandler
                0x00000000080048e4                DMA2_Stream2_IRQHandler
                0x00000000080048e4                SPI1_IRQHandler
                0x00000000080048e4                TIM1_BRK_TIM9_IRQHandler
                0x00000000080048e4                DCMI_IRQHandler
                0x00000000080048e4                CAN2_RX0_IRQHandler
                0x00000000080048e4                DMA2_Stream3_IRQHandler
                0x00000000080048e4                SAI2_IRQHandler
                0x00000000080048e4                USART6_IRQHandler
                0x00000000080048e4                USART3_IRQHandler
                0x00000000080048e4                CAN1_RX1_IRQHandler
                0x00000000080048e4                UART5_IRQHandler
                0x00000000080048e4                DMA2_Stream0_IRQHandler
                0x00000000080048e4                TIM4_IRQHandler
                0x00000000080048e4                QUADSPI_IRQHandler
                0x00000000080048e4                I2C1_EV_IRQHandler
                0x00000000080048e4                DMA1_Stream6_IRQHandler
                0x00000000080048e4                DMA1_Stream1_IRQHandler
                0x00000000080048e4                UART4_IRQHandler
                0x00000000080048e4                TIM3_IRQHandler
                0x00000000080048e4                RCC_IRQHandler
                0x00000000080048e4                TIM8_BRK_TIM12_IRQHandler
                0x00000000080048e4                Default_Handler
                0x00000000080048e4                CEC_IRQHandler
                0x00000000080048e4                EXTI15_10_IRQHandler
                0x00000000080048e4                ADC_IRQHandler
                0x00000000080048e4                DMA1_Stream7_IRQHandler
                0x00000000080048e4                SPI5_IRQHandler
                0x00000000080048e4                TIM7_IRQHandler
                0x00000000080048e4                SDMMC1_IRQHandler
                0x00000000080048e4                CAN2_TX_IRQHandler
                0x00000000080048e4                TIM5_IRQHandler
                0x00000000080048e4                DMA2_Stream7_IRQHandler
                0x00000000080048e4                I2C3_EV_IRQHandler
                0x00000000080048e4                EXTI9_5_IRQHandler
                0x00000000080048e4                RTC_WKUP_IRQHandler
                0x00000000080048e4                ETH_WKUP_IRQHandler
                0x00000000080048e4                SPDIF_RX_IRQHandler
                0x00000000080048e4                SPI2_IRQHandler
                0x00000000080048e4                OTG_HS_EP1_IN_IRQHandler
                0x00000000080048e4                DMA1_Stream0_IRQHandler
                0x00000000080048e4                CAN1_TX_IRQHandler
                0x00000000080048e4                EXTI4_IRQHandler
                0x00000000080048e4                RNG_IRQHandler
                0x00000000080048e4                ETH_IRQHandler
                0x00000000080048e4                OTG_HS_EP1_OUT_IRQHandler
                0x00000000080048e4                WWDG_IRQHandler
                0x00000000080048e4                SPI6_IRQHandler
                0x00000000080048e4                I2C4_EV_IRQHandler
                0x00000000080048e4                TIM2_IRQHandler
                0x00000000080048e4                OTG_FS_WKUP_IRQHandler
                0x00000000080048e4                TIM1_TRG_COM_TIM11_IRQHandler
                0x00000000080048e4                OTG_HS_IRQHandler
                0x00000000080048e4                DMA2D_IRQHandler
                0x00000000080048e4                EXTI1_IRQHandler
                0x00000000080048e4                USART2_IRQHandler
                0x00000000080048e4                I2C2_ER_IRQHandler
                0x00000000080048e4                DMA2_Stream1_IRQHandler
                0x00000000080048e4                CAN1_SCE_IRQHandler
                0x00000000080048e4                FLASH_IRQHandler
                0x00000000080048e4                DMA2_Stream4_IRQHandler
                0x00000000080048e4                OTG_FS_IRQHandler
                0x00000000080048e4                SPI3_IRQHandler
                0x00000000080048e4                DMA1_Stream4_IRQHandler
                0x00000000080048e4                I2C1_ER_IRQHandler
                0x00000000080048e4                FMC_IRQHandler
                0x00000000080048e4                LPTIM1_IRQHandler
                0x00000000080048e4                I2C4_ER_IRQHandler
                0x00000000080048e4                DMA2_Stream6_IRQHandler
                0x00000000080048e4                SAI1_IRQHandler
                0x00000000080048e4                DMA1_Stream3_IRQHandler
 .text.HAL_Init
                0x00000000080048e6       0x1a Drivers/STM32F7xx_HAL_Driver/Src/stm32f7xx_hal.o
                0x00000000080048e6                HAL_Init
 .text.HAL_IncTick
                0x0000000008004900       0x28 Drivers/STM32F7xx_HAL_Driver/Src/stm32f7xx_hal.o
                0x0000000008004900                HAL_IncTick
 .text.HAL_GetTick
                0x0000000008004928       0x18 Drivers/STM32F7xx_HAL_Driver/Src/stm32f7xx_hal.o
                0x0000000008004928                HAL_GetTick
 .text.HAL_Delay
                0x0000000008004940       0x48 Drivers/STM32F7xx_HAL_Driver/Src/stm32f7xx_hal.o
                0x0000000008004940                HAL_Delay
 .text.HAL_ADC_Init
                0x0000000008004988       0x88 Drivers/STM32F7xx_HAL_Driver/Src/stm32f7xx_hal_adc.o
                0x0000000008004988                HAL_ADC_Init
 .text.HAL_ADC_Start
                0x0000000008004a10      0x180 Drivers/STM32F7xx_HAL_Driver/Src/stm32f7xx_hal_adc.o
                0x0000000008004a10                HAL_ADC_Start
 .text.HAL_ADC_PollForConversion
                0x0000000008004b90      0x108 Drivers/STM32F7xx_HAL_Driver/Src/stm32f7xx_hal_adc.o
                0x0000000008004b90                HAL_ADC_PollForConversion
 .text.HAL_ADC_GetValue
                0x0000000008004c98       0x1a Drivers/STM32F7xx_HAL_Driver/Src/stm32f7xx_hal_adc.o
                0x0000000008004c98                HAL_ADC_GetValue
 *fill*         0x0000000008004cb2        0x2 
 .text.HAL_ADC_ConfigChannel
                0x0000000008004cb4      0x294 Drivers/STM32F7xx_HAL_Driver/Src/stm32f7xx_hal_adc.o
                0x0000000008004cb4                HAL_ADC_ConfigChannel
 .text.ADC_Init
                0x0000000008004f48      0x1f4 Drivers/STM32F7xx_HAL_Driver/Src/stm32f7xx_hal_adc.o
 .text.__NVIC_SetPriorityGrouping
                0x000000000800513c       0x48 Drivers/STM32F7xx_HAL_Driver/Src/stm32f7xx_hal_cortex.o
 .text.__NVIC_GetPriorityGrouping
                0x0000000008005184       0x1c Drivers/STM32F7xx_HAL_Driver/Src/stm32f7xx_hal_cortex.o
 .text.__NVIC_EnableIRQ
                0x00000000080051a0       0x3c Drivers/STM32F7xx_HAL_Driver/Src/stm32f7xx_hal_cortex.o
 .text.__NVIC_SetPriority
                0x00000000080051dc       0x54 Drivers/STM32F7xx_HAL_Driver/Src/stm32f7xx_hal_cortex.o
 .text.NVIC_EncodePriority
                0x0000000008005230       0x66 Drivers/STM32F7xx_HAL_Driver/Src/stm32f7xx_hal_cortex.o
 .text.HAL_NVIC_SetPriorityGrouping
                0x0000000008005296       0x16 Drivers/STM32F7xx_HAL_Driver/Src/stm32f7xx_hal_cortex.o
                0x0000000008005296                HAL_NVIC_SetPriorityGrouping
 .text.HAL_NVIC_SetPriority
                0x00000000080052ac       0x38 Drivers/STM32F7xx_HAL_Driver/Src/stm32f7xx_hal_cortex.o
                0x00000000080052ac                HAL_NVIC_SetPriority
 .text.HAL_NVIC_EnableIRQ
                0x00000000080052e4       0x1c Drivers/STM32F7xx_HAL_Driver/Src/stm32f7xx_hal_cortex.o
                0x00000000080052e4                HAL_NVIC_EnableIRQ
 .text.HAL_DAC_Init
                0x0000000008005300       0x44 Drivers/STM32F7xx_HAL_Driver/Src/stm32f7xx_hal_dac.o
                0x0000000008005300                HAL_DAC_Init
 .text.HAL_DAC_IRQHandler
                0x0000000008005344       0x94 Drivers/STM32F7xx_HAL_Driver/Src/stm32f7xx_hal_dac.o
                0x0000000008005344                HAL_DAC_IRQHandler
 .text.HAL_DAC_DMAUnderrunCallbackCh1
                0x00000000080053d8       0x14 Drivers/STM32F7xx_HAL_Driver/Src/stm32f7xx_hal_dac.o
                0x00000000080053d8                HAL_DAC_DMAUnderrunCallbackCh1
 .text.HAL_DAC_ConfigChannel
                0x00000000080053ec       0x9a Drivers/STM32F7xx_HAL_Driver/Src/stm32f7xx_hal_dac.o
                0x00000000080053ec                HAL_DAC_ConfigChannel
 .text.HAL_DACEx_DMAUnderrunCallbackCh2
                0x0000000008005486       0x14 Drivers/STM32F7xx_HAL_Driver/Src/stm32f7xx_hal_dac_ex.o
                0x0000000008005486                HAL_DACEx_DMAUnderrunCallbackCh2
 *fill*         0x000000000800549a        0x2 
 .text.HAL_DMA_Init
                0x000000000800549c      0x15c Drivers/STM32F7xx_HAL_Driver/Src/stm32f7xx_hal_dma.o
                0x000000000800549c                HAL_DMA_Init
 .text.HAL_DMA_DeInit
                0x00000000080055f8       0xbc Drivers/STM32F7xx_HAL_Driver/Src/stm32f7xx_hal_dma.o
                0x00000000080055f8                HAL_DMA_DeInit
 .text.HAL_DMA_Abort_IT
                0x00000000080056b4       0x44 Drivers/STM32F7xx_HAL_Driver/Src/stm32f7xx_hal_dma.o
                0x00000000080056b4                HAL_DMA_Abort_IT
 .text.DMA_CalcBaseAndBitshift
                0x00000000080056f8       0x6c Drivers/STM32F7xx_HAL_Driver/Src/stm32f7xx_hal_dma.o
 .text.DMA_CheckFifoParam
                0x0000000008005764       0xf8 Drivers/STM32F7xx_HAL_Driver/Src/stm32f7xx_hal_dma.o
 .text.HAL_DMA2D_Init
                0x000000000800585c       0x94 Drivers/STM32F7xx_HAL_Driver/Src/stm32f7xx_hal_dma2d.o
                0x000000000800585c                HAL_DMA2D_Init
 .text.HAL_DMA2D_Start
                0x00000000080058f0       0x56 Drivers/STM32F7xx_HAL_Driver/Src/stm32f7xx_hal_dma2d.o
                0x00000000080058f0                HAL_DMA2D_Start
 .text.HAL_DMA2D_PollForTransfer
                0x0000000008005946      0x1d2 Drivers/STM32F7xx_HAL_Driver/Src/stm32f7xx_hal_dma2d.o
                0x0000000008005946                HAL_DMA2D_PollForTransfer
 .text.HAL_DMA2D_ConfigLayer
                0x0000000008005b18      0x124 Drivers/STM32F7xx_HAL_Driver/Src/stm32f7xx_hal_dma2d.o
                0x0000000008005b18                HAL_DMA2D_ConfigLayer
 .text.DMA2D_SetConfig
                0x0000000008005c3c      0x138 Drivers/STM32F7xx_HAL_Driver/Src/stm32f7xx_hal_dma2d.o
 .text.HAL_GPIO_Init
                0x0000000008005d74      0x358 Drivers/STM32F7xx_HAL_Driver/Src/stm32f7xx_hal_gpio.o
                0x0000000008005d74                HAL_GPIO_Init
 .text.HAL_GPIO_DeInit
                0x00000000080060cc      0x218 Drivers/STM32F7xx_HAL_Driver/Src/stm32f7xx_hal_gpio.o
                0x00000000080060cc                HAL_GPIO_DeInit
 .text.HAL_GPIO_ReadPin
                0x00000000080062e4       0x30 Drivers/STM32F7xx_HAL_Driver/Src/stm32f7xx_hal_gpio.o
                0x00000000080062e4                HAL_GPIO_ReadPin
 .text.HAL_GPIO_WritePin
                0x0000000008006314       0x32 Drivers/STM32F7xx_HAL_Driver/Src/stm32f7xx_hal_gpio.o
                0x0000000008006314                HAL_GPIO_WritePin
 *fill*         0x0000000008006346        0x2 
 .text.HAL_I2C_Init
                0x0000000008006348      0x120 Drivers/STM32F7xx_HAL_Driver/Src/stm32f7xx_hal_i2c.o
                0x0000000008006348                HAL_I2C_Init
 .text.HAL_I2C_DeInit
                0x0000000008006468       0x5e Drivers/STM32F7xx_HAL_Driver/Src/stm32f7xx_hal_i2c.o
                0x0000000008006468                HAL_I2C_DeInit
 *fill*         0x00000000080064c6        0x2 
 .text.HAL_I2C_Mem_Write
                0x00000000080064c8      0x228 Drivers/STM32F7xx_HAL_Driver/Src/stm32f7xx_hal_i2c.o
                0x00000000080064c8                HAL_I2C_Mem_Write
 .text.HAL_I2C_Mem_Read
                0x00000000080066f0      0x234 Drivers/STM32F7xx_HAL_Driver/Src/stm32f7xx_hal_i2c.o
                0x00000000080066f0                HAL_I2C_Mem_Read
 .text.HAL_I2C_GetState
                0x0000000008006924       0x1c Drivers/STM32F7xx_HAL_Driver/Src/stm32f7xx_hal_i2c.o
                0x0000000008006924                HAL_I2C_GetState
 .text.I2C_RequestMemoryWrite
                0x0000000008006940       0xa8 Drivers/STM32F7xx_HAL_Driver/Src/stm32f7xx_hal_i2c.o
 .text.I2C_RequestMemoryRead
                0x00000000080069e8       0xa8 Drivers/STM32F7xx_HAL_Driver/Src/stm32f7xx_hal_i2c.o
 .text.I2C_Flush_TXDR
                0x0000000008006a90       0x48 Drivers/STM32F7xx_HAL_Driver/Src/stm32f7xx_hal_i2c.o
 .text.I2C_WaitOnFlagUntilTimeout
                0x0000000008006ad8       0x80 Drivers/STM32F7xx_HAL_Driver/Src/stm32f7xx_hal_i2c.o
 .text.I2C_WaitOnTXISFlagUntilTimeout
                0x0000000008006b58       0x80 Drivers/STM32F7xx_HAL_Driver/Src/stm32f7xx_hal_i2c.o
 .text.I2C_WaitOnSTOPFlagUntilTimeout
                0x0000000008006bd8       0x78 Drivers/STM32F7xx_HAL_Driver/Src/stm32f7xx_hal_i2c.o
 .text.I2C_IsAcknowledgeFailed
                0x0000000008006c50       0xcc Drivers/STM32F7xx_HAL_Driver/Src/stm32f7xx_hal_i2c.o
 .text.I2C_TransferConfig
                0x0000000008006d1c       0x5c Drivers/STM32F7xx_HAL_Driver/Src/stm32f7xx_hal_i2c.o
 .text.HAL_I2CEx_ConfigAnalogFilter
                0x0000000008006d78       0x96 Drivers/STM32F7xx_HAL_Driver/Src/stm32f7xx_hal_i2c_ex.o
                0x0000000008006d78                HAL_I2CEx_ConfigAnalogFilter
 .text.HAL_I2CEx_ConfigDigitalFilter
                0x0000000008006e0e       0x98 Drivers/STM32F7xx_HAL_Driver/Src/stm32f7xx_hal_i2c_ex.o
                0x0000000008006e0e                HAL_I2CEx_ConfigDigitalFilter
 *fill*         0x0000000008006ea6        0x2 
 .text.HAL_LTDC_Init
                0x0000000008006ea8      0x1a0 Drivers/STM32F7xx_HAL_Driver/Src/stm32f7xx_hal_ltdc.o
                0x0000000008006ea8                HAL_LTDC_Init
 .text.HAL_LTDC_IRQHandler
                0x0000000008007048      0x148 Drivers/STM32F7xx_HAL_Driver/Src/stm32f7xx_hal_ltdc.o
                0x0000000008007048                HAL_LTDC_IRQHandler
 .text.HAL_LTDC_ErrorCallback
                0x0000000008007190       0x14 Drivers/STM32F7xx_HAL_Driver/Src/stm32f7xx_hal_ltdc.o
                0x0000000008007190                HAL_LTDC_ErrorCallback
 .text.HAL_LTDC_LineEventCallback
                0x00000000080071a4       0x14 Drivers/STM32F7xx_HAL_Driver/Src/stm32f7xx_hal_ltdc.o
                0x00000000080071a4                HAL_LTDC_LineEventCallback
 .text.HAL_LTDC_ReloadEventCallback
                0x00000000080071b8       0x14 Drivers/STM32F7xx_HAL_Driver/Src/stm32f7xx_hal_ltdc.o
                0x00000000080071b8                HAL_LTDC_ReloadEventCallback
 .text.HAL_LTDC_ConfigLayer
                0x00000000080071cc       0x7c Drivers/STM32F7xx_HAL_Driver/Src/stm32f7xx_hal_ltdc.o
                0x00000000080071cc                HAL_LTDC_ConfigLayer
 .text.HAL_LTDC_GetState
                0x0000000008007248       0x1c Drivers/STM32F7xx_HAL_Driver/Src/stm32f7xx_hal_ltdc.o
                0x0000000008007248                HAL_LTDC_GetState
 .text.LTDC_SetConfig
                0x0000000008007264      0x334 Drivers/STM32F7xx_HAL_Driver/Src/stm32f7xx_hal_ltdc.o
 .text.HAL_PWR_EnableBkUpAccess
                0x0000000008007598       0x20 Drivers/STM32F7xx_HAL_Driver/Src/stm32f7xx_hal_pwr.o
                0x0000000008007598                HAL_PWR_EnableBkUpAccess
 .text.HAL_PWREx_EnableOverDrive
                0x00000000080075b8       0xa0 Drivers/STM32F7xx_HAL_Driver/Src/stm32f7xx_hal_pwr_ex.o
                0x00000000080075b8                HAL_PWREx_EnableOverDrive
 .text.HAL_RCC_OscConfig
                0x0000000008007658      0x548 Drivers/STM32F7xx_HAL_Driver/Src/stm32f7xx_hal_rcc.o
                0x0000000008007658                HAL_RCC_OscConfig
 .text.HAL_RCC_ClockConfig
                0x0000000008007ba0      0x1d8 Drivers/STM32F7xx_HAL_Driver/Src/stm32f7xx_hal_rcc.o
                0x0000000008007ba0                HAL_RCC_ClockConfig
 .text.HAL_RCC_GetSysClockFreq
                0x0000000008007d78      0x16c Drivers/STM32F7xx_HAL_Driver/Src/stm32f7xx_hal_rcc.o
                0x0000000008007d78                HAL_RCC_GetSysClockFreq
 .text.HAL_RCC_GetHCLKFreq
                0x0000000008007ee4       0x18 Drivers/STM32F7xx_HAL_Driver/Src/stm32f7xx_hal_rcc.o
                0x0000000008007ee4                HAL_RCC_GetHCLKFreq
 .text.HAL_RCC_GetPCLK1Freq
                0x0000000008007efc       0x28 Drivers/STM32F7xx_HAL_Driver/Src/stm32f7xx_hal_rcc.o
                0x0000000008007efc                HAL_RCC_GetPCLK1Freq
 .text.HAL_RCC_GetPCLK2Freq
                0x0000000008007f24       0x28 Drivers/STM32F7xx_HAL_Driver/Src/stm32f7xx_hal_rcc.o
                0x0000000008007f24                HAL_RCC_GetPCLK2Freq
 .text.HAL_RCC_GetClockConfig
                0x0000000008007f4c       0x64 Drivers/STM32F7xx_HAL_Driver/Src/stm32f7xx_hal_rcc.o
                0x0000000008007f4c                HAL_RCC_GetClockConfig
 .text.HAL_RCCEx_PeriphCLKConfig
                0x0000000008007fb0      0x7dc Drivers/STM32F7xx_HAL_Driver/Src/stm32f7xx_hal_rcc_ex.o
                0x0000000008007fb0                HAL_RCCEx_PeriphCLKConfig
 .text.HAL_RTC_Init
                0x000000000800878c       0xf8 Drivers/STM32F7xx_HAL_Driver/Src/stm32f7xx_hal_rtc.o
                0x000000000800878c                HAL_RTC_Init
 .text.HAL_RTC_SetTime
                0x0000000008008884      0x17c Drivers/STM32F7xx_HAL_Driver/Src/stm32f7xx_hal_rtc.o
                0x0000000008008884                HAL_RTC_SetTime
 .text.HAL_RTC_SetDate
                0x0000000008008a00      0x150 Drivers/STM32F7xx_HAL_Driver/Src/stm32f7xx_hal_rtc.o
                0x0000000008008a00                HAL_RTC_SetDate
 .text.HAL_RTC_SetAlarm
                0x0000000008008b50      0x230 Drivers/STM32F7xx_HAL_Driver/Src/stm32f7xx_hal_rtc.o
                0x0000000008008b50                HAL_RTC_SetAlarm
 .text.HAL_RTC_WaitForSynchro
                0x0000000008008d80       0x50 Drivers/STM32F7xx_HAL_Driver/Src/stm32f7xx_hal_rtc.o
                0x0000000008008d80                HAL_RTC_WaitForSynchro
 .text.RTC_EnterInitMode
                0x0000000008008dd0       0x58 Drivers/STM32F7xx_HAL_Driver/Src/stm32f7xx_hal_rtc.o
                0x0000000008008dd0                RTC_EnterInitMode
 .text.RTC_ByteToBcd2
                0x0000000008008e28       0x3c Drivers/STM32F7xx_HAL_Driver/Src/stm32f7xx_hal_rtc.o
                0x0000000008008e28                RTC_ByteToBcd2
 .text.HAL_RTCEx_SetTimeStamp
                0x0000000008008e64       0xac Drivers/STM32F7xx_HAL_Driver/Src/stm32f7xx_hal_rtc_ex.o
                0x0000000008008e64                HAL_RTCEx_SetTimeStamp
 .text.HAL_SDRAM_Init
                0x0000000008008f10       0x68 Drivers/STM32F7xx_HAL_Driver/Src/stm32f7xx_hal_sdram.o
                0x0000000008008f10                HAL_SDRAM_Init
 .text.HAL_SDRAM_SendCommand
                0x0000000008008f78       0x56 Drivers/STM32F7xx_HAL_Driver/Src/stm32f7xx_hal_sdram.o
                0x0000000008008f78                HAL_SDRAM_SendCommand
 .text.HAL_SDRAM_ProgramRefreshRate
                0x0000000008008fce       0x40 Drivers/STM32F7xx_HAL_Driver/Src/stm32f7xx_hal_sdram.o
                0x0000000008008fce                HAL_SDRAM_ProgramRefreshRate
 .text.HAL_SPI_Init
                0x000000000800900e      0x124 Drivers/STM32F7xx_HAL_Driver/Src/stm32f7xx_hal_spi.o
                0x000000000800900e                HAL_SPI_Init
 .text.HAL_TIM_Base_Init
                0x0000000008009132       0x56 Drivers/STM32F7xx_HAL_Driver/Src/stm32f7xx_hal_tim.o
                0x0000000008009132                HAL_TIM_Base_Init
 .text.HAL_TIM_Base_Start_IT
                0x0000000008009188       0x54 Drivers/STM32F7xx_HAL_Driver/Src/stm32f7xx_hal_tim.o
                0x0000000008009188                HAL_TIM_Base_Start_IT
 .text.HAL_TIM_PWM_Init
                0x00000000080091dc       0x56 Drivers/STM32F7xx_HAL_Driver/Src/stm32f7xx_hal_tim.o
                0x00000000080091dc                HAL_TIM_PWM_Init
 .text.HAL_TIM_PWM_MspInit
                0x0000000008009232       0x14 Drivers/STM32F7xx_HAL_Driver/Src/stm32f7xx_hal_tim.o
                0x0000000008009232                HAL_TIM_PWM_MspInit
 .text.HAL_TIM_IRQHandler
                0x0000000008009246      0x23e Drivers/STM32F7xx_HAL_Driver/Src/stm32f7xx_hal_tim.o
                0x0000000008009246                HAL_TIM_IRQHandler
 .text.HAL_TIM_PWM_ConfigChannel
                0x0000000008009484      0x230 Drivers/STM32F7xx_HAL_Driver/Src/stm32f7xx_hal_tim.o
                0x0000000008009484                HAL_TIM_PWM_ConfigChannel
 .text.HAL_TIM_ConfigClockSource
                0x00000000080096b4      0x18c Drivers/STM32F7xx_HAL_Driver/Src/stm32f7xx_hal_tim.o
                0x00000000080096b4                HAL_TIM_ConfigClockSource
 .text.HAL_TIM_SlaveConfigSynchro
                0x0000000008009840       0x84 Drivers/STM32F7xx_HAL_Driver/Src/stm32f7xx_hal_tim.o
                0x0000000008009840                HAL_TIM_SlaveConfigSynchro
 .text.HAL_TIM_OC_DelayElapsedCallback
                0x00000000080098c4       0x14 Drivers/STM32F7xx_HAL_Driver/Src/stm32f7xx_hal_tim.o
                0x00000000080098c4                HAL_TIM_OC_DelayElapsedCallback
 .text.HAL_TIM_IC_CaptureCallback
                0x00000000080098d8       0x14 Drivers/STM32F7xx_HAL_Driver/Src/stm32f7xx_hal_tim.o
                0x00000000080098d8                HAL_TIM_IC_CaptureCallback
 .text.HAL_TIM_PWM_PulseFinishedCallback
                0x00000000080098ec       0x14 Drivers/STM32F7xx_HAL_Driver/Src/stm32f7xx_hal_tim.o
                0x00000000080098ec                HAL_TIM_PWM_PulseFinishedCallback
 .text.HAL_TIM_TriggerCallback
                0x0000000008009900       0x14 Drivers/STM32F7xx_HAL_Driver/Src/stm32f7xx_hal_tim.o
                0x0000000008009900                HAL_TIM_TriggerCallback
 .text.TIM_Base_SetConfig
                0x0000000008009914      0x140 Drivers/STM32F7xx_HAL_Driver/Src/stm32f7xx_hal_tim.o
                0x0000000008009914                TIM_Base_SetConfig
 .text.TIM_OC1_SetConfig
                0x0000000008009a54       0xe4 Drivers/STM32F7xx_HAL_Driver/Src/stm32f7xx_hal_tim.o
 .text.TIM_OC2_SetConfig
                0x0000000008009b38       0xf0 Drivers/STM32F7xx_HAL_Driver/Src/stm32f7xx_hal_tim.o
                0x0000000008009b38                TIM_OC2_SetConfig
 .text.TIM_OC3_SetConfig
                0x0000000008009c28       0xec Drivers/STM32F7xx_HAL_Driver/Src/stm32f7xx_hal_tim.o
 .text.TIM_OC4_SetConfig
                0x0000000008009d14       0xb0 Drivers/STM32F7xx_HAL_Driver/Src/stm32f7xx_hal_tim.o
 .text.TIM_OC5_SetConfig
                0x0000000008009dc4       0xa4 Drivers/STM32F7xx_HAL_Driver/Src/stm32f7xx_hal_tim.o
 .text.TIM_OC6_SetConfig
                0x0000000008009e68       0xa8 Drivers/STM32F7xx_HAL_Driver/Src/stm32f7xx_hal_tim.o
 .text.TIM_SlaveTimer_SetConfig
                0x0000000008009f10      0x120 Drivers/STM32F7xx_HAL_Driver/Src/stm32f7xx_hal_tim.o
 .text.TIM_TI1_ConfigInputStage
                0x000000000800a030       0x5e Drivers/STM32F7xx_HAL_Driver/Src/stm32f7xx_hal_tim.o
 .text.TIM_TI2_ConfigInputStage
                0x000000000800a08e       0x60 Drivers/STM32F7xx_HAL_Driver/Src/stm32f7xx_hal_tim.o
 .text.TIM_ITRx_SetConfig
                0x000000000800a0ee       0x36 Drivers/STM32F7xx_HAL_Driver/Src/stm32f7xx_hal_tim.o
 .text.TIM_ETR_SetConfig
                0x000000000800a124       0x40 Drivers/STM32F7xx_HAL_Driver/Src/stm32f7xx_hal_tim.o
                0x000000000800a124                TIM_ETR_SetConfig
 .text.HAL_TIMEx_MasterConfigSynchronization
                0x000000000800a164      0x11c Drivers/STM32F7xx_HAL_Driver/Src/stm32f7xx_hal_tim_ex.o
                0x000000000800a164                HAL_TIMEx_MasterConfigSynchronization
 .text.HAL_TIMEx_ConfigBreakDeadTime
                0x000000000800a280       0xfc Drivers/STM32F7xx_HAL_Driver/Src/stm32f7xx_hal_tim_ex.o
                0x000000000800a280                HAL_TIMEx_ConfigBreakDeadTime
 .text.HAL_TIMEx_CommutCallback
                0x000000000800a37c       0x14 Drivers/STM32F7xx_HAL_Driver/Src/stm32f7xx_hal_tim_ex.o
                0x000000000800a37c                HAL_TIMEx_CommutCallback
 .text.HAL_TIMEx_BreakCallback
                0x000000000800a390       0x14 Drivers/STM32F7xx_HAL_Driver/Src/stm32f7xx_hal_tim_ex.o
                0x000000000800a390                HAL_TIMEx_BreakCallback
 .text.HAL_TIMEx_Break2Callback
                0x000000000800a3a4       0x14 Drivers/STM32F7xx_HAL_Driver/Src/stm32f7xx_hal_tim_ex.o
                0x000000000800a3a4                HAL_TIMEx_Break2Callback
 .text.HAL_UART_Init
                0x000000000800a3b8       0x9c Drivers/STM32F7xx_HAL_Driver/Src/stm32f7xx_hal_uart.o
                0x000000000800a3b8                HAL_UART_Init
 .text.HAL_UART_Transmit_IT
                0x000000000800a454       0xb8 Drivers/STM32F7xx_HAL_Driver/Src/stm32f7xx_hal_uart.o
                0x000000000800a454                HAL_UART_Transmit_IT
 .text.HAL_UART_Receive_IT
                0x000000000800a50c      0x144 Drivers/STM32F7xx_HAL_Driver/Src/stm32f7xx_hal_uart.o
                0x000000000800a50c                HAL_UART_Receive_IT
 .text.HAL_UART_IRQHandler
                0x000000000800a650      0x260 Drivers/STM32F7xx_HAL_Driver/Src/stm32f7xx_hal_uart.o
                0x000000000800a650                HAL_UART_IRQHandler
 .text.HAL_UART_TxCpltCallback
                0x000000000800a8b0       0x14 Drivers/STM32F7xx_HAL_Driver/Src/stm32f7xx_hal_uart.o
                0x000000000800a8b0                HAL_UART_TxCpltCallback
 .text.HAL_UART_ErrorCallback
                0x000000000800a8c4       0x14 Drivers/STM32F7xx_HAL_Driver/Src/stm32f7xx_hal_uart.o
                0x000000000800a8c4                HAL_UART_ErrorCallback
 .text.UART_SetConfig
                0x000000000800a8d8      0x558 Drivers/STM32F7xx_HAL_Driver/Src/stm32f7xx_hal_uart.o
                0x000000000800a8d8                UART_SetConfig
 .text.UART_AdvFeatureConfig
                0x000000000800ae30      0x144 Drivers/STM32F7xx_HAL_Driver/Src/stm32f7xx_hal_uart.o
                0x000000000800ae30                UART_AdvFeatureConfig
 .text.UART_CheckIdleState
                0x000000000800af74       0x5e Drivers/STM32F7xx_HAL_Driver/Src/stm32f7xx_hal_uart.o
                0x000000000800af74                UART_CheckIdleState
 .text.UART_WaitOnFlagUntilTimeout
                0x000000000800afd2       0xf6 Drivers/STM32F7xx_HAL_Driver/Src/stm32f7xx_hal_uart.o
                0x000000000800afd2                UART_WaitOnFlagUntilTimeout
 .text.UART_EndRxTransfer
                0x000000000800b0c8       0x40 Drivers/STM32F7xx_HAL_Driver/Src/stm32f7xx_hal_uart.o
 .text.UART_DMAAbortOnError
                0x000000000800b108       0x2c Drivers/STM32F7xx_HAL_Driver/Src/stm32f7xx_hal_uart.o
 .text.UART_TxISR_8BIT
                0x000000000800b134       0x72 Drivers/STM32F7xx_HAL_Driver/Src/stm32f7xx_hal_uart.o
 .text.UART_TxISR_16BIT
                0x000000000800b1a6       0x7c Drivers/STM32F7xx_HAL_Driver/Src/stm32f7xx_hal_uart.o
 .text.UART_EndTransmit_IT
                0x000000000800b222       0x32 Drivers/STM32F7xx_HAL_Driver/Src/stm32f7xx_hal_uart.o
 .text.UART_RxISR_8BIT
                0x000000000800b254       0xa6 Drivers/STM32F7xx_HAL_Driver/Src/stm32f7xx_hal_uart.o
 .text.UART_RxISR_16BIT
                0x000000000800b2fa       0xa6 Drivers/STM32F7xx_HAL_Driver/Src/stm32f7xx_hal_uart.o
 .text.FMC_SDRAM_Init
                0x000000000800b3a0       0xe4 Drivers/STM32F7xx_HAL_Driver/Src/stm32f7xx_ll_fmc.o
                0x000000000800b3a0                FMC_SDRAM_Init
 .text.FMC_SDRAM_Timing_Init
                0x000000000800b484      0x100 Drivers/STM32F7xx_HAL_Driver/Src/stm32f7xx_ll_fmc.o
                0x000000000800b484                FMC_SDRAM_Timing_Init
 .text.FMC_SDRAM_SendCommand
                0x000000000800b584       0x42 Drivers/STM32F7xx_HAL_Driver/Src/stm32f7xx_ll_fmc.o
                0x000000000800b584                FMC_SDRAM_SendCommand
 .text.FMC_SDRAM_ProgramRefreshRate
                0x000000000800b5c6       0x26 Drivers/STM32F7xx_HAL_Driver/Src/stm32f7xx_ll_fmc.o
                0x000000000800b5c6                FMC_SDRAM_ProgramRefreshRate
 .text.makeFreeRtosPriority
                0x000000000800b5ec       0x30 Middlewares/Third_Party/FreeRTOS/Source/CMSIS_RTOS/cmsis_os.o
 .text.osKernelStart
                0x000000000800b61c        0xe Middlewares/Third_Party/FreeRTOS/Source/CMSIS_RTOS/cmsis_os.o
                0x000000000800b61c                osKernelStart
 .text.osThreadCreate
                0x000000000800b62a       0x98 Middlewares/Third_Party/FreeRTOS/Source/CMSIS_RTOS/cmsis_os.o
                0x000000000800b62a                osThreadCreate
 .text.osDelay  0x000000000800b6c2       0x28 Middlewares/Third_Party/FreeRTOS/Source/CMSIS_RTOS/cmsis_os.o
                0x000000000800b6c2                osDelay
 .text.osMutexCreate
                0x000000000800b6ea       0x30 Middlewares/Third_Party/FreeRTOS/Source/CMSIS_RTOS/cmsis_os.o
                0x000000000800b6ea                osMutexCreate
 .text.osMessageCreate
                0x000000000800b71a       0x50 Middlewares/Third_Party/FreeRTOS/Source/CMSIS_RTOS/cmsis_os.o
                0x000000000800b71a                osMessageCreate
 .text.vListInitialise
                0x000000000800b76a       0x40 Middlewares/Third_Party/FreeRTOS/Source/list.o
                0x000000000800b76a                vListInitialise
 .text.vListInitialiseItem
                0x000000000800b7aa       0x1a Middlewares/Third_Party/FreeRTOS/Source/list.o
                0x000000000800b7aa                vListInitialiseItem
 .text.vListInsertEnd
                0x000000000800b7c4       0x48 Middlewares/Third_Party/FreeRTOS/Source/list.o
                0x000000000800b7c4                vListInsertEnd
 .text.vListInsert
                0x000000000800b80c       0x72 Middlewares/Third_Party/FreeRTOS/Source/list.o
                0x000000000800b80c                vListInsert
 .text.uxListRemove
                0x000000000800b87e       0x54 Middlewares/Third_Party/FreeRTOS/Source/list.o
                0x000000000800b87e                uxListRemove
 *fill*         0x000000000800b8d2        0x2 
 .text.xQueueGenericReset
                0x000000000800b8d4       0xd4 Middlewares/Third_Party/FreeRTOS/Source/queue.o
                0x000000000800b8d4                xQueueGenericReset
 .text.xQueueGenericCreateStatic
                0x000000000800b9a8      0x104 Middlewares/Third_Party/FreeRTOS/Source/queue.o
                0x000000000800b9a8                xQueueGenericCreateStatic
 .text.xQueueGenericCreate
                0x000000000800baac       0x84 Middlewares/Third_Party/FreeRTOS/Source/queue.o
                0x000000000800baac                xQueueGenericCreate
 .text.prvInitialiseNewQueue
                0x000000000800bb30       0x3e Middlewares/Third_Party/FreeRTOS/Source/queue.o
 .text.prvInitialiseMutex
                0x000000000800bb6e       0x34 Middlewares/Third_Party/FreeRTOS/Source/queue.o
 .text.xQueueCreateMutex
                0x000000000800bba2       0x30 Middlewares/Third_Party/FreeRTOS/Source/queue.o
                0x000000000800bba2                xQueueCreateMutex
 .text.xQueueCreateMutexStatic
                0x000000000800bbd2       0x36 Middlewares/Third_Party/FreeRTOS/Source/queue.o
                0x000000000800bbd2                xQueueCreateMutexStatic
 .text.xQueueGenericSend
                0x000000000800bc08      0x20c Middlewares/Third_Party/FreeRTOS/Source/queue.o
                0x000000000800bc08                xQueueGenericSend
 .text.xQueueSemaphoreTake
                0x000000000800be14      0x228 Middlewares/Third_Party/FreeRTOS/Source/queue.o
                0x000000000800be14                xQueueSemaphoreTake
 .text.prvGetDisinheritPriorityAfterTimeout
                0x000000000800c03c       0x30 Middlewares/Third_Party/FreeRTOS/Source/queue.o
 .text.prvCopyDataToQueue
                0x000000000800c06c       0xd4 Middlewares/Third_Party/FreeRTOS/Source/queue.o
 .text.prvUnlockQueue
                0x000000000800c140       0xa4 Middlewares/Third_Party/FreeRTOS/Source/queue.o
 .text.prvIsQueueEmpty
                0x000000000800c1e4       0x2c Middlewares/Third_Party/FreeRTOS/Source/queue.o
 .text.prvIsQueueFull
                0x000000000800c210       0x30 Middlewares/Third_Party/FreeRTOS/Source/queue.o
 .text.xTaskCreateStatic
                0x000000000800c240       0xc6 Middlewares/Third_Party/FreeRTOS/Source/tasks.o
                0x000000000800c240                xTaskCreateStatic
 .text.xTaskCreate
                0x000000000800c306       0x8a Middlewares/Third_Party/FreeRTOS/Source/tasks.o
                0x000000000800c306                xTaskCreate
 .text.prvInitialiseNewTask
                0x000000000800c390      0x128 Middlewares/Third_Party/FreeRTOS/Source/tasks.o
 .text.prvAddNewTaskToReadyList
                0x000000000800c4b8       0xd4 Middlewares/Third_Party/FreeRTOS/Source/tasks.o
 .text.vTaskDelayUntil
                0x000000000800c58c      0x108 Middlewares/Third_Party/FreeRTOS/Source/tasks.o
                0x000000000800c58c                vTaskDelayUntil
 .text.vTaskDelay
                0x000000000800c694       0x6c Middlewares/Third_Party/FreeRTOS/Source/tasks.o
                0x000000000800c694                vTaskDelay
 .text.vTaskSuspend
                0x000000000800c700      0x128 Middlewares/Third_Party/FreeRTOS/Source/tasks.o
                0x000000000800c700                vTaskSuspend
 .text.vTaskStartScheduler
                0x000000000800c828       0xc8 Middlewares/Third_Party/FreeRTOS/Source/tasks.o
                0x000000000800c828                vTaskStartScheduler
 .text.vTaskSuspendAll
                0x000000000800c8f0       0x1c Middlewares/Third_Party/FreeRTOS/Source/tasks.o
                0x000000000800c8f0                vTaskSuspendAll
 .text.xTaskResumeAll
                0x000000000800c90c      0x13c Middlewares/Third_Party/FreeRTOS/Source/tasks.o
                0x000000000800c90c                xTaskResumeAll
 .text.xTaskGetTickCount
                0x000000000800ca48       0x20 Middlewares/Third_Party/FreeRTOS/Source/tasks.o
                0x000000000800ca48                xTaskGetTickCount
 .text.xTaskIncrementTick
                0x000000000800ca68      0x174 Middlewares/Third_Party/FreeRTOS/Source/tasks.o
                0x000000000800ca68                xTaskIncrementTick
 .text.vTaskSwitchContext
                0x000000000800cbdc      0x104 Middlewares/Third_Party/FreeRTOS/Source/tasks.o
                0x000000000800cbdc                vTaskSwitchContext
 .text.vTaskPlaceOnEventList
                0x000000000800cce0       0x4c Middlewares/Third_Party/FreeRTOS/Source/tasks.o
                0x000000000800cce0                vTaskPlaceOnEventList
 .text.xTaskRemoveFromEventList
                0x000000000800cd2c       0xc8 Middlewares/Third_Party/FreeRTOS/Source/tasks.o
                0x000000000800cd2c                xTaskRemoveFromEventList
 .text.vTaskInternalSetTimeOutState
                0x000000000800cdf4       0x2c Middlewares/Third_Party/FreeRTOS/Source/tasks.o
                0x000000000800cdf4                vTaskInternalSetTimeOutState
 .text.xTaskCheckForTimeOut
                0x000000000800ce20       0xcc Middlewares/Third_Party/FreeRTOS/Source/tasks.o
                0x000000000800ce20                xTaskCheckForTimeOut
 .text.vTaskMissedYield
                0x000000000800ceec       0x18 Middlewares/Third_Party/FreeRTOS/Source/tasks.o
                0x000000000800ceec                vTaskMissedYield
 .text.prvIdleTask
                0x000000000800cf04       0x34 Middlewares/Third_Party/FreeRTOS/Source/tasks.o
 .text.prvInitialiseTaskLists
                0x000000000800cf38       0x80 Middlewares/Third_Party/FreeRTOS/Source/tasks.o
 .text.prvCheckTasksWaitingTermination
                0x000000000800cfb8       0x5c Middlewares/Third_Party/FreeRTOS/Source/tasks.o
 .text.prvDeleteTCB
                0x000000000800d014       0x62 Middlewares/Third_Party/FreeRTOS/Source/tasks.o
 *fill*         0x000000000800d076        0x2 
 .text.prvResetNextTaskUnblockTime
                0x000000000800d078       0x40 Middlewares/Third_Party/FreeRTOS/Source/tasks.o
 .text.xTaskGetSchedulerState
                0x000000000800d0b8       0x3c Middlewares/Third_Party/FreeRTOS/Source/tasks.o
                0x000000000800d0b8                xTaskGetSchedulerState
 .text.xTaskPriorityInherit
                0x000000000800d0f4      0x100 Middlewares/Third_Party/FreeRTOS/Source/tasks.o
                0x000000000800d0f4                xTaskPriorityInherit
 .text.xTaskPriorityDisinherit
                0x000000000800d1f4      0x114 Middlewares/Third_Party/FreeRTOS/Source/tasks.o
                0x000000000800d1f4                xTaskPriorityDisinherit
 .text.vTaskPriorityDisinheritAfterTimeout
                0x000000000800d308      0x13c Middlewares/Third_Party/FreeRTOS/Source/tasks.o
                0x000000000800d308                vTaskPriorityDisinheritAfterTimeout
 .text.pvTaskIncrementMutexHeldCount
                0x000000000800d444       0x28 Middlewares/Third_Party/FreeRTOS/Source/tasks.o
                0x000000000800d444                pvTaskIncrementMutexHeldCount
 .text.prvAddCurrentTaskToDelayedList
                0x000000000800d46c       0xcc Middlewares/Third_Party/FreeRTOS/Source/tasks.o
 .text.pxPortInitialiseStack
                0x000000000800d538       0x68 Middlewares/Third_Party/FreeRTOS/Source/portable/GCC/ARM_CM7/r0p1/port.o
                0x000000000800d538                pxPortInitialiseStack
 .text.prvTaskExitError
                0x000000000800d5a0       0x60 Middlewares/Third_Party/FreeRTOS/Source/portable/GCC/ARM_CM7/r0p1/port.o
 .text.SVC_Handler
                0x000000000800d600       0x28 Middlewares/Third_Party/FreeRTOS/Source/portable/GCC/ARM_CM7/r0p1/port.o
                0x000000000800d600                SVC_Handler
 .text.prvPortStartFirstTask
                0x000000000800d628       0x28 Middlewares/Third_Party/FreeRTOS/Source/portable/GCC/ARM_CM7/r0p1/port.o
 .text.xPortStartScheduler
                0x000000000800d650       0xfc Middlewares/Third_Party/FreeRTOS/Source/portable/GCC/ARM_CM7/r0p1/port.o
                0x000000000800d650                xPortStartScheduler
 .text.vPortEnterCritical
                0x000000000800d74c       0x68 Middlewares/Third_Party/FreeRTOS/Source/portable/GCC/ARM_CM7/r0p1/port.o
                0x000000000800d74c                vPortEnterCritical
 .text.vPortExitCritical
                0x000000000800d7b4       0x58 Middlewares/Third_Party/FreeRTOS/Source/portable/GCC/ARM_CM7/r0p1/port.o
                0x000000000800d7b4                vPortExitCritical
 *fill*         0x000000000800d80c        0x4 
 .text.PendSV_Handler
                0x000000000800d810       0x68 Middlewares/Third_Party/FreeRTOS/Source/portable/GCC/ARM_CM7/r0p1/port.o
                0x000000000800d810                PendSV_Handler
 .text.SysTick_Handler
                0x000000000800d878       0x48 Middlewares/Third_Party/FreeRTOS/Source/portable/GCC/ARM_CM7/r0p1/port.o
                0x000000000800d878                SysTick_Handler
 .text.vPortSetupTimerInterrupt
                0x000000000800d8c0       0x48 Middlewares/Third_Party/FreeRTOS/Source/portable/GCC/ARM_CM7/r0p1/port.o
                0x000000000800d8c0                vPortSetupTimerInterrupt
 .text.vPortEnableVFP
                0x000000000800d908       0x14 Middlewares/Third_Party/FreeRTOS/Source/portable/GCC/ARM_CM7/r0p1/port.o
 .text.pvPortMalloc
                0x000000000800d91c      0x1a0 Middlewares/Third_Party/FreeRTOS/Source/portable/MemMang/heap_4.o
                0x000000000800d91c                pvPortMalloc
 .text.vPortFree
                0x000000000800dabc       0xbc Middlewares/Third_Party/FreeRTOS/Source/portable/MemMang/heap_4.o
                0x000000000800dabc                vPortFree
 .text.prvHeapInit
                0x000000000800db78       0xc4 Middlewares/Third_Party/FreeRTOS/Source/portable/MemMang/heap_4.o
 .text.prvInsertBlockIntoFreeList
                0x000000000800dc3c       0xb4 Middlewares/Third_Party/FreeRTOS/Source/portable/MemMang/heap_4.o
 .text.__libc_init_array
                0x000000000800dcf0       0x48 c:/st/stm32cubeide_1.5.1/stm32cubeide/plugins/com.st.stm32cube.ide.mcu.externaltools.gnu-tools-for-stm32.7-2018-q2-update.win32_1.5.0.202011040924/tools/bin/../lib/gcc/arm-none-eabi/7.3.1/../../../../arm-none-eabi/lib/thumb/v7e-m/fpv4-sp/hard\libc_nano.a(lib_a-init.o)
                0x000000000800dcf0                __libc_init_array
 .text.memcpy   0x000000000800dd38       0x16 c:/st/stm32cubeide_1.5.1/stm32cubeide/plugins/com.st.stm32cube.ide.mcu.externaltools.gnu-tools-for-stm32.7-2018-q2-update.win32_1.5.0.202011040924/tools/bin/../lib/gcc/arm-none-eabi/7.3.1/../../../../arm-none-eabi/lib/thumb/v7e-m/fpv4-sp/hard\libc_nano.a(lib_a-memcpy-stub.o)
                0x000000000800dd38                memcpy
 .text.memset   0x000000000800dd4e       0x10 c:/st/stm32cubeide_1.5.1/stm32cubeide/plugins/com.st.stm32cube.ide.mcu.externaltools.gnu-tools-for-stm32.7-2018-q2-update.win32_1.5.0.202011040924/tools/bin/../lib/gcc/arm-none-eabi/7.3.1/../../../../arm-none-eabi/lib/thumb/v7e-m/fpv4-sp/hard\libc_nano.a(lib_a-memset.o)
                0x000000000800dd4e                memset
 *(.glue_7)
 .glue_7        0x000000000800dd5e        0x0 linker stubs
 *(.glue_7t)
 .glue_7t       0x000000000800dd5e        0x0 linker stubs
 *(.eh_frame)
 *fill*         0x000000000800dd5e        0x2 
 .eh_frame      0x000000000800dd60        0x0 c:/st/stm32cubeide_1.5.1/stm32cubeide/plugins/com.st.stm32cube.ide.mcu.externaltools.gnu-tools-for-stm32.7-2018-q2-update.win32_1.5.0.202011040924/tools/bin/../lib/gcc/arm-none-eabi/7.3.1/thumb/v7e-m/fpv4-sp/hard/crtbegin.o
 *(.init)
 .init          0x000000000800dd60        0x4 c:/st/stm32cubeide_1.5.1/stm32cubeide/plugins/com.st.stm32cube.ide.mcu.externaltools.gnu-tools-for-stm32.7-2018-q2-update.win32_1.5.0.202011040924/tools/bin/../lib/gcc/arm-none-eabi/7.3.1/thumb/v7e-m/fpv4-sp/hard/crti.o
                0x000000000800dd60                _init
 .init          0x000000000800dd64        0x8 c:/st/stm32cubeide_1.5.1/stm32cubeide/plugins/com.st.stm32cube.ide.mcu.externaltools.gnu-tools-for-stm32.7-2018-q2-update.win32_1.5.0.202011040924/tools/bin/../lib/gcc/arm-none-eabi/7.3.1/thumb/v7e-m/fpv4-sp/hard/crtn.o
 *(.fini)
 .fini          0x000000000800dd6c        0x4 c:/st/stm32cubeide_1.5.1/stm32cubeide/plugins/com.st.stm32cube.ide.mcu.externaltools.gnu-tools-for-stm32.7-2018-q2-update.win32_1.5.0.202011040924/tools/bin/../lib/gcc/arm-none-eabi/7.3.1/thumb/v7e-m/fpv4-sp/hard/crti.o
                0x000000000800dd6c                _fini
 .fini          0x000000000800dd70        0x8 c:/st/stm32cubeide_1.5.1/stm32cubeide/plugins/com.st.stm32cube.ide.mcu.externaltools.gnu-tools-for-stm32.7-2018-q2-update.win32_1.5.0.202011040924/tools/bin/../lib/gcc/arm-none-eabi/7.3.1/thumb/v7e-m/fpv4-sp/hard/crtn.o
                0x000000000800dd78                . = ALIGN (0x4)
                0x000000000800dd78                _etext = .

.vfp11_veneer   0x000000000800dd78        0x0
 .vfp11_veneer  0x000000000800dd78        0x0 linker stubs

.v4_bx          0x000000000800dd78        0x0
 .v4_bx         0x000000000800dd78        0x0 linker stubs

.iplt           0x000000000800dd78        0x0
 .iplt          0x000000000800dd78        0x0 c:/st/stm32cubeide_1.5.1/stm32cubeide/plugins/com.st.stm32cube.ide.mcu.externaltools.gnu-tools-for-stm32.7-2018-q2-update.win32_1.5.0.202011040924/tools/bin/../lib/gcc/arm-none-eabi/7.3.1/thumb/v7e-m/fpv4-sp/hard/crtbegin.o

.rodata         0x000000000800dd78     0x2008
                0x000000000800dd78                . = ALIGN (0x4)
 *(.rodata)
 .rodata        0x000000000800dd78       0xb2 Core/Src/main.o
 *fill*         0x000000000800de2a        0x2 
 .rodata        0x000000000800de2c        0x5 Middlewares/Third_Party/FreeRTOS/Source/tasks.o
 *(.rodata*)
 *fill*         0x000000000800de31        0x3 
 .rodata.Font24_Table
                0x000000000800de34     0x1ab8 Core/Src/stm32746g_discovery_lcd.o
                0x000000000800de34                Font24_Table
 .rodata.Font12_Table
                0x000000000800f8ec      0x474 Core/Src/stm32746g_discovery_lcd.o
                0x000000000800f8ec                Font12_Table
 .rodata.AHBPrescTable
                0x000000000800fd60       0x10 Core/Src/system_stm32f7xx.o
                0x000000000800fd60                AHBPrescTable
 .rodata.APBPrescTable
                0x000000000800fd70        0x8 Core/Src/system_stm32f7xx.o
                0x000000000800fd70                APBPrescTable
 .rodata.flagBitshiftOffset.10006
                0x000000000800fd78        0x8 Drivers/STM32F7xx_HAL_Driver/Src/stm32f7xx_hal_dma.o
                0x000000000800fd80                . = ALIGN (0x4)

.ARM.extab      0x000000000800fd80        0x0
                0x000000000800fd80                . = ALIGN (0x4)
 *(.ARM.extab* .gnu.linkonce.armextab.*)
                0x000000000800fd80                . = ALIGN (0x4)

.ARM            0x000000000800fd80        0x8
                0x000000000800fd80                . = ALIGN (0x4)
                0x000000000800fd80                __exidx_start = .
 *(.ARM.exidx*)
 .ARM.exidx     0x000000000800fd80        0x8 c:/st/stm32cubeide_1.5.1/stm32cubeide/plugins/com.st.stm32cube.ide.mcu.externaltools.gnu-tools-for-stm32.7-2018-q2-update.win32_1.5.0.202011040924/tools/bin/../lib/gcc/arm-none-eabi/7.3.1/thumb/v7e-m/fpv4-sp/hard\libgcc.a(_udivmoddi4.o)
                0x000000000800fd88                __exidx_end = .
                0x000000000800fd88                . = ALIGN (0x4)

.rel.dyn        0x000000000800fd88        0x0
 .rel.iplt      0x000000000800fd88        0x0 c:/st/stm32cubeide_1.5.1/stm32cubeide/plugins/com.st.stm32cube.ide.mcu.externaltools.gnu-tools-for-stm32.7-2018-q2-update.win32_1.5.0.202011040924/tools/bin/../lib/gcc/arm-none-eabi/7.3.1/thumb/v7e-m/fpv4-sp/hard/crtbegin.o

.preinit_array  0x000000000800fd88        0x0
                0x000000000800fd88                . = ALIGN (0x4)
                0x000000000800fd88                PROVIDE (__preinit_array_start = .)
 *(.preinit_array*)
                0x000000000800fd88                PROVIDE (__preinit_array_end = .)
                0x000000000800fd88                . = ALIGN (0x4)

.init_array     0x000000000800fd88        0x4
                0x000000000800fd88                . = ALIGN (0x4)
                0x000000000800fd88                PROVIDE (__init_array_start = .)
 *(SORT_BY_NAME(.init_array.*))
 *(.init_array*)
 .init_array    0x000000000800fd88        0x4 c:/st/stm32cubeide_1.5.1/stm32cubeide/plugins/com.st.stm32cube.ide.mcu.externaltools.gnu-tools-for-stm32.7-2018-q2-update.win32_1.5.0.202011040924/tools/bin/../lib/gcc/arm-none-eabi/7.3.1/thumb/v7e-m/fpv4-sp/hard/crtbegin.o
                0x000000000800fd8c                PROVIDE (__init_array_end = .)
                0x000000000800fd8c                . = ALIGN (0x4)

.fini_array     0x000000000800fd8c        0x4
                0x000000000800fd8c                . = ALIGN (0x4)
                [!provide]                        PROVIDE (__fini_array_start = .)
 *(SORT_BY_NAME(.fini_array.*))
 *(.fini_array*)
 .fini_array    0x000000000800fd8c        0x4 c:/st/stm32cubeide_1.5.1/stm32cubeide/plugins/com.st.stm32cube.ide.mcu.externaltools.gnu-tools-for-stm32.7-2018-q2-update.win32_1.5.0.202011040924/tools/bin/../lib/gcc/arm-none-eabi/7.3.1/thumb/v7e-m/fpv4-sp/hard/crtbegin.o
                [!provide]                        PROVIDE (__fini_array_end = .)
                0x000000000800fd90                . = ALIGN (0x4)
                0x000000000800fd90                _sidata = LOADADDR (.data)

.data           0x0000000020000000       0x58 load address 0x000000000800fd90
                0x0000000020000000                . = ALIGN (0x4)
                0x0000000020000000                _sdata = .
 *(.data)
 *(.data*)
 .data.ft5336_ts_drv
                0x0000000020000000       0x28 Core/Src/ft5336.o
                0x0000000020000000                ft5336_ts_drv
 .data.x_RRacket
                0x0000000020000028        0x2 Core/Src/main.o
                0x0000000020000028                x_RRacket
 .data.y_RRacket
                0x000000002000002a        0x2 Core/Src/main.o
                0x000000002000002a                y_RRacket
 .data.x_balle  0x000000002000002c        0x2 Core/Src/main.o
                0x000000002000002c                x_balle
 .data.y_balle  0x000000002000002e        0x2 Core/Src/main.o
                0x000000002000002e                y_balle
 .data.r_balle  0x0000000020000030        0x2 Core/Src/main.o
                0x0000000020000030                r_balle
 .data.couleur  0x0000000020000032        0x1 Core/Src/main.o
                0x0000000020000032                couleur
 *fill*         0x0000000020000033        0x1 
 .data.Font24   0x0000000020000034        0x8 Core/Src/stm32746g_discovery_lcd.o
                0x0000000020000034                Font24
 .data.Font12   0x000000002000003c        0x8 Core/Src/stm32746g_discovery_lcd.o
                0x000000002000003c                Font12
 .data.sdramstatus.9922
                0x0000000020000044        0x1 Core/Src/stm32746g_discovery_sdram.o
 *fill*         0x0000000020000045        0x3 
 .data.SystemCoreClock
                0x0000000020000048        0x4 Core/Src/system_stm32f7xx.o
                0x0000000020000048                SystemCoreClock
 .data.uwTickPrio
                0x000000002000004c        0x4 Drivers/STM32F7xx_HAL_Driver/Src/stm32f7xx_hal.o
                0x000000002000004c                uwTickPrio
 .data.uwTickFreq
                0x0000000020000050        0x1 Drivers/STM32F7xx_HAL_Driver/Src/stm32f7xx_hal.o
                0x0000000020000050                uwTickFreq
 *fill*         0x0000000020000051        0x3 
 .data.uxCriticalNesting
                0x0000000020000054        0x4 Middlewares/Third_Party/FreeRTOS/Source/portable/GCC/ARM_CM7/r0p1/port.o
 *(.RamFunc)
 *(.RamFunc*)
                0x0000000020000058                . = ALIGN (0x4)
                0x0000000020000058                _edata = .

.igot.plt       0x0000000020000058        0x0 load address 0x000000000800fde8
 .igot.plt      0x0000000020000058        0x0 c:/st/stm32cubeide_1.5.1/stm32cubeide/plugins/com.st.stm32cube.ide.mcu.externaltools.gnu-tools-for-stm32.7-2018-q2-update.win32_1.5.0.202011040924/tools/bin/../lib/gcc/arm-none-eabi/7.3.1/thumb/v7e-m/fpv4-sp/hard/crtbegin.o
                0x0000000020000058                . = ALIGN (0x4)

.bss            0x0000000020000058     0x8c7c load address 0x000000000800fde8
                0x0000000020000058                _sbss = .
                0x0000000020000058                __bss_start__ = _sbss
 *(.bss)
 .bss           0x0000000020000058       0x1c c:/st/stm32cubeide_1.5.1/stm32cubeide/plugins/com.st.stm32cube.ide.mcu.externaltools.gnu-tools-for-stm32.7-2018-q2-update.win32_1.5.0.202011040924/tools/bin/../lib/gcc/arm-none-eabi/7.3.1/thumb/v7e-m/fpv4-sp/hard/crtbegin.o
 *(.bss*)
 .bss.xIdleTaskTCBBuffer
                0x0000000020000074       0x58 Core/Src/freertos.o
 .bss.xIdleStack
                0x00000000200000cc      0x200 Core/Src/freertos.o
 .bss.ft5336_handle
                0x00000000200002cc        0x3 Core/Src/ft5336.o
 *fill*         0x00000000200002cf        0x1 
 .bss.coord.5659
                0x00000000200002d0        0x2 Core/Src/ft5336.o
 .bss.lost      0x00000000200002d2        0x1 Core/Src/main.o
                0x00000000200002d2                lost
 *fill*         0x00000000200002d3        0x1 
 .bss.hI2cAudioHandler
                0x00000000200002d4       0x4c Core/Src/stm32746g_discovery.o
 .bss.hDma2dHandler
                0x0000000020000320       0x40 Core/Src/stm32746g_discovery_lcd.o
 .bss.ActiveLayer
                0x0000000020000360        0x4 Core/Src/stm32746g_discovery_lcd.o
 .bss.DrawProp  0x0000000020000364       0x18 Core/Src/stm32746g_discovery_lcd.o
 .bss.periph_clk_init_struct.10509
                0x000000002000037c       0x84 Core/Src/stm32746g_discovery_lcd.o
 .bss.Timing    0x0000000020000400       0x1c Core/Src/stm32746g_discovery_sdram.o
 .bss.Command   0x000000002000041c       0x10 Core/Src/stm32746g_discovery_sdram.o
 .bss.dma_handle.9958
                0x000000002000042c       0x60 Core/Src/stm32746g_discovery_sdram.o
 .bss.tsDriver  0x000000002000048c        0x4 Core/Src/stm32746g_discovery_ts.o
 .bss.tsXBoundary
                0x0000000020000490        0x2 Core/Src/stm32746g_discovery_ts.o
 .bss.tsYBoundary
                0x0000000020000492        0x2 Core/Src/stm32746g_discovery_ts.o
 .bss.tsOrientation
                0x0000000020000494        0x1 Core/Src/stm32746g_discovery_ts.o
 .bss.I2cAddress
                0x0000000020000495        0x1 Core/Src/stm32746g_discovery_ts.o
 *fill*         0x0000000020000496        0x2 
 .bss.FMC_Initialized
                0x0000000020000498        0x4 Core/Src/stm32f7xx_hal_msp.o
 .bss.pxCurrentTCB
                0x000000002000049c        0x4 Middlewares/Third_Party/FreeRTOS/Source/tasks.o
                0x000000002000049c                pxCurrentTCB
 .bss.pxReadyTasksLists
                0x00000000200004a0       0x8c Middlewares/Third_Party/FreeRTOS/Source/tasks.o
 .bss.xDelayedTaskList1
                0x000000002000052c       0x14 Middlewares/Third_Party/FreeRTOS/Source/tasks.o
 .bss.xDelayedTaskList2
                0x0000000020000540       0x14 Middlewares/Third_Party/FreeRTOS/Source/tasks.o
 .bss.pxDelayedTaskList
                0x0000000020000554        0x4 Middlewares/Third_Party/FreeRTOS/Source/tasks.o
 .bss.pxOverflowDelayedTaskList
                0x0000000020000558        0x4 Middlewares/Third_Party/FreeRTOS/Source/tasks.o
 .bss.xPendingReadyList
                0x000000002000055c       0x14 Middlewares/Third_Party/FreeRTOS/Source/tasks.o
 .bss.xTasksWaitingTermination
                0x0000000020000570       0x14 Middlewares/Third_Party/FreeRTOS/Source/tasks.o
 .bss.uxDeletedTasksWaitingCleanUp
                0x0000000020000584        0x4 Middlewares/Third_Party/FreeRTOS/Source/tasks.o
 .bss.xSuspendedTaskList
                0x0000000020000588       0x14 Middlewares/Third_Party/FreeRTOS/Source/tasks.o
 .bss.uxCurrentNumberOfTasks
                0x000000002000059c        0x4 Middlewares/Third_Party/FreeRTOS/Source/tasks.o
 .bss.xTickCount
                0x00000000200005a0        0x4 Middlewares/Third_Party/FreeRTOS/Source/tasks.o
 .bss.uxTopReadyPriority
                0x00000000200005a4        0x4 Middlewares/Third_Party/FreeRTOS/Source/tasks.o
 .bss.xSchedulerRunning
                0x00000000200005a8        0x4 Middlewares/Third_Party/FreeRTOS/Source/tasks.o
 .bss.uxPendedTicks
                0x00000000200005ac        0x4 Middlewares/Third_Party/FreeRTOS/Source/tasks.o
 .bss.xYieldPending
                0x00000000200005b0        0x4 Middlewares/Third_Party/FreeRTOS/Source/tasks.o
 .bss.xNumOfOverflows
                0x00000000200005b4        0x4 Middlewares/Third_Party/FreeRTOS/Source/tasks.o
 .bss.uxTaskNumber
                0x00000000200005b8        0x4 Middlewares/Third_Party/FreeRTOS/Source/tasks.o
 .bss.xNextTaskUnblockTime
                0x00000000200005bc        0x4 Middlewares/Third_Party/FreeRTOS/Source/tasks.o
 .bss.xIdleTaskHandle
                0x00000000200005c0        0x4 Middlewares/Third_Party/FreeRTOS/Source/tasks.o
 .bss.uxSchedulerSuspended
                0x00000000200005c4        0x4 Middlewares/Third_Party/FreeRTOS/Source/tasks.o
 .bss.ucMaxSysCallPriority
                0x00000000200005c8        0x1 Middlewares/Third_Party/FreeRTOS/Source/portable/GCC/ARM_CM7/r0p1/port.o
 *fill*         0x00000000200005c9        0x3 
 .bss.ulMaxPRIGROUPValue
                0x00000000200005cc        0x4 Middlewares/Third_Party/FreeRTOS/Source/portable/GCC/ARM_CM7/r0p1/port.o
 .bss.ucHeap    0x00000000200005d0     0x8000 Middlewares/Third_Party/FreeRTOS/Source/portable/MemMang/heap_4.o
 .bss.xStart    0x00000000200085d0        0x8 Middlewares/Third_Party/FreeRTOS/Source/portable/MemMang/heap_4.o
 .bss.pxEnd     0x00000000200085d8        0x4 Middlewares/Third_Party/FreeRTOS/Source/portable/MemMang/heap_4.o
 .bss.xFreeBytesRemaining
                0x00000000200085dc        0x4 Middlewares/Third_Party/FreeRTOS/Source/portable/MemMang/heap_4.o
 .bss.xMinimumEverFreeBytesRemaining
                0x00000000200085e0        0x4 Middlewares/Third_Party/FreeRTOS/Source/portable/MemMang/heap_4.o
 .bss.xBlockAllocatedBit
                0x00000000200085e4        0x4 Middlewares/Third_Party/FreeRTOS/Source/portable/MemMang/heap_4.o
 *(COMMON)
 COMMON         0x00000000200085e8      0x5cc Core/Src/main.o
                0x00000000200085e8                defaultTaskHandle
                0x00000000200085ec                hi2c3
                0x0000000020008638                hspi2
                0x000000002000869c                huart7
                0x000000002000871c                htim8
                0x000000002000875c                hi2c1
                0x00000000200087a8                htim5
                0x00000000200087e8                htim3
                0x0000000020008828                hltdc
                0x00000000200088d0                hadc1
                0x0000000020008918                hadc3
                0x0000000020008960                BgChangerHandle
                0x0000000020008964                huart1
                0x00000000200089e4                hdac
                0x00000000200089f8                hrtc
                0x0000000020008a18                RRacketHandle
                0x0000000020008a1c                htim1
                0x0000000020008a5c                txbuffer
                0x0000000020008a68                huart6
                0x0000000020008ae8                hdma2d
                0x0000000020008b28                htim2
                0x0000000020008b68                hsdram1
                0x0000000020008b9c                myMutex_LCDHandle
                0x0000000020008ba0                rxbuffer
                0x0000000020008bac                BallDisplayHandle
                0x0000000020008bb0                myQueueU2HHandle
 COMMON         0x0000000020008bb4       0xa8 Core/Src/stm32746g_discovery_lcd.o
                0x0000000020008bb4                hLtdcHandler
 COMMON         0x0000000020008c5c       0x34 Core/Src/stm32746g_discovery_sdram.o
                0x0000000020008c5c                sdramHandle
 COMMON         0x0000000020008c90       0x40 Core/Src/stm32f7xx_hal_timebase_tim.o
                0x0000000020008c90                htim6
 COMMON         0x0000000020008cd0        0x4 Drivers/STM32F7xx_HAL_Driver/Src/stm32f7xx_hal.o
                0x0000000020008cd0                uwTick
                0x0000000020008cd4                . = ALIGN (0x4)
                0x0000000020008cd4                _ebss = .
                0x0000000020008cd4                __bss_end__ = _ebss

._user_heap_stack
                0x0000000020008cd4      0x604 load address 0x000000000800fde8
                0x0000000020008cd8                . = ALIGN (0x8)
 *fill*         0x0000000020008cd4        0x4 
                [!provide]                        PROVIDE (end = .)
                0x0000000020008cd8                PROVIDE (_end = .)
                0x0000000020008ed8                . = (. + _Min_Heap_Size)
 *fill*         0x0000000020008cd8      0x200 
                0x00000000200092d8                . = (. + _Min_Stack_Size)
 *fill*         0x0000000020008ed8      0x400 
                0x00000000200092d8                . = ALIGN (0x8)

/DISCARD/
 libc.a(*)
 libm.a(*)
 libgcc.a(*)

.ARM.attributes
                0x0000000000000000       0x30
 *(.ARM.attributes)
 .ARM.attributes
                0x0000000000000000       0x22 c:/st/stm32cubeide_1.5.1/stm32cubeide/plugins/com.st.stm32cube.ide.mcu.externaltools.gnu-tools-for-stm32.7-2018-q2-update.win32_1.5.0.202011040924/tools/bin/../lib/gcc/arm-none-eabi/7.3.1/thumb/v7e-m/fpv4-sp/hard/crti.o
 .ARM.attributes
                0x0000000000000022       0x34 c:/st/stm32cubeide_1.5.1/stm32cubeide/plugins/com.st.stm32cube.ide.mcu.externaltools.gnu-tools-for-stm32.7-2018-q2-update.win32_1.5.0.202011040924/tools/bin/../lib/gcc/arm-none-eabi/7.3.1/thumb/v7e-m/fpv4-sp/hard/crtbegin.o
 .ARM.attributes
                0x0000000000000056       0x34 Core/Src/freertos.o
 .ARM.attributes
                0x000000000000008a       0x34 Core/Src/ft5336.o
 .ARM.attributes
                0x00000000000000be       0x39 Core/Src/main.o
 .ARM.attributes
                0x00000000000000f7       0x34 Core/Src/stm32746g_discovery.o
 .ARM.attributes
                0x000000000000012b       0x34 Core/Src/stm32746g_discovery_lcd.o
 .ARM.attributes
                0x000000000000015f       0x34 Core/Src/stm32746g_discovery_sdram.o
 .ARM.attributes
                0x0000000000000193       0x34 Core/Src/stm32746g_discovery_ts.o
 .ARM.attributes
                0x00000000000001c7       0x34 Core/Src/stm32f7xx_hal_msp.o
 .ARM.attributes
                0x00000000000001fb       0x34 Core/Src/stm32f7xx_hal_timebase_tim.o
 .ARM.attributes
                0x000000000000022f       0x34 Core/Src/stm32f7xx_it.o
 .ARM.attributes
                0x0000000000000263       0x34 Core/Src/system_stm32f7xx.o
 .ARM.attributes
                0x0000000000000297       0x21 Core/Startup/startup_stm32f746nghx.o
 .ARM.attributes
                0x00000000000002b8       0x34 Drivers/STM32F7xx_HAL_Driver/Src/stm32f7xx_hal.o
 .ARM.attributes
                0x00000000000002ec       0x34 Drivers/STM32F7xx_HAL_Driver/Src/stm32f7xx_hal_adc.o
 .ARM.attributes
                0x0000000000000320       0x34 Drivers/STM32F7xx_HAL_Driver/Src/stm32f7xx_hal_cortex.o
 .ARM.attributes
                0x0000000000000354       0x34 Drivers/STM32F7xx_HAL_Driver/Src/stm32f7xx_hal_dac.o
 .ARM.attributes
                0x0000000000000388       0x34 Drivers/STM32F7xx_HAL_Driver/Src/stm32f7xx_hal_dac_ex.o
 .ARM.attributes
                0x00000000000003bc       0x34 Drivers/STM32F7xx_HAL_Driver/Src/stm32f7xx_hal_dma.o
 .ARM.attributes
                0x00000000000003f0       0x34 Drivers/STM32F7xx_HAL_Driver/Src/stm32f7xx_hal_dma2d.o
 .ARM.attributes
                0x0000000000000424       0x34 Drivers/STM32F7xx_HAL_Driver/Src/stm32f7xx_hal_gpio.o
 .ARM.attributes
                0x0000000000000458       0x34 Drivers/STM32F7xx_HAL_Driver/Src/stm32f7xx_hal_i2c.o
 .ARM.attributes
                0x000000000000048c       0x34 Drivers/STM32F7xx_HAL_Driver/Src/stm32f7xx_hal_i2c_ex.o
 .ARM.attributes
                0x00000000000004c0       0x34 Drivers/STM32F7xx_HAL_Driver/Src/stm32f7xx_hal_ltdc.o
 .ARM.attributes
                0x00000000000004f4       0x34 Drivers/STM32F7xx_HAL_Driver/Src/stm32f7xx_hal_pwr.o
 .ARM.attributes
                0x0000000000000528       0x34 Drivers/STM32F7xx_HAL_Driver/Src/stm32f7xx_hal_pwr_ex.o
 .ARM.attributes
                0x000000000000055c       0x34 Drivers/STM32F7xx_HAL_Driver/Src/stm32f7xx_hal_rcc.o
 .ARM.attributes
                0x0000000000000590       0x34 Drivers/STM32F7xx_HAL_Driver/Src/stm32f7xx_hal_rcc_ex.o
 .ARM.attributes
                0x00000000000005c4       0x34 Drivers/STM32F7xx_HAL_Driver/Src/stm32f7xx_hal_rtc.o
 .ARM.attributes
                0x00000000000005f8       0x34 Drivers/STM32F7xx_HAL_Driver/Src/stm32f7xx_hal_rtc_ex.o
 .ARM.attributes
                0x000000000000062c       0x34 Drivers/STM32F7xx_HAL_Driver/Src/stm32f7xx_hal_sdram.o
 .ARM.attributes
                0x0000000000000660       0x34 Drivers/STM32F7xx_HAL_Driver/Src/stm32f7xx_hal_spi.o
 .ARM.attributes
                0x0000000000000694       0x34 Drivers/STM32F7xx_HAL_Driver/Src/stm32f7xx_hal_tim.o
 .ARM.attributes
                0x00000000000006c8       0x34 Drivers/STM32F7xx_HAL_Driver/Src/stm32f7xx_hal_tim_ex.o
 .ARM.attributes
                0x00000000000006fc       0x34 Drivers/STM32F7xx_HAL_Driver/Src/stm32f7xx_hal_uart.o
 .ARM.attributes
                0x0000000000000730       0x34 Drivers/STM32F7xx_HAL_Driver/Src/stm32f7xx_ll_fmc.o
 .ARM.attributes
                0x0000000000000764       0x34 Middlewares/Third_Party/FreeRTOS/Source/CMSIS_RTOS/cmsis_os.o
 .ARM.attributes
                0x0000000000000798       0x34 Middlewares/Third_Party/FreeRTOS/Source/list.o
 .ARM.attributes
                0x00000000000007cc       0x34 Middlewares/Third_Party/FreeRTOS/Source/queue.o
 .ARM.attributes
                0x0000000000000800       0x34 Middlewares/Third_Party/FreeRTOS/Source/tasks.o
 .ARM.attributes
                0x0000000000000834       0x34 Middlewares/Third_Party/FreeRTOS/Source/portable/GCC/ARM_CM7/r0p1/port.o
 .ARM.attributes
                0x0000000000000868       0x34 Middlewares/Third_Party/FreeRTOS/Source/portable/MemMang/heap_4.o
 .ARM.attributes
                0x000000000000089c       0x34 c:/st/stm32cubeide_1.5.1/stm32cubeide/plugins/com.st.stm32cube.ide.mcu.externaltools.gnu-tools-for-stm32.7-2018-q2-update.win32_1.5.0.202011040924/tools/bin/../lib/gcc/arm-none-eabi/7.3.1/../../../../arm-none-eabi/lib/thumb/v7e-m/fpv4-sp/hard\libc_nano.a(lib_a-init.o)
 .ARM.attributes
                0x00000000000008d0       0x34 c:/st/stm32cubeide_1.5.1/stm32cubeide/plugins/com.st.stm32cube.ide.mcu.externaltools.gnu-tools-for-stm32.7-2018-q2-update.win32_1.5.0.202011040924/tools/bin/../lib/gcc/arm-none-eabi/7.3.1/../../../../arm-none-eabi/lib/thumb/v7e-m/fpv4-sp/hard\libc_nano.a(lib_a-memcpy-stub.o)
 .ARM.attributes
                0x0000000000000904       0x34 c:/st/stm32cubeide_1.5.1/stm32cubeide/plugins/com.st.stm32cube.ide.mcu.externaltools.gnu-tools-for-stm32.7-2018-q2-update.win32_1.5.0.202011040924/tools/bin/../lib/gcc/arm-none-eabi/7.3.1/../../../../arm-none-eabi/lib/thumb/v7e-m/fpv4-sp/hard\libc_nano.a(lib_a-memset.o)
 .ARM.attributes
                0x0000000000000938       0x22 c:/st/stm32cubeide_1.5.1/stm32cubeide/plugins/com.st.stm32cube.ide.mcu.externaltools.gnu-tools-for-stm32.7-2018-q2-update.win32_1.5.0.202011040924/tools/bin/../lib/gcc/arm-none-eabi/7.3.1/thumb/v7e-m/fpv4-sp/hard\libgcc.a(_aeabi_uldivmod.o)
 .ARM.attributes
                0x000000000000095a       0x34 c:/st/stm32cubeide_1.5.1/stm32cubeide/plugins/com.st.stm32cube.ide.mcu.externaltools.gnu-tools-for-stm32.7-2018-q2-update.win32_1.5.0.202011040924/tools/bin/../lib/gcc/arm-none-eabi/7.3.1/thumb/v7e-m/fpv4-sp/hard\libgcc.a(_udivmoddi4.o)
 .ARM.attributes
                0x000000000000098e       0x22 c:/st/stm32cubeide_1.5.1/stm32cubeide/plugins/com.st.stm32cube.ide.mcu.externaltools.gnu-tools-for-stm32.7-2018-q2-update.win32_1.5.0.202011040924/tools/bin/../lib/gcc/arm-none-eabi/7.3.1/thumb/v7e-m/fpv4-sp/hard\libgcc.a(_dvmd_tls.o)
 .ARM.attributes