Archive member included to satisfy reference by file (symbol)

c:/st/stm32cubeide_1.5.1/stm32cubeide/plugins/com.st.stm32cube.ide.mcu.externaltools.gnu-tools-for-stm32.7-2018-q2-update.win32_1.5.0.202011040924/tools/bin/../lib/gcc/arm-none-eabi/7.3.1/../../../../arm-none-eabi/lib/thumb/v7e-m/fpv4-sp/hard\libc_nano.a(lib_a-errno.o)
                              Core/Src/syscalls.o (__errno)
c:/st/stm32cubeide_1.5.1/stm32cubeide/plugins/com.st.stm32cube.ide.mcu.externaltools.gnu-tools-for-stm32.7-2018-q2-update.win32_1.5.0.202011040924/tools/bin/../lib/gcc/arm-none-eabi/7.3.1/../../../../arm-none-eabi/lib/thumb/v7e-m/fpv4-sp/hard\libc_nano.a(lib_a-exit.o)
                              c:/st/stm32cubeide_1.5.1/stm32cubeide/plugins/com.st.stm32cube.ide.mcu.externaltools.gnu-tools-for-stm32.7-2018-q2-update.win32_1.5.0.202011040924/tools/bin/../lib/gcc/arm-none-eabi/7.3.1/../../../../arm-none-eabi/lib/thumb/v7e-m/fpv4-sp/hard/crt0.o (exit)
c:/st/stm32cubeide_1.5.1/stm32cubeide/plugins/com.st.stm32cube.ide.mcu.externaltools.gnu-tools-for-stm32.7-2018-q2-update.win32_1.5.0.202011040924/tools/bin/../lib/gcc/arm-none-eabi/7.3.1/../../../../arm-none-eabi/lib/thumb/v7e-m/fpv4-sp/hard\libc_nano.a(lib_a-impure.o)
                              c:/st/stm32cubeide_1.5.1/stm32cubeide/plugins/com.st.stm32cube.ide.mcu.externaltools.gnu-tools-for-stm32.7-2018-q2-update.win32_1.5.0.202011040924/tools/bin/../lib/gcc/arm-none-eabi/7.3.1/../../../../arm-none-eabi/lib/thumb/v7e-m/fpv4-sp/hard\libc_nano.a(lib_a-exit.o) (_global_impure_ptr)
c:/st/stm32cubeide_1.5.1/stm32cubeide/plugins/com.st.stm32cube.ide.mcu.externaltools.gnu-tools-for-stm32.7-2018-q2-update.win32_1.5.0.202011040924/tools/bin/../lib/gcc/arm-none-eabi/7.3.1/../../../../arm-none-eabi/lib/thumb/v7e-m/fpv4-sp/hard\libc_nano.a(lib_a-init.o)
                              c:/st/stm32cubeide_1.5.1/stm32cubeide/plugins/com.st.stm32cube.ide.mcu.externaltools.gnu-tools-for-stm32.7-2018-q2-update.win32_1.5.0.202011040924/tools/bin/../lib/gcc/arm-none-eabi/7.3.1/../../../../arm-none-eabi/lib/thumb/v7e-m/fpv4-sp/hard/crt0.o (__libc_init_array)
c:/st/stm32cubeide_1.5.1/stm32cubeide/plugins/com.st.stm32cube.ide.mcu.externaltools.gnu-tools-for-stm32.7-2018-q2-update.win32_1.5.0.202011040924/tools/bin/../lib/gcc/arm-none-eabi/7.3.1/../../../../arm-none-eabi/lib/thumb/v7e-m/fpv4-sp/hard\libc_nano.a(lib_a-memcpy-stub.o)
                              Middlewares/Third_Party/FreeRTOS/Source/queue.o (memcpy)
c:/st/stm32cubeide_1.5.1/stm32cubeide/plugins/com.st.stm32cube.ide.mcu.externaltools.gnu-tools-for-stm32.7-2018-q2-update.win32_1.5.0.202011040924/tools/bin/../lib/gcc/arm-none-eabi/7.3.1/../../../../arm-none-eabi/lib/thumb/v7e-m/fpv4-sp/hard\libc_nano.a(lib_a-memset.o)
                              c:/st/stm32cubeide_1.5.1/stm32cubeide/plugins/com.st.stm32cube.ide.mcu.externaltools.gnu-tools-for-stm32.7-2018-q2-update.win32_1.5.0.202011040924/tools/bin/../lib/gcc/arm-none-eabi/7.3.1/../../../../arm-none-eabi/lib/thumb/v7e-m/fpv4-sp/hard/crt0.o (memset)
c:/st/stm32cubeide_1.5.1/stm32cubeide/plugins/com.st.stm32cube.ide.mcu.externaltools.gnu-tools-for-stm32.7-2018-q2-update.win32_1.5.0.202011040924/tools/bin/../lib/gcc/arm-none-eabi/7.3.1/thumb/v7e-m/fpv4-sp/hard\libgcc.a(_aeabi_uldivmod.o)
                              Drivers/STM32F7xx_HAL_Driver/Src/stm32f7xx_hal_rcc.o (__aeabi_uldivmod)
c:/st/stm32cubeide_1.5.1/stm32cubeide/plugins/com.st.stm32cube.ide.mcu.externaltools.gnu-tools-for-stm32.7-2018-q2-update.win32_1.5.0.202011040924/tools/bin/../lib/gcc/arm-none-eabi/7.3.1/thumb/v7e-m/fpv4-sp/hard\libgcc.a(_udivmoddi4.o)
                              c:/st/stm32cubeide_1.5.1/stm32cubeide/plugins/com.st.stm32cube.ide.mcu.externaltools.gnu-tools-for-stm32.7-2018-q2-update.win32_1.5.0.202011040924/tools/bin/../lib/gcc/arm-none-eabi/7.3.1/thumb/v7e-m/fpv4-sp/hard\libgcc.a(_aeabi_uldivmod.o) (__udivmoddi4)
c:/st/stm32cubeide_1.5.1/stm32cubeide/plugins/com.st.stm32cube.ide.mcu.externaltools.gnu-tools-for-stm32.7-2018-q2-update.win32_1.5.0.202011040924/tools/bin/../lib/gcc/arm-none-eabi/7.3.1/thumb/v7e-m/fpv4-sp/hard\libgcc.a(_dvmd_tls.o)
                              c:/st/stm32cubeide_1.5.1/stm32cubeide/plugins/com.st.stm32cube.ide.mcu.externaltools.gnu-tools-for-stm32.7-2018-q2-update.win32_1.5.0.202011040924/tools/bin/../lib/gcc/arm-none-eabi/7.3.1/thumb/v7e-m/fpv4-sp/hard\libgcc.a(_aeabi_uldivmod.o) (__aeabi_ldiv0)

Allocating common symbols
Common symbol       size              file

sdramHandle         0x34              Core/Src/stm32746g_discovery_sdram.o
defaultTaskHandle   0x4               Core/Src/main.o
hi2c3               0x4c              Core/Src/main.o
hspi2               0x64              Core/Src/main.o
huart7              0x80              Core/Src/main.o
htim8               0x40              Core/Src/main.o
hi2c1               0x4c              Core/Src/main.o
TransmitterHandle   0x4               Core/Src/main.o
[...]
Memory Configuration

Name             Origin             Length             Attributes
RAM              0x0000000020000000 0x0000000000050000 xrw
FLASH            0x0000000008000000 0x0000000000100000 xr
*default*        0x0000000000000000 0xffffffffffffffff

Linker script and memory map

LOAD c:/st/stm32cubeide_1.5.1/stm32cubeide/plugins/com.st.stm32cube.ide.mcu.externaltools.gnu-tools-for-stm32.7-2018-q2-update.win32_1.5.0.202011040924/tools/bin/../lib/gcc/arm-none-eabi/7.3.1/thumb/v7e-m/fpv4-sp/hard/crti.o
LOAD c:/st/stm32cubeide_1.5.1/stm32cubeide/plugins/com.st.stm32cube.ide.mcu.externaltools.gnu-tools-for-stm32.7-2018-q2-update.win32_1.5.0.202011040924/tools/bin/../lib/gcc/arm-none-eabi/7.3.1/thumb/v7e-m/fpv4-sp/hard/crtbegin.o
LOAD c:/st/stm32cubeide_1.5.1/stm32cubeide/plugins/com.st.stm32cube.ide.mcu.externaltools.gnu-tools-for-stm32.7-2018-q2-update.win32_1.5.0.202011040924/tools/bin/../lib/gcc/arm-none-eabi/7.3.1/../../../../arm-none-eabi/lib/thumb/v7e-m/fpv4-sp/hard/crt0.o
LOAD Core/Src/freertos.o
LOAD Core/Src/ft5336.o
LOAD Core/Src/main.o
LOAD Core/Src/stm32746g_discovery.o
LOAD Core/Src/stm32746g_discovery_lcd.o
LOAD Core/Src/stm32746g_discovery_sdram.o
LOAD Core/Src/stm32746g_discovery_ts.o
LOAD Core/Src/stm32f7xx_hal_msp.o
LOAD Core/Src/stm32f7xx_hal_timebase_tim.o
LOAD Core/Src/stm32f7xx_it.o
LOAD Core/Src/syscalls.o
LOAD Core/Src/sysmem.o
LOAD Core/Src/system_stm32f7xx.o
LOAD Core/Startup/startup_stm32f746nghx.o
LOAD Drivers/STM32F7xx_HAL_Driver/Src/stm32f7xx_hal.o
LOAD Drivers/STM32F7xx_HAL_Driver/Src/stm32f7xx_hal_adc.o
LOAD Drivers/STM32F7xx_HAL_Driver/Src/stm32f7xx_hal_adc_ex.o
LOAD Drivers/STM32F7xx_HAL_Driver/Src/stm32f7xx_hal_cortex.o
LOAD Drivers/STM32F7xx_HAL_Driver/Src/stm32f7xx_hal_dac.o
LOAD Drivers/STM32F7xx_HAL_Driver/Src/stm32f7xx_hal_dac_ex.o
LOAD Drivers/STM32F7xx_HAL_Driver/Src/stm32f7xx_hal_dma.o
LOAD Drivers/STM32F7xx_HAL_Driver/Src/stm32f7xx_hal_dma2d.o
LOAD Drivers/STM32F7xx_HAL_Driver/Src/stm32f7xx_hal_dma_ex.o
LOAD Drivers/STM32F7xx_HAL_Driver/Src/stm32f7xx_hal_dsi.o
LOAD Drivers/STM32F7xx_HAL_Driver/Src/stm32f7xx_hal_exti.o
LOAD Drivers/STM32F7xx_HAL_Driver/Src/stm32f7xx_hal_flash.o
LOAD Drivers/STM32F7xx_HAL_Driver/Src/stm32f7xx_hal_flash_ex.o
LOAD Drivers/STM32F7xx_HAL_Driver/Src/stm32f7xx_hal_gpio.o
LOAD Drivers/STM32F7xx_HAL_Driver/Src/stm32f7xx_hal_i2c.o
LOAD Drivers/STM32F7xx_HAL_Driver/Src/stm32f7xx_hal_i2c_ex.o
LOAD Drivers/STM32F7xx_HAL_Driver/Src/stm32f7xx_hal_ltdc.o
LOAD Drivers/STM32F7xx_HAL_Driver/Src/stm32f7xx_hal_ltdc_ex.o
LOAD Drivers/STM32F7xx_HAL_Driver/Src/stm32f7xx_hal_pwr.o
LOAD Drivers/STM32F7xx_HAL_Driver/Src/stm32f7xx_hal_pwr_ex.o
LOAD Drivers/STM32F7xx_HAL_Driver/Src/stm32f7xx_hal_rcc.o
LOAD Drivers/STM32F7xx_HAL_Driver/Src/stm32f7xx_hal_rcc_ex.o
LOAD Drivers/STM32F7xx_HAL_Driver/Src/stm32f7xx_hal_rtc.o
LOAD Drivers/STM32F7xx_HAL_Driver/Src/stm32f7xx_hal_rtc_ex.o
LOAD Drivers/STM32F7xx_HAL_Driver/Src/stm32f7xx_hal_sdram.o
LOAD Drivers/STM32F7xx_HAL_Driver/Src/stm32f7xx_hal_spi.o
LOAD Drivers/STM32F7xx_HAL_Driver/Src/stm32f7xx_hal_spi_ex.o
LOAD Drivers/STM32F7xx_HAL_Driver/Src/stm32f7xx_hal_tim.o
LOAD Drivers/STM32F7xx_HAL_Driver/Src/stm32f7xx_hal_tim_ex.o
LOAD Drivers/STM32F7xx_HAL_Driver/Src/stm32f7xx_hal_uart.o
LOAD Drivers/STM32F7xx_HAL_Driver/Src/stm32f7xx_hal_uart_ex.o
LOAD Drivers/STM32F7xx_HAL_Driver/Src/stm32f7xx_ll_fmc.o
LOAD Middlewares/Third_Party/FreeRTOS/Source/CMSIS_RTOS/cmsis_os.o
LOAD Middlewares/Third_Party/FreeRTOS/Source/croutine.o
LOAD Middlewares/Third_Party/FreeRTOS/Source/event_groups.o
LOAD Middlewares/Third_Party/FreeRTOS/Source/list.o
LOAD Middlewares/Third_Party/FreeRTOS/Source/queue.o
LOAD Middlewares/Third_Party/FreeRTOS/Source/stream_buffer.o
LOAD Middlewares/Third_Party/FreeRTOS/Source/tasks.o
LOAD Middlewares/Third_Party/FreeRTOS/Source/timers.o
LOAD Middlewares/Third_Party/FreeRTOS/Source/portable/GCC/ARM_CM7/r0p1/port.o
LOAD Middlewares/Third_Party/FreeRTOS/Source/portable/MemMang/heap_4.o
START GROUP
LOAD c:/st/stm32cubeide_1.5.1/stm32cubeide/plugins/com.st.stm32cube.ide.mcu.externaltools.gnu-tools-for-stm32.7-2018-q2-update.win32_1.5.0.202011040924/tools/bin/../lib/gcc/arm-none-eabi/7.3.1/../../../../arm-none-eabi/lib/thumb/v7e-m/fpv4-sp/hard\libc_nano.a
LOAD c:/st/stm32cubeide_1.5.1/stm32cubeide/plugins/com.st.stm32cube.ide.mcu.externaltools.gnu-tools-for-stm32.7-2018-q2-update.win32_1.5.0.202011040924/tools/bin/../lib/gcc/arm-none-eabi/7.3.1/../../../../arm-none-eabi/lib/thumb/v7e-m/fpv4-sp/hard\libm.a
END GROUP
START GROUP
LOAD c:/st/stm32cubeide_1.5.1/stm32cubeide/plugins/com.st.stm32cube.ide.mcu.externaltools.gnu-tools-for-stm32.7-2018-q2-update.win32_1.5.0.202011040924/tools/bin/../lib/gcc/arm-none-eabi/7.3.1/thumb/v7e-m/fpv4-sp/hard\libgcc.a
LOAD c:/st/stm32cubeide_1.5.1/stm32cubeide/plugins/com.st.stm32cube.ide.mcu.externaltools.gnu-tools-for-stm32.7-2018-q2-update.win32_1.5.0.202011040924/tools/bin/../lib/gcc/arm-none-eabi/7.3.1/../../../../arm-none-eabi/lib/thumb/v7e-m/fpv4-sp/hard\libc_nano.a
END GROUP
START GROUP
LOAD c:/st/stm32cubeide_1.5.1/stm32cubeide/plugins/com.st.stm32cube.ide.mcu.externaltools.gnu-tools-for-stm32.7-2018-q2-update.win32_1.5.0.202011040924/tools/bin/../lib/gcc/arm-none-eabi/7.3.1/thumb/v7e-m/fpv4-sp/hard\libgcc.a
LOAD c:/st/stm32cubeide_1.5.1/stm32cubeide/plugins/com.st.stm32cube.ide.mcu.externaltools.gnu-tools-for-stm32.7-2018-q2-update.win32_1.5.0.202011040924/tools/bin/../lib/gcc/arm-none-eabi/7.3.1/../../../../arm-none-eabi/lib/thumb/v7e-m/fpv4-sp/hard\libc_nano.a
LOAD c:/st/stm32cubeide_1.5.1/stm32cubeide/plugins/com.st.stm32cube.ide.mcu.externaltools.gnu-tools-for-stm32.7-2018-q2-update.win32_1.5.0.202011040924/tools/bin/../lib/gcc/arm-none-eabi/7.3.1/../../../../arm-none-eabi/lib/thumb/v7e-m/fpv4-sp/hard\libnosys.a
END GROUP
START GROUP
LOAD c:/st/stm32cubeide_1.5.1/stm32cubeide/plugins/com.st.stm32cube.ide.mcu.externaltools.gnu-tools-for-stm32.7-2018-q2-update.win32_1.5.0.202011040924/tools/bin/../lib/gcc/arm-none-eabi/7.3.1/thumb/v7e-m/fpv4-sp/hard\libgcc.a
LOAD c:/st/stm32cubeide_1.5.1/stm32cubeide/plugins/com.st.stm32cube.ide.mcu.externaltools.gnu-tools-for-stm32.7-2018-q2-update.win32_1.5.0.202011040924/tools/bin/../lib/gcc/arm-none-eabi/7.3.1/../../../../arm-none-eabi/lib/thumb/v7e-m/fpv4-sp/hard\libc_nano.a
LOAD c:/st/stm32cubeide_1.5.1/stm32cubeide/plugins/com.st.stm32cube.ide.mcu.externaltools.gnu-tools-for-stm32.7-2018-q2-update.win32_1.5.0.202011040924/tools/bin/../lib/gcc/arm-none-eabi/7.3.1/../../../../arm-none-eabi/lib/thumb/v7e-m/fpv4-sp/hard\libnosys.a
END GROUP
LOAD c:/st/stm32cubeide_1.5.1/stm32cubeide/plugins/com.st.stm32cube.ide.mcu.externaltools.gnu-tools-for-stm32.7-2018-q2-update.win32_1.5.0.202011040924/tools/bin/../lib/gcc/arm-none-eabi/7.3.1/thumb/v7e-m/fpv4-sp/hard/crtend.o
LOAD c:/st/stm32cubeide_1.5.1/stm32cubeide/plugins/com.st.stm32cube.ide.mcu.externaltools.gnu-tools-for-stm32.7-2018-q2-update.win32_1.5.0.202011040924/tools/bin/../lib/gcc/arm-none-eabi/7.3.1/thumb/v7e-m/fpv4-sp/hard/crtn.o
                0x0000000020050000                _estack = (ORIGIN (RAM) + LENGTH (RAM))
                0x0000000000000200                _Min_Heap_Size = 0x200
                0x0000000000000400                _Min_Stack_Size = 0x400

.isr_vector     0x0000000008000000      0x1c8
                0x0000000008000000                . = ALIGN (0x4)
 *(.isr_vector)
 .isr_vector    0x0000000008000000      0x1c8 Core/Startup/startup_stm32f746nghx.o
                0x0000000008000000                g_pfnVectors
                0x00000000080001c8                . = ALIGN (0x4)

.text           0x00000000080001d0     0xdae8
                0x00000000080001d0                . = ALIGN (0x4)
 *(.text)
 .text          0x00000000080001d0       0x40 c:/st/stm32cubeide_1.5.1/stm32cubeide/plugins/com.st.stm32cube.ide.mcu.externaltools.gnu-tools-for-stm32.7-2018-q2-update.win32_1.5.0.202011040924/tools/bin/../lib/gcc/arm-none-eabi/7.3.1/thumb/v7e-m/fpv4-sp/hard/crtbegin.o
 .text          0x0000000008000210       0x30 c:/st/stm32cubeide_1.5.1/stm32cubeide/plugins/com.st.stm32cube.ide.mcu.externaltools.gnu-tools-for-stm32.7-2018-q2-update.win32_1.5.0.202011040924/tools/bin/../lib/gcc/arm-none-eabi/7.3.1/thumb/v7e-m/fpv4-sp/hard\libgcc.a(_aeabi_uldivmod.o)
                0x0000000008000210                __aeabi_uldivmod
 .text          0x0000000008000240      0x2cc c:/st/stm32cubeide_1.5.1/stm32cubeide/plugins/com.st.stm32cube.ide.mcu.externaltools.gnu-tools-for-stm32.7-2018-q2-update.win32_1.5.0.202011040924/tools/bin/../lib/gcc/arm-none-eabi/7.3.1/thumb/v7e-m/fpv4-sp/hard\libgcc.a(_udivmoddi4.o)
                0x0000000008000240                __udivmoddi4
 .text          0x000000000800050c        0x4 c:/st/stm32cubeide_1.5.1/stm32cubeide/plugins/com.st.stm32cube.ide.mcu.externaltools.gnu-tools-for-stm32.7-2018-q2-update.win32_1.5.0.202011040924/tools/bin/../lib/gcc/arm-none-eabi/7.3.1/thumb/v7e-m/fpv4-sp/hard\libgcc.a(_dvmd_tls.o)
                0x000000000800050c                __aeabi_idiv0
                0x000000000800050c                __aeabi_ldiv0
 *(.text*)
 .text.vApplicationIdleHook
                0x0000000008000510        0xe Core/Src/freertos.o
                0x0000000008000510                vApplicationIdleHook
 .text.vApplicationStackOverflowHook
                0x000000000800051e       0x16 Core/Src/freertos.o
                0x000000000800051e                vApplicationStackOverflowHook
 .text.vApplicationMallocFailedHook
                0x0000000008000534        0xe Core/Src/freertos.o
                0x0000000008000534                vApplicationMallocFailedHook
 *fill*         0x0000000008000542        0x2 
 .text.vApplicationGetIdleTaskMemory
                0x0000000008000544       0x34 Core/Src/freertos.o
                0x0000000008000544                vApplicationGetIdleTaskMemory
 .text.ft5336_Init
                0x0000000008000578       0x1c Core/Src/ft5336.o
                0x0000000008000578                ft5336_Init
 .text.ft5336_Reset
                0x0000000008000594       0x16 Core/Src/ft5336.o
                0x0000000008000594                ft5336_Reset
 .text.ft5336_ReadID
                0x00000000080005aa       0x5c Core/Src/ft5336.o
                0x00000000080005aa                ft5336_ReadID
 .text.ft5336_TS_Start
                0x0000000008000606       0x22 Core/Src/ft5336.o
                0x0000000008000606                ft5336_TS_Start
 .text.ft5336_TS_DetectTouch
                0x0000000008000628       0x54 Core/Src/ft5336.o
                0x0000000008000628                ft5336_TS_DetectTouch
 .text.ft5336_TS_GetXY
                0x000000000800067c      0x1e0 Core/Src/ft5336.o
                0x000000000800067c                ft5336_TS_GetXY
 .text.ft5336_TS_EnableIT
                0x000000000800085c       0x28 Core/Src/ft5336.o
                0x000000000800085c                ft5336_TS_EnableIT
 .text.ft5336_TS_DisableIT
                0x0000000008000884       0x28 Core/Src/ft5336.o
                0x0000000008000884                ft5336_TS_DisableIT
 .text.ft5336_TS_ITStatus
                0x00000000080008ac       0x18 Core/Src/ft5336.o
                0x00000000080008ac                ft5336_TS_ITStatus
 .text.ft5336_TS_ClearIT
                0x00000000080008c4       0x16 Core/Src/ft5336.o
                0x00000000080008c4                ft5336_TS_ClearIT
 *fill*         0x00000000080008da        0x2 
 .text.ft5336_Get_I2C_InitializedStatus
                0x00000000080008dc       0x18 Core/Src/ft5336.o
 .text.ft5336_I2C_InitializeIfRequired
                0x00000000080008f4       0x20 Core/Src/ft5336.o
 .text.ft5336_TS_Configure
                0x0000000008000914       0x1c Core/Src/ft5336.o
 .text.main     0x0000000008000930      0x20c Core/Src/main.o
                0x0000000008000930                main
 .text.SystemClock_Config
                0x0000000008000b3c      0x160 Core/Src/main.o
                0x0000000008000b3c                SystemClock_Config
 .text.MX_ADC1_Init
                0x0000000008000c9c       0xa4 Core/Src/main.o
 .text.MX_ADC3_Init
                0x0000000008000d40       0xa4 Core/Src/main.o
 .text.MX_DAC_Init
                0x0000000008000de4       0x54 Core/Src/main.o
 .text.MX_DMA2D_Init
                0x0000000008000e38       0x64 Core/Src/main.o
 .text.MX_I2C1_Init
                0x0000000008000e9c       0x80 Core/Src/main.o
 .text.MX_I2C3_Init
                0x0000000008000f1c       0x80 Core/Src/main.o
 .text.MX_LTDC_Init
                0x0000000008000f9c      0x104 Core/Src/main.o
 .text.MX_RTC_Init
                0x00000000080010a0      0x14c Core/Src/main.o
 .text.MX_SPI2_Init
                0x00000000080011ec       0x7c Core/Src/main.o
 .text.MX_TIM1_Init
                0x0000000008001268       0xa8 Core/Src/main.o
 .text.MX_TIM2_Init
                0x0000000008001310       0x9c Core/Src/main.o
 .text.MX_TIM3_Init
                0x00000000080013ac       0xcc Core/Src/main.o
 .text.MX_TIM5_Init
                0x0000000008001478       0x9c Core/Src/main.o
 .text.MX_TIM8_Init
                0x0000000008001514      0x154 Core/Src/main.o
 .text.MX_UART7_Init
                0x0000000008001668       0x60 Core/Src/main.o
 .text.MX_USART1_UART_Init
                0x00000000080016c8       0x60 Core/Src/main.o
 .text.MX_USART6_UART_Init
                0x0000000008001728       0x60 Core/Src/main.o
 .text.MX_FMC_Init
                0x0000000008001788       0x9c Core/Src/main.o
 .text.MX_GPIO_Init
                0x0000000008001824      0x3fc Core/Src/main.o
 .text.HAL_UART_RxCpltCallback
                0x0000000008001c20       0x7c Core/Src/main.o
                0x0000000008001c20                HAL_UART_RxCpltCallback
 .text.StartDefaultTask
                0x0000000008001c9c       0x12 Core/Src/main.o
                0x0000000008001c9c                StartDefaultTask
 *fill*         0x0000000008001cae        0x2 
 .text.StartRRacket
                0x0000000008001cb0      0x1bc Core/Src/main.o
                0x0000000008001cb0                StartRRacket
 .text.StartBall
                0x0000000008001e6c      0x1ec Core/Src/main.o
                0x0000000008001e6c                StartBall
 .text.StartBgChanger
                0x0000000008002058       0xec Core/Src/main.o
                0x0000000008002058                StartBgChanger
 .text.StartTransmitter
                0x0000000008002144       0x60 Core/Src/main.o
                0x0000000008002144                StartTransmitter
 .text.HAL_TIM_PeriodElapsedCallback
                0x00000000080021a4       0x24 Core/Src/main.o
                0x00000000080021a4                HAL_TIM_PeriodElapsedCallback
 .text.Error_Handler
                0x00000000080021c8        0x8 Core/Src/main.o
                0x00000000080021c8                Error_Handler
 .text.I2Cx_MspInit
                0x00000000080021d0      0x160 Core/Src/stm32746g_discovery.o
 .text.I2Cx_Init
                0x0000000008002330       0x78 Core/Src/stm32746g_discovery.o
 .text.I2Cx_ReadMultiple
                0x00000000080023a8       0x5a Core/Src/stm32746g_discovery.o
 .text.I2Cx_WriteMultiple
                0x0000000008002402       0x5a Core/Src/stm32746g_discovery.o
 .text.I2Cx_Error
                0x000000000800245c       0x20 Core/Src/stm32746g_discovery.o
 .text.TS_IO_Init
                0x000000000800247c       0x14 Core/Src/stm32746g_discovery.o
                0x000000000800247c                TS_IO_Init
 .text.TS_IO_Write
                0x0000000008002490       0x34 Core/Src/stm32746g_discovery.o
                0x0000000008002490                TS_IO_Write
 .text.TS_IO_Read
                0x00000000080024c4       0x3c Core/Src/stm32746g_discovery.o
                0x00000000080024c4                TS_IO_Read
 .text.TS_IO_Delay
                0x0000000008002500       0x16 Core/Src/stm32746g_discovery.o
                0x0000000008002500                TS_IO_Delay
 *fill*         0x0000000008002516        0x2 
 .text.BSP_LCD_Init
                0x0000000008002518       0xe0 Core/Src/stm32746g_discovery_lcd.o
                0x0000000008002518                BSP_LCD_Init
 .text.BSP_LCD_GetXSize
                0x00000000080025f8       0x28 Core/Src/stm32746g_discovery_lcd.o
                0x00000000080025f8                BSP_LCD_GetXSize
 .text.BSP_LCD_GetYSize
                0x0000000008002620       0x28 Core/Src/stm32746g_discovery_lcd.o
                0x0000000008002620                BSP_LCD_GetYSize
 .text.BSP_LCD_LayerDefaultInit
                0x0000000008002648       0xc0 Core/Src/stm32746g_discovery_lcd.o
                0x0000000008002648                BSP_LCD_LayerDefaultInit
 .text.BSP_LCD_SelectLayer
                0x0000000008002708       0x20 Core/Src/stm32746g_discovery_lcd.o
                0x0000000008002708                BSP_LCD_SelectLayer
 .text.BSP_LCD_SetTextColor
                0x0000000008002728       0x30 Core/Src/stm32746g_discovery_lcd.o
                0x0000000008002728                BSP_LCD_SetTextColor
 .text.BSP_LCD_SetBackColor
                0x0000000008002758       0x34 Core/Src/stm32746g_discovery_lcd.o
                0x0000000008002758                BSP_LCD_SetBackColor
 .text.BSP_LCD_SetFont
                0x000000000800278c       0x34 Core/Src/stm32746g_discovery_lcd.o
                0x000000000800278c                BSP_LCD_SetFont
 .text.BSP_LCD_GetFont
                0x00000000080027c0       0x2c Core/Src/stm32746g_discovery_lcd.o
                0x00000000080027c0                BSP_LCD_GetFont
 .text.BSP_LCD_Clear
                0x00000000080027ec       0x50 Core/Src/stm32746g_discovery_lcd.o
                0x00000000080027ec                BSP_LCD_Clear
 .text.BSP_LCD_DisplayChar
                0x000000000800283c       0x88 Core/Src/stm32746g_discovery_lcd.o
                0x000000000800283c                BSP_LCD_DisplayChar
 .text.BSP_LCD_DisplayStringAt
                0x00000000080028c4      0x188 Core/Src/stm32746g_discovery_lcd.o
                0x00000000080028c4                BSP_LCD_DisplayStringAt
 .text.BSP_LCD_DisplayStringAtLine
                0x0000000008002a4c       0x2e Core/Src/stm32746g_discovery_lcd.o
                0x0000000008002a4c                BSP_LCD_DisplayStringAtLine
 *fill*         0x0000000008002a7a        0x2 
 .text.BSP_LCD_DrawHLine
                0x0000000008002a7c       0xbc Core/Src/stm32746g_discovery_lcd.o
                0x0000000008002a7c                BSP_LCD_DrawHLine
 .text.BSP_LCD_DrawLine
                0x0000000008002b38      0x198 Core/Src/stm32746g_discovery_lcd.o
                0x0000000008002b38                BSP_LCD_DrawLine
 .text.BSP_LCD_DrawCircle
                0x0000000008002cd0      0x1e0 Core/Src/stm32746g_discovery_lcd.o
                0x0000000008002cd0                BSP_LCD_DrawCircle
 .text.BSP_LCD_DrawPixel
                0x0000000008002eb0       0x90 Core/Src/stm32746g_discovery_lcd.o
                0x0000000008002eb0                BSP_LCD_DrawPixel
 .text.BSP_LCD_FillRect
                0x0000000008002f40       0xf4 Core/Src/stm32746g_discovery_lcd.o
                0x0000000008002f40                BSP_LCD_FillRect
 .text.BSP_LCD_FillCircle
                0x0000000008003034      0x140 Core/Src/stm32746g_discovery_lcd.o
                0x0000000008003034                BSP_LCD_FillCircle
 .text.BSP_LCD_FillPolygon
                0x0000000008003174      0x1c8 Core/Src/stm32746g_discovery_lcd.o
                0x0000000008003174                BSP_LCD_FillPolygon
 .text.BSP_LCD_DisplayOn
                0x000000000800333c       0x3c Core/Src/stm32746g_discovery_lcd.o
                0x000000000800333c                BSP_LCD_DisplayOn
 .text.BSP_LCD_MspInit
                0x0000000008003378      0x1b4 Core/Src/stm32746g_discovery_lcd.o
                0x0000000008003378                BSP_LCD_MspInit
 .text.BSP_LCD_ClockConfig
                0x000000000800352c       0x38 Core/Src/stm32746g_discovery_lcd.o
                0x000000000800352c                BSP_LCD_ClockConfig
 .text.DrawChar
                0x0000000008003564      0x170 Core/Src/stm32746g_discovery_lcd.o
 .text.FillTriangle
                0x00000000080036d4      0x17e Core/Src/stm32746g_discovery_lcd.o
 *fill*         0x0000000008003852        0x2 
 .text.LL_FillBuffer
                0x0000000008003854       0x98 Core/Src/stm32746g_discovery_lcd.o
 .text.BSP_SDRAM_Init
                0x00000000080038ec       0xbc Core/Src/stm32746g_discovery_sdram.o
                0x00000000080038ec                BSP_SDRAM_Init
 .text.BSP_SDRAM_Initialization_sequence
                0x00000000080039a8       0xc0 Core/Src/stm32746g_discovery_sdram.o
                0x00000000080039a8                BSP_SDRAM_Initialization_sequence
 .text.BSP_SDRAM_MspInit
                0x0000000008003a68      0x1f0 Core/Src/stm32746g_discovery_sdram.o
                0x0000000008003a68                BSP_SDRAM_MspInit
 .text.BSP_TS_Init
                0x0000000008003c58       0x80 Core/Src/stm32746g_discovery_ts.o
                0x0000000008003c58                BSP_TS_Init
 .text.HAL_MspInit
                0x0000000008003cd8       0x50 Core/Src/stm32f7xx_hal_msp.o
                0x0000000008003cd8                HAL_MspInit
 .text.HAL_ADC_MspInit
                0x0000000008003d28       0xdc Core/Src/stm32f7xx_hal_msp.o
                0x0000000008003d28                HAL_ADC_MspInit
 .text.HAL_DAC_MspInit
                0x0000000008003e04       0x90 Core/Src/stm32f7xx_hal_msp.o
                0x0000000008003e04                HAL_DAC_MspInit
 .text.HAL_DMA2D_MspInit
                0x0000000008003e94       0x40 Core/Src/stm32f7xx_hal_msp.o
                0x0000000008003e94                HAL_DMA2D_MspInit
 .text.HAL_I2C_MspInit
                0x0000000008003ed4       0xf0 Core/Src/stm32f7xx_hal_msp.o
                0x0000000008003ed4                HAL_I2C_MspInit
 .text.HAL_I2C_MspDeInit
                0x0000000008003fc4       0x78 Core/Src/stm32f7xx_hal_msp.o
                0x0000000008003fc4                HAL_I2C_MspDeInit
 .text.HAL_LTDC_MspInit
                0x000000000800403c      0x190 Core/Src/stm32f7xx_hal_msp.o
                0x000000000800403c                HAL_LTDC_MspInit
 .text.HAL_RTC_MspInit
                0x00000000080041cc       0x34 Core/Src/stm32f7xx_hal_msp.o
                0x00000000080041cc                HAL_RTC_MspInit
 .text.HAL_SPI_MspInit
                0x0000000008004200       0xe4 Core/Src/stm32f7xx_hal_msp.o
                0x0000000008004200                HAL_SPI_MspInit
 .text.HAL_TIM_Base_MspInit
                0x00000000080042e4       0xdc Core/Src/stm32f7xx_hal_msp.o
                0x00000000080042e4                HAL_TIM_Base_MspInit
 .text.HAL_TIM_MspPostInit
                0x00000000080043c0       0x70 Core/Src/stm32f7xx_hal_msp.o
                0x00000000080043c0                HAL_TIM_MspPostInit
 .text.HAL_UART_MspInit
                0x0000000008004430      0x1ac Core/Src/stm32f7xx_hal_msp.o
                0x0000000008004430                HAL_UART_MspInit
 .text.HAL_FMC_MspInit
                0x00000000080045dc      0x120 Core/Src/stm32f7xx_hal_msp.o
 .text.HAL_SDRAM_MspInit
                0x00000000080046fc       0x14 Core/Src/stm32f7xx_hal_msp.o
                0x00000000080046fc                HAL_SDRAM_MspInit
 .text.HAL_InitTick
                0x0000000008004710       0xb0 Core/Src/stm32f7xx_hal_timebase_tim.o
                0x0000000008004710                HAL_InitTick
 .text.NMI_Handler
                0x00000000080047c0        0x6 Core/Src/stm32f7xx_it.o
                0x00000000080047c0                NMI_Handler
 .text.HardFault_Handler
                0x00000000080047c6        0x6 Core/Src/stm32f7xx_it.o
                0x00000000080047c6                HardFault_Handler
 .text.MemManage_Handler
                0x00000000080047cc        0x6 Core/Src/stm32f7xx_it.o
                0x00000000080047cc                MemManage_Handler
 .text.BusFault_Handler
                0x00000000080047d2        0x6 Core/Src/stm32f7xx_it.o
                0x00000000080047d2                BusFault_Handler
 .text.UsageFault_Handler
                0x00000000080047d8        0x6 Core/Src/stm32f7xx_it.o
                0x00000000080047d8                UsageFault_Handler
 .text.DebugMon_Handler
                0x00000000080047de        0xe Core/Src/stm32f7xx_it.o
                0x00000000080047de                DebugMon_Handler
 .text.USART1_IRQHandler
                0x00000000080047ec       0x14 Core/Src/stm32f7xx_it.o
                0x00000000080047ec                USART1_IRQHandler
 .text.TIM6_DAC_IRQHandler
                0x0000000008004800       0x1c Core/Src/stm32f7xx_it.o
                0x0000000008004800                TIM6_DAC_IRQHandler
 .text.UART7_IRQHandler
                0x000000000800481c       0x14 Core/Src/stm32f7xx_it.o
                0x000000000800481c                UART7_IRQHandler
 .text.LTDC_IRQHandler
                0x0000000008004830       0x14 Core/Src/stm32f7xx_it.o
                0x0000000008004830                LTDC_IRQHandler
 .text.SystemInit
                0x0000000008004844       0x2c Core/Src/system_stm32f7xx.o
                0x0000000008004844                SystemInit
 .text.Reset_Handler
                0x0000000008004870       0x50 Core/Startup/startup_stm32f746nghx.o
                0x0000000008004870                Reset_Handler
 .text.Default_Handler
                0x00000000080048c0        0x2 Core/Startup/startup_stm32f746nghx.o
                0x00000000080048c0                RTC_Alarm_IRQHandler
                0x00000000080048c0                EXTI2_IRQHandler
                0x00000000080048c0                TIM8_CC_IRQHandler
                0x00000000080048c0                UART8_IRQHandler
                0x00000000080048c0                SPI4_IRQHandler
                0x00000000080048c0                TIM1_CC_IRQHandler
                0x00000000080048c0                DMA2_Stream5_IRQHandler
                0x00000000080048c0                DMA1_Stream5_IRQHandler
                0x00000000080048c0                PVD_IRQHandler
                0x00000000080048c0                TAMP_STAMP_IRQHandler
                0x00000000080048c0                CAN2_RX1_IRQHandler
                0x00000000080048c0                EXTI3_IRQHandler
                0x00000000080048c0                TIM8_TRG_COM_TIM14_IRQHandler
                0x00000000080048c0                TIM1_UP_TIM10_IRQHandler
                0x00000000080048c0                TIM8_UP_TIM13_IRQHandler
                0x00000000080048c0                I2C3_ER_IRQHandler
                0x00000000080048c0                EXTI0_IRQHandler
                0x00000000080048c0                I2C2_EV_IRQHandler
                0x00000000080048c0                DMA1_Stream2_IRQHandler
                0x00000000080048c0                CAN1_RX0_IRQHandler
                0x00000000080048c0                FPU_IRQHandler
                0x00000000080048c0                OTG_HS_WKUP_IRQHandler
                0x00000000080048c0                LTDC_ER_IRQHandler
                0x00000000080048c0                CAN2_SCE_IRQHandler
                0x00000000080048c0                DMA2_Stream2_IRQHandler
                0x00000000080048c0                SPI1_IRQHandler
                0x00000000080048c0                TIM1_BRK_TIM9_IRQHandler
                0x00000000080048c0                DCMI_IRQHandler
                0x00000000080048c0                CAN2_RX0_IRQHandler
                0x00000000080048c0                DMA2_Stream3_IRQHandler
                0x00000000080048c0                SAI2_IRQHandler
                0x00000000080048c0                USART6_IRQHandler
                0x00000000080048c0                USART3_IRQHandler
                0x00000000080048c0                CAN1_RX1_IRQHandler
                0x00000000080048c0                UART5_IRQHandler
                0x00000000080048c0                DMA2_Stream0_IRQHandler
                0x00000000080048c0                TIM4_IRQHandler
                0x00000000080048c0                QUADSPI_IRQHandler
                0x00000000080048c0                I2C1_EV_IRQHandler
                0x00000000080048c0                DMA1_Stream6_IRQHandler
                0x00000000080048c0                DMA1_Stream1_IRQHandler
                0x00000000080048c0                UART4_IRQHandler
                0x00000000080048c0                TIM3_IRQHandler
                0x00000000080048c0                RCC_IRQHandler
                0x00000000080048c0                TIM8_BRK_TIM12_IRQHandler
                0x00000000080048c0                Default_Handler
                0x00000000080048c0                CEC_IRQHandler
                0x00000000080048c0                EXTI15_10_IRQHandler
                0x00000000080048c0                ADC_IRQHandler
                0x00000000080048c0                DMA1_Stream7_IRQHandler
                0x00000000080048c0                SPI5_IRQHandler
                0x00000000080048c0                TIM7_IRQHandler
                0x00000000080048c0                SDMMC1_IRQHandler
                0x00000000080048c0                CAN2_TX_IRQHandler
                0x00000000080048c0                TIM5_IRQHandler
                0x00000000080048c0                DMA2_Stream7_IRQHandler
                0x00000000080048c0                I2C3_EV_IRQHandler
                0x00000000080048c0                EXTI9_5_IRQHandler
                0x00000000080048c0                RTC_WKUP_IRQHandler
                0x00000000080048c0                ETH_WKUP_IRQHandler
                0x00000000080048c0                SPDIF_RX_IRQHandler
                0x00000000080048c0                SPI2_IRQHandler
                0x00000000080048c0                OTG_HS_EP1_IN_IRQHandler
                0x00000000080048c0                DMA1_Stream0_IRQHandler
                0x00000000080048c0                CAN1_TX_IRQHandler
                0x00000000080048c0                EXTI4_IRQHandler
                0x00000000080048c0                RNG_IRQHandler
                0x00000000080048c0                ETH_IRQHandler
                0x00000000080048c0                OTG_HS_EP1_OUT_IRQHandler
                0x00000000080048c0                WWDG_IRQHandler
                0x00000000080048c0                SPI6_IRQHandler
                0x00000000080048c0                I2C4_EV_IRQHandler
                0x00000000080048c0                TIM2_IRQHandler
                0x00000000080048c0                OTG_FS_WKUP_IRQHandler
                0x00000000080048c0                TIM1_TRG_COM_TIM11_IRQHandler
                0x00000000080048c0                OTG_HS_IRQHandler
                0x00000000080048c0                DMA2D_IRQHandler
                0x00000000080048c0                EXTI1_IRQHandler
                0x00000000080048c0                USART2_IRQHandler
                0x00000000080048c0                I2C2_ER_IRQHandler
                0x00000000080048c0                DMA2_Stream1_IRQHandler
                0x00000000080048c0                CAN1_SCE_IRQHandler
                0x00000000080048c0                FLASH_IRQHandler
                0x00000000080048c0                DMA2_Stream4_IRQHandler
                0x00000000080048c0                OTG_FS_IRQHandler
                0x00000000080048c0                SPI3_IRQHandler
                0x00000000080048c0                DMA1_Stream4_IRQHandler
                0x00000000080048c0                I2C1_ER_IRQHandler
                0x00000000080048c0                FMC_IRQHandler
                0x00000000080048c0                LPTIM1_IRQHandler
                0x00000000080048c0                I2C4_ER_IRQHandler
                0x00000000080048c0                DMA2_Stream6_IRQHandler
                0x00000000080048c0                SAI1_IRQHandler
                0x00000000080048c0                DMA1_Stream3_IRQHandler
 .text.HAL_Init
                0x00000000080048c2       0x1a Drivers/STM32F7xx_HAL_Driver/Src/stm32f7xx_hal.o
                0x00000000080048c2                HAL_Init
 .text.HAL_IncTick
                0x00000000080048dc       0x28 Drivers/STM32F7xx_HAL_Driver/Src/stm32f7xx_hal.o
                0x00000000080048dc                HAL_IncTick
 .text.HAL_GetTick
                0x0000000008004904       0x18 Drivers/STM32F7xx_HAL_Driver/Src/stm32f7xx_hal.o
                0x0000000008004904                HAL_GetTick
 .text.HAL_Delay
                0x000000000800491c       0x44 Drivers/STM32F7xx_HAL_Driver/Src/stm32f7xx_hal.o
                0x000000000800491c                HAL_Delay
 .text.HAL_ADC_Init
                0x0000000008004960       0x88 Drivers/STM32F7xx_HAL_Driver/Src/stm32f7xx_hal_adc.o
                0x0000000008004960                HAL_ADC_Init
 .text.HAL_ADC_Start
                0x00000000080049e8      0x180 Drivers/STM32F7xx_HAL_Driver/Src/stm32f7xx_hal_adc.o
                0x00000000080049e8                HAL_ADC_Start
 .text.HAL_ADC_PollForConversion
                0x0000000008004b68      0x108 Drivers/STM32F7xx_HAL_Driver/Src/stm32f7xx_hal_adc.o
                0x0000000008004b68                HAL_ADC_PollForConversion
 .text.HAL_ADC_GetValue
                0x0000000008004c70       0x1a Drivers/STM32F7xx_HAL_Driver/Src/stm32f7xx_hal_adc.o
                0x0000000008004c70                HAL_ADC_GetValue
 *fill*         0x0000000008004c8a        0x2 
 .text.HAL_ADC_ConfigChannel
                0x0000000008004c8c      0x294 Drivers/STM32F7xx_HAL_Driver/Src/stm32f7xx_hal_adc.o
                0x0000000008004c8c                HAL_ADC_ConfigChannel
 .text.ADC_Init
                0x0000000008004f20      0x1f4 Drivers/STM32F7xx_HAL_Driver/Src/stm32f7xx_hal_adc.o
 .text.__NVIC_SetPriorityGrouping
                0x0000000008005114       0x48 Drivers/STM32F7xx_HAL_Driver/Src/stm32f7xx_hal_cortex.o
 .text.__NVIC_GetPriorityGrouping
                0x000000000800515c       0x1c Drivers/STM32F7xx_HAL_Driver/Src/stm32f7xx_hal_cortex.o
 .text.__NVIC_EnableIRQ
                0x0000000008005178       0x3c Drivers/STM32F7xx_HAL_Driver/Src/stm32f7xx_hal_cortex.o
 .text.__NVIC_SetPriority
                0x00000000080051b4       0x54 Drivers/STM32F7xx_HAL_Driver/Src/stm32f7xx_hal_cortex.o
 .text.NVIC_EncodePriority
                0x0000000008005208       0x66 Drivers/STM32F7xx_HAL_Driver/Src/stm32f7xx_hal_cortex.o
 .text.HAL_NVIC_SetPriorityGrouping
                0x000000000800526e       0x16 Drivers/STM32F7xx_HAL_Driver/Src/stm32f7xx_hal_cortex.o
                0x000000000800526e                HAL_NVIC_SetPriorityGrouping
 .text.HAL_NVIC_SetPriority
                0x0000000008005284       0x38 Drivers/STM32F7xx_HAL_Driver/Src/stm32f7xx_hal_cortex.o
                0x0000000008005284                HAL_NVIC_SetPriority
 .text.HAL_NVIC_EnableIRQ
                0x00000000080052bc       0x1c Drivers/STM32F7xx_HAL_Driver/Src/stm32f7xx_hal_cortex.o
                0x00000000080052bc                HAL_NVIC_EnableIRQ
 .text.HAL_DAC_Init
                0x00000000080052d8       0x44 Drivers/STM32F7xx_HAL_Driver/Src/stm32f7xx_hal_dac.o
                0x00000000080052d8                HAL_DAC_Init
 .text.HAL_DAC_IRQHandler
                0x000000000800531c       0x94 Drivers/STM32F7xx_HAL_Driver/Src/stm32f7xx_hal_dac.o
                0x000000000800531c                HAL_DAC_IRQHandler
 .text.HAL_DAC_DMAUnderrunCallbackCh1
                0x00000000080053b0       0x14 Drivers/STM32F7xx_HAL_Driver/Src/stm32f7xx_hal_dac.o
                0x00000000080053b0                HAL_DAC_DMAUnderrunCallbackCh1
 .text.HAL_DAC_ConfigChannel
                0x00000000080053c4       0x9a Drivers/STM32F7xx_HAL_Driver/Src/stm32f7xx_hal_dac.o
                0x00000000080053c4                HAL_DAC_ConfigChannel
 .text.HAL_DACEx_DMAUnderrunCallbackCh2
                0x000000000800545e       0x14 Drivers/STM32F7xx_HAL_Driver/Src/stm32f7xx_hal_dac_ex.o
                0x000000000800545e                HAL_DACEx_DMAUnderrunCallbackCh2
 *fill*         0x0000000008005472        0x2 
 .text.HAL_DMA_Init
                0x0000000008005474      0x15c Drivers/STM32F7xx_HAL_Driver/Src/stm32f7xx_hal_dma.o
                0x0000000008005474                HAL_DMA_Init
 .text.HAL_DMA_DeInit
                0x00000000080055d0       0xbc Drivers/STM32F7xx_HAL_Driver/Src/stm32f7xx_hal_dma.o
                0x00000000080055d0                HAL_DMA_DeInit
 .text.HAL_DMA_Abort_IT
                0x000000000800568c       0x44 Drivers/STM32F7xx_HAL_Driver/Src/stm32f7xx_hal_dma.o
                0x000000000800568c                HAL_DMA_Abort_IT
 .text.DMA_CalcBaseAndBitshift
                0x00000000080056d0       0x6c Drivers/STM32F7xx_HAL_Driver/Src/stm32f7xx_hal_dma.o
 .text.DMA_CheckFifoParam
                0x000000000800573c       0xf4 Drivers/STM32F7xx_HAL_Driver/Src/stm32f7xx_hal_dma.o
 .text.HAL_DMA2D_Init
                0x0000000008005830       0x94 Drivers/STM32F7xx_HAL_Driver/Src/stm32f7xx_hal_dma2d.o
                0x0000000008005830                HAL_DMA2D_Init
 .text.HAL_DMA2D_Start
                0x00000000080058c4       0x56 Drivers/STM32F7xx_HAL_Driver/Src/stm32f7xx_hal_dma2d.o
                0x00000000080058c4                HAL_DMA2D_Start
 .text.HAL_DMA2D_PollForTransfer
                0x000000000800591a      0x1d2 Drivers/STM32F7xx_HAL_Driver/Src/stm32f7xx_hal_dma2d.o
                0x000000000800591a                HAL_DMA2D_PollForTransfer
 .text.HAL_DMA2D_ConfigLayer
                0x0000000008005aec      0x124 Drivers/STM32F7xx_HAL_Driver/Src/stm32f7xx_hal_dma2d.o
                0x0000000008005aec                HAL_DMA2D_ConfigLayer
 .text.DMA2D_SetConfig
                0x0000000008005c10      0x138 Drivers/STM32F7xx_HAL_Driver/Src/stm32f7xx_hal_dma2d.o
 .text.HAL_GPIO_Init
                0x0000000008005d48      0x354 Drivers/STM32F7xx_HAL_Driver/Src/stm32f7xx_hal_gpio.o
                0x0000000008005d48                HAL_GPIO_Init
 .text.HAL_GPIO_DeInit
                0x000000000800609c      0x214 Drivers/STM32F7xx_HAL_Driver/Src/stm32f7xx_hal_gpio.o
                0x000000000800609c                HAL_GPIO_DeInit
 .text.HAL_GPIO_ReadPin
                0x00000000080062b0       0x30 Drivers/STM32F7xx_HAL_Driver/Src/stm32f7xx_hal_gpio.o
                0x00000000080062b0                HAL_GPIO_ReadPin
 .text.HAL_GPIO_WritePin
                0x00000000080062e0       0x32 Drivers/STM32F7xx_HAL_Driver/Src/stm32f7xx_hal_gpio.o
                0x00000000080062e0                HAL_GPIO_WritePin
 *fill*         0x0000000008006312        0x2 
 .text.HAL_I2C_Init
                0x0000000008006314      0x120 Drivers/STM32F7xx_HAL_Driver/Src/stm32f7xx_hal_i2c.o
                0x0000000008006314                HAL_I2C_Init
 .text.HAL_I2C_DeInit
                0x0000000008006434       0x5e Drivers/STM32F7xx_HAL_Driver/Src/stm32f7xx_hal_i2c.o
                0x0000000008006434                HAL_I2C_DeInit
 *fill*         0x0000000008006492        0x2 
 .text.HAL_I2C_Mem_Write
                0x0000000008006494      0x228 Drivers/STM32F7xx_HAL_Driver/Src/stm32f7xx_hal_i2c.o
                0x0000000008006494                HAL_I2C_Mem_Write
 .text.HAL_I2C_Mem_Read
                0x00000000080066bc      0x234 Drivers/STM32F7xx_HAL_Driver/Src/stm32f7xx_hal_i2c.o
                0x00000000080066bc                HAL_I2C_Mem_Read
 .text.HAL_I2C_GetState
                0x00000000080068f0       0x1c Drivers/STM32F7xx_HAL_Driver/Src/stm32f7xx_hal_i2c.o
                0x00000000080068f0                HAL_I2C_GetState
 .text.I2C_RequestMemoryWrite
                0x000000000800690c       0xa8 Drivers/STM32F7xx_HAL_Driver/Src/stm32f7xx_hal_i2c.o
 .text.I2C_RequestMemoryRead
                0x00000000080069b4       0xa8 Drivers/STM32F7xx_HAL_Driver/Src/stm32f7xx_hal_i2c.o
 .text.I2C_Flush_TXDR
                0x0000000008006a5c       0x48 Drivers/STM32F7xx_HAL_Driver/Src/stm32f7xx_hal_i2c.o
 .text.I2C_WaitOnFlagUntilTimeout
                0x0000000008006aa4       0x80 Drivers/STM32F7xx_HAL_Driver/Src/stm32f7xx_hal_i2c.o
 .text.I2C_WaitOnTXISFlagUntilTimeout
                0x0000000008006b24       0x80 Drivers/STM32F7xx_HAL_Driver/Src/stm32f7xx_hal_i2c.o
 .text.I2C_WaitOnSTOPFlagUntilTimeout
                0x0000000008006ba4       0x78 Drivers/STM32F7xx_HAL_Driver/Src/stm32f7xx_hal_i2c.o
 .text.I2C_IsAcknowledgeFailed
                0x0000000008006c1c       0xcc Drivers/STM32F7xx_HAL_Driver/Src/stm32f7xx_hal_i2c.o
 .text.I2C_TransferConfig
                0x0000000008006ce8       0x5c Drivers/STM32F7xx_HAL_Driver/Src/stm32f7xx_hal_i2c.o
 .text.HAL_I2CEx_ConfigAnalogFilter
                0x0000000008006d44       0x96 Drivers/STM32F7xx_HAL_Driver/Src/stm32f7xx_hal_i2c_ex.o
                0x0000000008006d44                HAL_I2CEx_ConfigAnalogFilter
 .text.HAL_I2CEx_ConfigDigitalFilter
                0x0000000008006dda       0x98 Drivers/STM32F7xx_HAL_Driver/Src/stm32f7xx_hal_i2c_ex.o
                0x0000000008006dda                HAL_I2CEx_ConfigDigitalFilter
 *fill*         0x0000000008006e72        0x2 
 .text.HAL_LTDC_Init
                0x0000000008006e74      0x1a0 Drivers/STM32F7xx_HAL_Driver/Src/stm32f7xx_hal_ltdc.o
                0x0000000008006e74                HAL_LTDC_Init
 .text.HAL_LTDC_IRQHandler
                0x0000000008007014      0x148 Drivers/STM32F7xx_HAL_Driver/Src/stm32f7xx_hal_ltdc.o
                0x0000000008007014                HAL_LTDC_IRQHandler
 .text.HAL_LTDC_ErrorCallback
                0x000000000800715c       0x14 Drivers/STM32F7xx_HAL_Driver/Src/stm32f7xx_hal_ltdc.o
                0x000000000800715c                HAL_LTDC_ErrorCallback
 .text.HAL_LTDC_LineEventCallback
                0x0000000008007170       0x14 Drivers/STM32F7xx_HAL_Driver/Src/stm32f7xx_hal_ltdc.o
                0x0000000008007170                HAL_LTDC_LineEventCallback
 .text.HAL_LTDC_ReloadEventCallback
                0x0000000008007184       0x14 Drivers/STM32F7xx_HAL_Driver/Src/stm32f7xx_hal_ltdc.o
                0x0000000008007184                HAL_LTDC_ReloadEventCallback
 .text.HAL_LTDC_ConfigLayer
                0x0000000008007198       0x7c Drivers/STM32F7xx_HAL_Driver/Src/stm32f7xx_hal_ltdc.o
                0x0000000008007198                HAL_LTDC_ConfigLayer
 .text.HAL_LTDC_GetState
                0x0000000008007214       0x1c Drivers/STM32F7xx_HAL_Driver/Src/stm32f7xx_hal_ltdc.o
                0x0000000008007214                HAL_LTDC_GetState
 .text.LTDC_SetConfig
                0x0000000008007230      0x334 Drivers/STM32F7xx_HAL_Driver/Src/stm32f7xx_hal_ltdc.o
 .text.HAL_PWR_EnableBkUpAccess
                0x0000000008007564       0x20 Drivers/STM32F7xx_HAL_Driver/Src/stm32f7xx_hal_pwr.o
                0x0000000008007564                HAL_PWR_EnableBkUpAccess
 .text.HAL_PWREx_EnableOverDrive
                0x0000000008007584       0xa0 Drivers/STM32F7xx_HAL_Driver/Src/stm32f7xx_hal_pwr_ex.o
                0x0000000008007584                HAL_PWREx_EnableOverDrive
 .text.HAL_RCC_OscConfig
                0x0000000008007624      0x548 Drivers/STM32F7xx_HAL_Driver/Src/stm32f7xx_hal_rcc.o
                0x0000000008007624                HAL_RCC_OscConfig
 .text.HAL_RCC_ClockConfig
                0x0000000008007b6c      0x1d8 Drivers/STM32F7xx_HAL_Driver/Src/stm32f7xx_hal_rcc.o
                0x0000000008007b6c                HAL_RCC_ClockConfig
 .text.HAL_RCC_GetSysClockFreq
                0x0000000008007d44      0x164 Drivers/STM32F7xx_HAL_Driver/Src/stm32f7xx_hal_rcc.o
                0x0000000008007d44                HAL_RCC_GetSysClockFreq
 .text.HAL_RCC_GetHCLKFreq
                0x0000000008007ea8       0x18 Drivers/STM32F7xx_HAL_Driver/Src/stm32f7xx_hal_rcc.o
                0x0000000008007ea8                HAL_RCC_GetHCLKFreq
 .text.HAL_RCC_GetPCLK1Freq
                0x0000000008007ec0       0x28 Drivers/STM32F7xx_HAL_Driver/Src/stm32f7xx_hal_rcc.o
                0x0000000008007ec0                HAL_RCC_GetPCLK1Freq
 .text.HAL_RCC_GetPCLK2Freq
                0x0000000008007ee8       0x28 Drivers/STM32F7xx_HAL_Driver/Src/stm32f7xx_hal_rcc.o
                0x0000000008007ee8                HAL_RCC_GetPCLK2Freq
 .text.HAL_RCC_GetClockConfig
                0x0000000008007f10       0x64 Drivers/STM32F7xx_HAL_Driver/Src/stm32f7xx_hal_rcc.o
                0x0000000008007f10                HAL_RCC_GetClockConfig
 .text.HAL_RCCEx_PeriphCLKConfig
                0x0000000008007f74      0x7dc Drivers/STM32F7xx_HAL_Driver/Src/stm32f7xx_hal_rcc_ex.o
                0x0000000008007f74                HAL_RCCEx_PeriphCLKConfig
 .text.HAL_RTC_Init
                0x0000000008008750       0xf8 Drivers/STM32F7xx_HAL_Driver/Src/stm32f7xx_hal_rtc.o
                0x0000000008008750                HAL_RTC_Init
 .text.HAL_RTC_SetTime
                0x0000000008008848      0x17c Drivers/STM32F7xx_HAL_Driver/Src/stm32f7xx_hal_rtc.o
                0x0000000008008848                HAL_RTC_SetTime
 .text.HAL_RTC_SetDate
                0x00000000080089c4      0x150 Drivers/STM32F7xx_HAL_Driver/Src/stm32f7xx_hal_rtc.o
                0x00000000080089c4                HAL_RTC_SetDate
 .text.HAL_RTC_SetAlarm
                0x0000000008008b14      0x230 Drivers/STM32F7xx_HAL_Driver/Src/stm32f7xx_hal_rtc.o
                0x0000000008008b14                HAL_RTC_SetAlarm
 .text.HAL_RTC_WaitForSynchro
                0x0000000008008d44       0x50 Drivers/STM32F7xx_HAL_Driver/Src/stm32f7xx_hal_rtc.o
                0x0000000008008d44                HAL_RTC_WaitForSynchro
 .text.RTC_EnterInitMode
                0x0000000008008d94       0x58 Drivers/STM32F7xx_HAL_Driver/Src/stm32f7xx_hal_rtc.o
                0x0000000008008d94                RTC_EnterInitMode
 .text.RTC_ByteToBcd2
                0x0000000008008dec       0x3c Drivers/STM32F7xx_HAL_Driver/Src/stm32f7xx_hal_rtc.o
                0x0000000008008dec                RTC_ByteToBcd2
 .text.HAL_RTCEx_SetTimeStamp
                0x0000000008008e28       0xac Drivers/STM32F7xx_HAL_Driver/Src/stm32f7xx_hal_rtc_ex.o
                0x0000000008008e28                HAL_RTCEx_SetTimeStamp
 .text.HAL_SDRAM_Init
                0x0000000008008ed4       0x68 Drivers/STM32F7xx_HAL_Driver/Src/stm32f7xx_hal_sdram.o
                0x0000000008008ed4                HAL_SDRAM_Init
 .text.HAL_SDRAM_SendCommand
                0x0000000008008f3c       0x56 Drivers/STM32F7xx_HAL_Driver/Src/stm32f7xx_hal_sdram.o
                0x0000000008008f3c                HAL_SDRAM_SendCommand
 .text.HAL_SDRAM_ProgramRefreshRate
                0x0000000008008f92       0x40 Drivers/STM32F7xx_HAL_Driver/Src/stm32f7xx_hal_sdram.o
                0x0000000008008f92                HAL_SDRAM_ProgramRefreshRate
 .text.HAL_SPI_Init
                0x0000000008008fd2      0x124 Drivers/STM32F7xx_HAL_Driver/Src/stm32f7xx_hal_spi.o
                0x0000000008008fd2                HAL_SPI_Init
 .text.HAL_TIM_Base_Init
                0x00000000080090f6       0x56 Drivers/STM32F7xx_HAL_Driver/Src/stm32f7xx_hal_tim.o
                0x00000000080090f6                HAL_TIM_Base_Init
 .text.HAL_TIM_Base_Start_IT
                0x000000000800914c       0x54 Drivers/STM32F7xx_HAL_Driver/Src/stm32f7xx_hal_tim.o
                0x000000000800914c                HAL_TIM_Base_Start_IT
 .text.HAL_TIM_PWM_Init
                0x00000000080091a0       0x56 Drivers/STM32F7xx_HAL_Driver/Src/stm32f7xx_hal_tim.o
                0x00000000080091a0                HAL_TIM_PWM_Init
 .text.HAL_TIM_PWM_MspInit
                0x00000000080091f6       0x14 Drivers/STM32F7xx_HAL_Driver/Src/stm32f7xx_hal_tim.o
                0x00000000080091f6                HAL_TIM_PWM_MspInit
 .text.HAL_TIM_IRQHandler
                0x000000000800920a      0x23e Drivers/STM32F7xx_HAL_Driver/Src/stm32f7xx_hal_tim.o
                0x000000000800920a                HAL_TIM_IRQHandler
 .text.HAL_TIM_PWM_ConfigChannel
                0x0000000008009448      0x230 Drivers/STM32F7xx_HAL_Driver/Src/stm32f7xx_hal_tim.o
                0x0000000008009448                HAL_TIM_PWM_ConfigChannel
 .text.HAL_TIM_ConfigClockSource
                0x0000000008009678      0x174 Drivers/STM32F7xx_HAL_Driver/Src/stm32f7xx_hal_tim.o
                0x0000000008009678                HAL_TIM_ConfigClockSource
 .text.HAL_TIM_SlaveConfigSynchro
                0x00000000080097ec       0x84 Drivers/STM32F7xx_HAL_Driver/Src/stm32f7xx_hal_tim.o
                0x00000000080097ec                HAL_TIM_SlaveConfigSynchro
 .text.HAL_TIM_OC_DelayElapsedCallback
                0x0000000008009870       0x14 Drivers/STM32F7xx_HAL_Driver/Src/stm32f7xx_hal_tim.o
                0x0000000008009870                HAL_TIM_OC_DelayElapsedCallback
 .text.HAL_TIM_IC_CaptureCallback
                0x0000000008009884       0x14 Drivers/STM32F7xx_HAL_Driver/Src/stm32f7xx_hal_tim.o
                0x0000000008009884                HAL_TIM_IC_CaptureCallback
 .text.HAL_TIM_PWM_PulseFinishedCallback
                0x0000000008009898       0x14 Drivers/STM32F7xx_HAL_Driver/Src/stm32f7xx_hal_tim.o
                0x0000000008009898                HAL_TIM_PWM_PulseFinishedCallback
 .text.HAL_TIM_TriggerCallback
                0x00000000080098ac       0x14 Drivers/STM32F7xx_HAL_Driver/Src/stm32f7xx_hal_tim.o
                0x00000000080098ac                HAL_TIM_TriggerCallback
 .text.TIM_Base_SetConfig
                0x00000000080098c0      0x140 Drivers/STM32F7xx_HAL_Driver/Src/stm32f7xx_hal_tim.o
                0x00000000080098c0                TIM_Base_SetConfig
 .text.TIM_OC1_SetConfig
                0x0000000008009a00       0xe4 Drivers/STM32F7xx_HAL_Driver/Src/stm32f7xx_hal_tim.o
 .text.TIM_OC2_SetConfig
                0x0000000008009ae4       0xf0 Drivers/STM32F7xx_HAL_Driver/Src/stm32f7xx_hal_tim.o
                0x0000000008009ae4                TIM_OC2_SetConfig
 .text.TIM_OC3_SetConfig
                0x0000000008009bd4       0xec Drivers/STM32F7xx_HAL_Driver/Src/stm32f7xx_hal_tim.o
 .text.TIM_OC4_SetConfig
                0x0000000008009cc0       0xb0 Drivers/STM32F7xx_HAL_Driver/Src/stm32f7xx_hal_tim.o
 .text.TIM_OC5_SetConfig
                0x0000000008009d70       0xa4 Drivers/STM32F7xx_HAL_Driver/Src/stm32f7xx_hal_tim.o
 .text.TIM_OC6_SetConfig
                0x0000000008009e14       0xa8 Drivers/STM32F7xx_HAL_Driver/Src/stm32f7xx_hal_tim.o
 .text.TIM_SlaveTimer_SetConfig
                0x0000000008009ebc      0x110 Drivers/STM32F7xx_HAL_Driver/Src/stm32f7xx_hal_tim.o
 .text.TIM_TI1_ConfigInputStage
                0x0000000008009fcc       0x5e Drivers/STM32F7xx_HAL_Driver/Src/stm32f7xx_hal_tim.o
 .text.TIM_TI2_ConfigInputStage
                0x000000000800a02a       0x60 Drivers/STM32F7xx_HAL_Driver/Src/stm32f7xx_hal_tim.o
 .text.TIM_ITRx_SetConfig
                0x000000000800a08a       0x36 Drivers/STM32F7xx_HAL_Driver/Src/stm32f7xx_hal_tim.o
 .text.TIM_ETR_SetConfig
                0x000000000800a0c0       0x40 Drivers/STM32F7xx_HAL_Driver/Src/stm32f7xx_hal_tim.o
                0x000000000800a0c0                TIM_ETR_SetConfig
 .text.HAL_TIMEx_MasterConfigSynchronization
                0x000000000800a100      0x11c Drivers/STM32F7xx_HAL_Driver/Src/stm32f7xx_hal_tim_ex.o
                0x000000000800a100                HAL_TIMEx_MasterConfigSynchronization
 .text.HAL_TIMEx_ConfigBreakDeadTime
                0x000000000800a21c       0xfc Drivers/STM32F7xx_HAL_Driver/Src/stm32f7xx_hal_tim_ex.o
                0x000000000800a21c                HAL_TIMEx_ConfigBreakDeadTime
 .text.HAL_TIMEx_CommutCallback
                0x000000000800a318       0x14 Drivers/STM32F7xx_HAL_Driver/Src/stm32f7xx_hal_tim_ex.o
                0x000000000800a318                HAL_TIMEx_CommutCallback
 .text.HAL_TIMEx_BreakCallback
                0x000000000800a32c       0x14 Drivers/STM32F7xx_HAL_Driver/Src/stm32f7xx_hal_tim_ex.o
                0x000000000800a32c                HAL_TIMEx_BreakCallback
 .text.HAL_TIMEx_Break2Callback
                0x000000000800a340       0x14 Drivers/STM32F7xx_HAL_Driver/Src/stm32f7xx_hal_tim_ex.o
                0x000000000800a340                HAL_TIMEx_Break2Callback
 .text.HAL_UART_Init
                0x000000000800a354       0x9c Drivers/STM32F7xx_HAL_Driver/Src/stm32f7xx_hal_uart.o
                0x000000000800a354                HAL_UART_Init
 .text.HAL_UART_Transmit_IT
                0x000000000800a3f0       0xb8 Drivers/STM32F7xx_HAL_Driver/Src/stm32f7xx_hal_uart.o
                0x000000000800a3f0                HAL_UART_Transmit_IT
 .text.HAL_UART_Receive_IT
                0x000000000800a4a8      0x144 Drivers/STM32F7xx_HAL_Driver/Src/stm32f7xx_hal_uart.o
                0x000000000800a4a8                HAL_UART_Receive_IT
 .text.HAL_UART_IRQHandler
                0x000000000800a5ec      0x264 Drivers/STM32F7xx_HAL_Driver/Src/stm32f7xx_hal_uart.o
                0x000000000800a5ec                HAL_UART_IRQHandler
 .text.HAL_UART_TxCpltCallback
                0x000000000800a850       0x14 Drivers/STM32F7xx_HAL_Driver/Src/stm32f7xx_hal_uart.o
                0x000000000800a850                HAL_UART_TxCpltCallback
 .text.HAL_UART_ErrorCallback
                0x000000000800a864       0x14 Drivers/STM32F7xx_HAL_Driver/Src/stm32f7xx_hal_uart.o
                0x000000000800a864                HAL_UART_ErrorCallback
 .text.UART_SetConfig
                0x000000000800a878      0x554 Drivers/STM32F7xx_HAL_Driver/Src/stm32f7xx_hal_uart.o
                0x000000000800a878                UART_SetConfig
 .text.UART_AdvFeatureConfig
                0x000000000800adcc      0x144 Drivers/STM32F7xx_HAL_Driver/Src/stm32f7xx_hal_uart.o
                0x000000000800adcc                UART_AdvFeatureConfig
 .text.UART_CheckIdleState
                0x000000000800af10       0x5e Drivers/STM32F7xx_HAL_Driver/Src/stm32f7xx_hal_uart.o
                0x000000000800af10                UART_CheckIdleState
 .text.UART_WaitOnFlagUntilTimeout
                0x000000000800af6e       0xf6 Drivers/STM32F7xx_HAL_Driver/Src/stm32f7xx_hal_uart.o
                0x000000000800af6e                UART_WaitOnFlagUntilTimeout
 .text.UART_EndRxTransfer
                0x000000000800b064       0x40 Drivers/STM32F7xx_HAL_Driver/Src/stm32f7xx_hal_uart.o
 .text.UART_DMAAbortOnError
                0x000000000800b0a4       0x2c Drivers/STM32F7xx_HAL_Driver/Src/stm32f7xx_hal_uart.o
 .text.UART_TxISR_8BIT
                0x000000000800b0d0       0x72 Drivers/STM32F7xx_HAL_Driver/Src/stm32f7xx_hal_uart.o
 .text.UART_TxISR_16BIT
                0x000000000800b142       0x7c Drivers/STM32F7xx_HAL_Driver/Src/stm32f7xx_hal_uart.o
 .text.UART_EndTransmit_IT
                0x000000000800b1be       0x32 Drivers/STM32F7xx_HAL_Driver/Src/stm32f7xx_hal_uart.o
 .text.UART_RxISR_8BIT
                0x000000000800b1f0       0xa6 Drivers/STM32F7xx_HAL_Driver/Src/stm32f7xx_hal_uart.o
 .text.UART_RxISR_16BIT
                0x000000000800b296       0xa6 Drivers/STM32F7xx_HAL_Driver/Src/stm32f7xx_hal_uart.o
 .text.FMC_SDRAM_Init
                0x000000000800b33c       0xe4 Drivers/STM32F7xx_HAL_Driver/Src/stm32f7xx_ll_fmc.o
                0x000000000800b33c                FMC_SDRAM_Init
 .text.FMC_SDRAM_Timing_Init
                0x000000000800b420      0x100 Drivers/STM32F7xx_HAL_Driver/Src/stm32f7xx_ll_fmc.o
                0x000000000800b420                FMC_SDRAM_Timing_Init
 .text.FMC_SDRAM_SendCommand
                0x000000000800b520       0x42 Drivers/STM32F7xx_HAL_Driver/Src/stm32f7xx_ll_fmc.o
                0x000000000800b520                FMC_SDRAM_SendCommand
 .text.FMC_SDRAM_ProgramRefreshRate
                0x000000000800b562       0x26 Drivers/STM32F7xx_HAL_Driver/Src/stm32f7xx_ll_fmc.o
                0x000000000800b562                FMC_SDRAM_ProgramRefreshRate
 .text.makeFreeRtosPriority
                0x000000000800b588       0x30 Middlewares/Third_Party/FreeRTOS/Source/CMSIS_RTOS/cmsis_os.o
 .text.osKernelStart
                0x000000000800b5b8        0xe Middlewares/Third_Party/FreeRTOS/Source/CMSIS_RTOS/cmsis_os.o
                0x000000000800b5b8                osKernelStart
 .text.osThreadCreate
                0x000000000800b5c6       0x98 Middlewares/Third_Party/FreeRTOS/Source/CMSIS_RTOS/cmsis_os.o
                0x000000000800b5c6                osThreadCreate
 .text.osDelay  0x000000000800b65e       0x28 Middlewares/Third_Party/FreeRTOS/Source/CMSIS_RTOS/cmsis_os.o
                0x000000000800b65e                osDelay
 .text.osMutexCreate
                0x000000000800b686       0x30 Middlewares/Third_Party/FreeRTOS/Source/CMSIS_RTOS/cmsis_os.o
                0x000000000800b686                osMutexCreate
 .text.osMessageCreate
                0x000000000800b6b6       0x52 Middlewares/Third_Party/FreeRTOS/Source/CMSIS_RTOS/cmsis_os.o
                0x000000000800b6b6                osMessageCreate
 .text.vListInitialise
                0x000000000800b708       0x40 Middlewares/Third_Party/FreeRTOS/Source/list.o
                0x000000000800b708                vListInitialise
 .text.vListInitialiseItem
                0x000000000800b748       0x1a Middlewares/Third_Party/FreeRTOS/Source/list.o
                0x000000000800b748                vListInitialiseItem
 .text.vListInsertEnd
                0x000000000800b762       0x48 Middlewares/Third_Party/FreeRTOS/Source/list.o
                0x000000000800b762                vListInsertEnd
 .text.vListInsert
                0x000000000800b7aa       0x72 Middlewares/Third_Party/FreeRTOS/Source/list.o
                0x000000000800b7aa                vListInsert
 .text.uxListRemove
                0x000000000800b81c       0x54 Middlewares/Third_Party/FreeRTOS/Source/list.o
                0x000000000800b81c                uxListRemove
 .text.xQueueGenericReset
                0x000000000800b870       0xd4 Middlewares/Third_Party/FreeRTOS/Source/queue.o
                0x000000000800b870                xQueueGenericReset
 .text.xQueueGenericCreateStatic
                0x000000000800b944       0xfa Middlewares/Third_Party/FreeRTOS/Source/queue.o
                0x000000000800b944                xQueueGenericCreateStatic
 .text.xQueueGenericCreate
                0x000000000800ba3e       0x82 Middlewares/Third_Party/FreeRTOS/Source/queue.o
                0x000000000800ba3e                xQueueGenericCreate
 .text.prvInitialiseNewQueue
                0x000000000800bac0       0x3e Middlewares/Third_Party/FreeRTOS/Source/queue.o
 .text.prvInitialiseMutex
                0x000000000800bafe       0x34 Middlewares/Third_Party/FreeRTOS/Source/queue.o
 .text.xQueueCreateMutex
                0x000000000800bb32       0x30 Middlewares/Third_Party/FreeRTOS/Source/queue.o
                0x000000000800bb32                xQueueCreateMutex
 .text.xQueueCreateMutexStatic
                0x000000000800bb62       0x36 Middlewares/Third_Party/FreeRTOS/Source/queue.o
                0x000000000800bb62                xQueueCreateMutexStatic
 .text.xQueueGenericSend
                0x000000000800bb98      0x204 Middlewares/Third_Party/FreeRTOS/Source/queue.o
                0x000000000800bb98                xQueueGenericSend
 .text.xQueueSemaphoreTake
                0x000000000800bd9c      0x220 Middlewares/Third_Party/FreeRTOS/Source/queue.o
                0x000000000800bd9c                xQueueSemaphoreTake
 .text.prvGetDisinheritPriorityAfterTimeout
                0x000000000800bfbc       0x30 Middlewares/Third_Party/FreeRTOS/Source/queue.o
 .text.prvCopyDataToQueue
                0x000000000800bfec       0xd4 Middlewares/Third_Party/FreeRTOS/Source/queue.o
 .text.prvUnlockQueue
                0x000000000800c0c0       0xa4 Middlewares/Third_Party/FreeRTOS/Source/queue.o
 .text.prvIsQueueEmpty
                0x000000000800c164       0x2c Middlewares/Third_Party/FreeRTOS/Source/queue.o
 .text.prvIsQueueFull
                0x000000000800c190       0x30 Middlewares/Third_Party/FreeRTOS/Source/queue.o
 .text.xTaskCreateStatic
                0x000000000800c1c0       0xc0 Middlewares/Third_Party/FreeRTOS/Source/tasks.o
                0x000000000800c1c0                xTaskCreateStatic
 .text.xTaskCreate
                0x000000000800c280       0x8a Middlewares/Third_Party/FreeRTOS/Source/tasks.o
                0x000000000800c280                xTaskCreate
 .text.prvInitialiseNewTask
                0x000000000800c30a      0x126 Middlewares/Third_Party/FreeRTOS/Source/tasks.o
 .text.prvAddNewTaskToReadyList
                0x000000000800c430       0xd4 Middlewares/Third_Party/FreeRTOS/Source/tasks.o
 .text.vTaskDelayUntil
                0x000000000800c504      0x100 Middlewares/Third_Party/FreeRTOS/Source/tasks.o
                0x000000000800c504                vTaskDelayUntil
 .text.vTaskDelay
                0x000000000800c604       0x6c Middlewares/Third_Party/FreeRTOS/Source/tasks.o
                0x000000000800c604                vTaskDelay
 .text.vTaskSuspend
                0x000000000800c670      0x128 Middlewares/Third_Party/FreeRTOS/Source/tasks.o
                0x000000000800c670                vTaskSuspend
 .text.vTaskStartScheduler
                0x000000000800c798       0xc4 Middlewares/Third_Party/FreeRTOS/Source/tasks.o
                0x000000000800c798                vTaskStartScheduler
 .text.vTaskSuspendAll
                0x000000000800c85c       0x1c Middlewares/Third_Party/FreeRTOS/Source/tasks.o
                0x000000000800c85c                vTaskSuspendAll
 .text.xTaskResumeAll
                0x000000000800c878      0x13c Middlewares/Third_Party/FreeRTOS/Source/tasks.o
                0x000000000800c878                xTaskResumeAll
 .text.xTaskGetTickCount
                0x000000000800c9b4       0x20 Middlewares/Third_Party/FreeRTOS/Source/tasks.o
                0x000000000800c9b4                xTaskGetTickCount
 .text.xTaskIncrementTick
                0x000000000800c9d4      0x174 Middlewares/Third_Party/FreeRTOS/Source/tasks.o
                0x000000000800c9d4                xTaskIncrementTick
 .text.vTaskSwitchContext
                0x000000000800cb48      0x104 Middlewares/Third_Party/FreeRTOS/Source/tasks.o
                0x000000000800cb48                vTaskSwitchContext
 .text.vTaskPlaceOnEventList
                0x000000000800cc4c       0x4c Middlewares/Third_Party/FreeRTOS/Source/tasks.o
                0x000000000800cc4c                vTaskPlaceOnEventList
 .text.xTaskRemoveFromEventList
                0x000000000800cc98       0xc8 Middlewares/Third_Party/FreeRTOS/Source/tasks.o
                0x000000000800cc98                xTaskRemoveFromEventList
 .text.vTaskInternalSetTimeOutState
                0x000000000800cd60       0x2c Middlewares/Third_Party/FreeRTOS/Source/tasks.o
                0x000000000800cd60                vTaskInternalSetTimeOutState
 .text.xTaskCheckForTimeOut
                0x000000000800cd8c       0xc8 Middlewares/Third_Party/FreeRTOS/Source/tasks.o
                0x000000000800cd8c                xTaskCheckForTimeOut
 .text.vTaskMissedYield
                0x000000000800ce54       0x18 Middlewares/Third_Party/FreeRTOS/Source/tasks.o
                0x000000000800ce54                vTaskMissedYield
 .text.prvIdleTask
                0x000000000800ce6c       0x34 Middlewares/Third_Party/FreeRTOS/Source/tasks.o
 .text.prvInitialiseTaskLists
                0x000000000800cea0       0x80 Middlewares/Third_Party/FreeRTOS/Source/tasks.o
 .text.prvCheckTasksWaitingTermination
                0x000000000800cf20       0x58 Middlewares/Third_Party/FreeRTOS/Source/tasks.o
 .text.prvDeleteTCB
                0x000000000800cf78       0x60 Middlewares/Third_Party/FreeRTOS/Source/tasks.o
 .text.prvResetNextTaskUnblockTime
                0x000000000800cfd8       0x40 Middlewares/Third_Party/FreeRTOS/Source/tasks.o
 .text.xTaskGetSchedulerState
                0x000000000800d018       0x3c Middlewares/Third_Party/FreeRTOS/Source/tasks.o
                0x000000000800d018                xTaskGetSchedulerState
 .text.xTaskPriorityInherit
                0x000000000800d054      0x100 Middlewares/Third_Party/FreeRTOS/Source/tasks.o
                0x000000000800d054                xTaskPriorityInherit
 .text.xTaskPriorityDisinherit
                0x000000000800d154      0x110 Middlewares/Third_Party/FreeRTOS/Source/tasks.o
                0x000000000800d154                xTaskPriorityDisinherit
 .text.vTaskPriorityDisinheritAfterTimeout
                0x000000000800d264      0x138 Middlewares/Third_Party/FreeRTOS/Source/tasks.o
                0x000000000800d264                vTaskPriorityDisinheritAfterTimeout
 .text.pvTaskIncrementMutexHeldCount
                0x000000000800d39c       0x28 Middlewares/Third_Party/FreeRTOS/Source/tasks.o
                0x000000000800d39c                pvTaskIncrementMutexHeldCount
 .text.prvAddCurrentTaskToDelayedList
                0x000000000800d3c4       0xcc Middlewares/Third_Party/FreeRTOS/Source/tasks.o
 .text.pxPortInitialiseStack
                0x000000000800d490       0x68 Middlewares/Third_Party/FreeRTOS/Source/portable/GCC/ARM_CM7/r0p1/port.o
                0x000000000800d490                pxPortInitialiseStack
 .text.prvTaskExitError
                0x000000000800d4f8       0x5c Middlewares/Third_Party/FreeRTOS/Source/portable/GCC/ARM_CM7/r0p1/port.o
 *fill*         0x000000000800d554        0xc 
 .text.SVC_Handler
                0x000000000800d560       0x28 Middlewares/Third_Party/FreeRTOS/Source/portable/GCC/ARM_CM7/r0p1/port.o
                0x000000000800d560                SVC_Handler
 .text.prvPortStartFirstTask
                0x000000000800d588       0x28 Middlewares/Third_Party/FreeRTOS/Source/portable/GCC/ARM_CM7/r0p1/port.o
 .text.xPortStartScheduler
                0x000000000800d5b0       0xf8 Middlewares/Third_Party/FreeRTOS/Source/portable/GCC/ARM_CM7/r0p1/port.o
                0x000000000800d5b0                xPortStartScheduler
 .text.vPortEnterCritical
                0x000000000800d6a8       0x64 Middlewares/Third_Party/FreeRTOS/Source/portable/GCC/ARM_CM7/r0p1/port.o
                0x000000000800d6a8                vPortEnterCritical
 .text.vPortExitCritical
                0x000000000800d70c       0x54 Middlewares/Third_Party/FreeRTOS/Source/portable/GCC/ARM_CM7/r0p1/port.o
                0x000000000800d70c                vPortExitCritical
 .text.PendSV_Handler
                0x000000000800d760       0x68 Middlewares/Third_Party/FreeRTOS/Source/portable/GCC/ARM_CM7/r0p1/port.o
                0x000000000800d760                PendSV_Handler
 .text.SysTick_Handler
                0x000000000800d7c8       0x44 Middlewares/Third_Party/FreeRTOS/Source/portable/GCC/ARM_CM7/r0p1/port.o
                0x000000000800d7c8                SysTick_Handler
 .text.vPortSetupTimerInterrupt
                0x000000000800d80c       0x48 Middlewares/Third_Party/FreeRTOS/Source/portable/GCC/ARM_CM7/r0p1/port.o
                0x000000000800d80c                vPortSetupTimerInterrupt
 .text.vPortEnableVFP
                0x000000000800d854       0x14 Middlewares/Third_Party/FreeRTOS/Source/portable/GCC/ARM_CM7/r0p1/port.o
 .text.pvPortMalloc
                0x000000000800d868      0x198 Middlewares/Third_Party/FreeRTOS/Source/portable/MemMang/heap_4.o
                0x000000000800d868                pvPortMalloc
 .text.vPortFree
                0x000000000800da00       0xb8 Middlewares/Third_Party/FreeRTOS/Source/portable/MemMang/heap_4.o
                0x000000000800da00                vPortFree
 .text.prvHeapInit
                0x000000000800dab8       0xc4 Middlewares/Third_Party/FreeRTOS/Source/portable/MemMang/heap_4.o
 .text.prvInsertBlockIntoFreeList
                0x000000000800db7c       0xb4 Middlewares/Third_Party/FreeRTOS/Source/portable/MemMang/heap_4.o
 .text.__libc_init_array
                0x000000000800dc30       0x48 c:/st/stm32cubeide_1.5.1/stm32cubeide/plugins/com.st.stm32cube.ide.mcu.externaltools.gnu-tools-for-stm32.7-2018-q2-update.win32_1.5.0.202011040924/tools/bin/../lib/gcc/arm-none-eabi/7.3.1/../../../../arm-none-eabi/lib/thumb/v7e-m/fpv4-sp/hard\libc_nano.a(lib_a-init.o)
                0x000000000800dc30                __libc_init_array
 .text.memcpy   0x000000000800dc78       0x16 c:/st/stm32cubeide_1.5.1/stm32cubeide/plugins/com.st.stm32cube.ide.mcu.externaltools.gnu-tools-for-stm32.7-2018-q2-update.win32_1.5.0.202011040924/tools/bin/../lib/gcc/arm-none-eabi/7.3.1/../../../../arm-none-eabi/lib/thumb/v7e-m/fpv4-sp/hard\libc_nano.a(lib_a-memcpy-stub.o)
                0x000000000800dc78                memcpy
 .text.memset   0x000000000800dc8e       0x10 c:/st/stm32cubeide_1.5.1/stm32cubeide/plugins/com.st.stm32cube.ide.mcu.externaltools.gnu-tools-for-stm32.7-2018-q2-update.win32_1.5.0.202011040924/tools/bin/../lib/gcc/arm-none-eabi/7.3.1/../../../../arm-none-eabi/lib/thumb/v7e-m/fpv4-sp/hard\libc_nano.a(lib_a-memset.o)
                0x000000000800dc8e                memset
 *(.glue_7)
 .glue_7        0x000000000800dc9e        0x0 linker stubs
 *(.glue_7t)
 .glue_7t       0x000000000800dc9e        0x0 linker stubs
 *(.eh_frame)
 *fill*         0x000000000800dc9e        0x2 
 .eh_frame      0x000000000800dca0        0x0 c:/st/stm32cubeide_1.5.1/stm32cubeide/plugins/com.st.stm32cube.ide.mcu.externaltools.gnu-tools-for-stm32.7-2018-q2-update.win32_1.5.0.202011040924/tools/bin/../lib/gcc/arm-none-eabi/7.3.1/thumb/v7e-m/fpv4-sp/hard/crtbegin.o
 *(.init)
 .init          0x000000000800dca0        0x4 c:/st/stm32cubeide_1.5.1/stm32cubeide/plugins/com.st.stm32cube.ide.mcu.externaltools.gnu-tools-for-stm32.7-2018-q2-update.win32_1.5.0.202011040924/tools/bin/../lib/gcc/arm-none-eabi/7.3.1/thumb/v7e-m/fpv4-sp/hard/crti.o
                0x000000000800dca0                _init
 .init          0x000000000800dca4        0x8 c:/st/stm32cubeide_1.5.1/stm32cubeide/plugins/com.st.stm32cube.ide.mcu.externaltools.gnu-tools-for-stm32.7-2018-q2-update.win32_1.5.0.202011040924/tools/bin/../lib/gcc/arm-none-eabi/7.3.1/thumb/v7e-m/fpv4-sp/hard/crtn.o
 *(.fini)
 .fini          0x000000000800dcac        0x4 c:/st/stm32cubeide_1.5.1/stm32cubeide/plugins/com.st.stm32cube.ide.mcu.externaltools.gnu-tools-for-stm32.7-2018-q2-update.win32_1.5.0.202011040924/tools/bin/../lib/gcc/arm-none-eabi/7.3.1/thumb/v7e-m/fpv4-sp/hard/crti.o
                0x000000000800dcac                _fini
 .fini          0x000000000800dcb0        0x8 c:/st/stm32cubeide_1.5.1/stm32cubeide/plugins/com.st.stm32cube.ide.mcu.externaltools.gnu-tools-for-stm32.7-2018-q2-update.win32_1.5.0.202011040924/tools/bin/../lib/gcc/arm-none-eabi/7.3.1/thumb/v7e-m/fpv4-sp/hard/crtn.o
                0x000000000800dcb8                . = ALIGN (0x4)
                0x000000000800dcb8                _etext = .

.vfp11_veneer   0x000000000800dcb8        0x0
 .vfp11_veneer  0x000000000800dcb8        0x0 linker stubs

.v4_bx          0x000000000800dcb8        0x0
 .v4_bx         0x000000000800dcb8        0x0 linker stubs

.iplt           0x000000000800dcb8        0x0
 .iplt          0x000000000800dcb8        0x0 c:/st/stm32cubeide_1.5.1/stm32cubeide/plugins/com.st.stm32cube.ide.mcu.externaltools.gnu-tools-for-stm32.7-2018-q2-update.win32_1.5.0.202011040924/tools/bin/../lib/gcc/arm-none-eabi/7.3.1/thumb/v7e-m/fpv4-sp/hard/crtbegin.o

.rodata         0x000000000800dcb8     0x2030
                0x000000000800dcb8                . = ALIGN (0x4)
 *(.rodata)
 .rodata        0x000000000800dcb8       0xda Core/Src/main.o
 *fill*         0x000000000800dd92        0x2 
 .rodata        0x000000000800dd94        0x5 Middlewares/Third_Party/FreeRTOS/Source/tasks.o
 *(.rodata*)
 *fill*         0x000000000800dd99        0x3 
 .rodata.Font24_Table
                0x000000000800dd9c     0x1ab8 Core/Src/stm32746g_discovery_lcd.o
                0x000000000800dd9c                Font24_Table
 .rodata.Font12_Table
                0x000000000800f854      0x474 Core/Src/stm32746g_discovery_lcd.o
                0x000000000800f854                Font12_Table
 .rodata.AHBPrescTable
                0x000000000800fcc8       0x10 Core/Src/system_stm32f7xx.o
                0x000000000800fcc8                AHBPrescTable
 .rodata.APBPrescTable
                0x000000000800fcd8        0x8 Core/Src/system_stm32f7xx.o
                0x000000000800fcd8                APBPrescTable
 .rodata.flagBitshiftOffset.9876
                0x000000000800fce0        0x8 Drivers/STM32F7xx_HAL_Driver/Src/stm32f7xx_hal_dma.o
                0x000000000800fce8                . = ALIGN (0x4)

.ARM.extab      0x000000000800fce8        0x0
                0x000000000800fce8                . = ALIGN (0x4)
 *(.ARM.extab* .gnu.linkonce.armextab.*)
                0x000000000800fce8                . = ALIGN (0x4)

.ARM            0x000000000800fce8        0x8
                0x000000000800fce8                . = ALIGN (0x4)
                0x000000000800fce8                __exidx_start = .
 *(.ARM.exidx*)
 .ARM.exidx     0x000000000800fce8        0x8 c:/st/stm32cubeide_1.5.1/stm32cubeide/plugins/com.st.stm32cube.ide.mcu.externaltools.gnu-tools-for-stm32.7-2018-q2-update.win32_1.5.0.202011040924/tools/bin/../lib/gcc/arm-none-eabi/7.3.1/thumb/v7e-m/fpv4-sp/hard\libgcc.a(_udivmoddi4.o)
                0x000000000800fcf0                __exidx_end = .
                0x000000000800fcf0                . = ALIGN (0x4)

.rel.dyn        0x000000000800fcf0        0x0
 .rel.iplt      0x000000000800fcf0        0x0 c:/st/stm32cubeide_1.5.1/stm32cubeide/plugins/com.st.stm32cube.ide.mcu.externaltools.gnu-tools-for-stm32.7-2018-q2-update.win32_1.5.0.202011040924/tools/bin/../lib/gcc/arm-none-eabi/7.3.1/thumb/v7e-m/fpv4-sp/hard/crtbegin.o

.preinit_array  0x000000000800fcf0        0x0
                0x000000000800fcf0                . = ALIGN (0x4)
                0x000000000800fcf0                PROVIDE (__preinit_array_start = .)
 *(.preinit_array*)
                0x000000000800fcf0                PROVIDE (__preinit_array_end = .)
                0x000000000800fcf0                . = ALIGN (0x4)

.init_array     0x000000000800fcf0        0x4
                0x000000000800fcf0                . = ALIGN (0x4)
                0x000000000800fcf0                PROVIDE (__init_array_start = .)
 *(SORT_BY_NAME(.init_array.*))
 *(.init_array*)
 .init_array    0x000000000800fcf0        0x4 c:/st/stm32cubeide_1.5.1/stm32cubeide/plugins/com.st.stm32cube.ide.mcu.externaltools.gnu-tools-for-stm32.7-2018-q2-update.win32_1.5.0.202011040924/tools/bin/../lib/gcc/arm-none-eabi/7.3.1/thumb/v7e-m/fpv4-sp/hard/crtbegin.o
                0x000000000800fcf4                PROVIDE (__init_array_end = .)
                0x000000000800fcf4                . = ALIGN (0x4)

.fini_array     0x000000000800fcf4        0x4
                0x000000000800fcf4                . = ALIGN (0x4)
                [!provide]                        PROVIDE (__fini_array_start = .)
 *(SORT_BY_NAME(.fini_array.*))
 *(.fini_array*)
 .fini_array    0x000000000800fcf4        0x4 c:/st/stm32cubeide_1.5.1/stm32cubeide/plugins/com.st.stm32cube.ide.mcu.externaltools.gnu-tools-for-stm32.7-2018-q2-update.win32_1.5.0.202011040924/tools/bin/../lib/gcc/arm-none-eabi/7.3.1/thumb/v7e-m/fpv4-sp/hard/crtbegin.o
                [!provide]                        PROVIDE (__fini_array_end = .)
                0x000000000800fcf8                . = ALIGN (0x4)
                0x000000000800fcf8                _sidata = LOADADDR (.data)

.data           0x0000000020000000       0x58 load address 0x000000000800fcf8
                0x0000000020000000                . = ALIGN (0x4)
                0x0000000020000000                _sdata = .
 *(.data)
 *(.data*)
 .data.ft5336_ts_drv
                0x0000000020000000       0x28 Core/Src/ft5336.o
                0x0000000020000000                ft5336_ts_drv
 .data.x_RRacket
                0x0000000020000028        0x2 Core/Src/main.o
                0x0000000020000028                x_RRacket
 .data.y_RRacket
                0x000000002000002a        0x2 Core/Src/main.o
                0x000000002000002a                y_RRacket
 .data.x_balle  0x000000002000002c        0x2 Core/Src/main.o
                0x000000002000002c                x_balle
 .data.y_balle  0x000000002000002e        0x2 Core/Src/main.o
                0x000000002000002e                y_balle
 .data.r_balle  0x0000000020000030        0x2 Core/Src/main.o
                0x0000000020000030                r_balle
 .data.couleur  0x0000000020000032        0x1 Core/Src/main.o
                0x0000000020000032                couleur
 *fill*         0x0000000020000033        0x1 
 .data.Font24   0x0000000020000034        0x8 Core/Src/stm32746g_discovery_lcd.o
                0x0000000020000034                Font24
 .data.Font12   0x000000002000003c        0x8 Core/Src/stm32746g_discovery_lcd.o
                0x000000002000003c                Font12
 .data.sdramstatus.9792
                0x0000000020000044        0x1 Core/Src/stm32746g_discovery_sdram.o
 *fill*         0x0000000020000045        0x3 
 .data.SystemCoreClock
                0x0000000020000048        0x4 Core/Src/system_stm32f7xx.o
                0x0000000020000048                SystemCoreClock
 .data.uwTickPrio
                0x000000002000004c        0x4 Drivers/STM32F7xx_HAL_Driver/Src/stm32f7xx_hal.o
                0x000000002000004c                uwTickPrio
 .data.uwTickFreq
                0x0000000020000050        0x1 Drivers/STM32F7xx_HAL_Driver/Src/stm32f7xx_hal.o
                0x0000000020000050                uwTickFreq
 *fill*         0x0000000020000051        0x3 
 .data.uxCriticalNesting
                0x0000000020000054        0x4 Middlewares/Third_Party/FreeRTOS/Source/portable/GCC/ARM_CM7/r0p1/port.o
 *(.RamFunc)
 *(.RamFunc*)
                0x0000000020000058                . = ALIGN (0x4)
                0x0000000020000058                _edata = .

.igot.plt       0x0000000020000058        0x0 load address 0x000000000800fd50
 .igot.plt      0x0000000020000058        0x0 c:/st/stm32cubeide_1.5.1/stm32cubeide/plugins/com.st.stm32cube.ide.mcu.externaltools.gnu-tools-for-stm32.7-2018-q2-update.win32_1.5.0.202011040924/tools/bin/../lib/gcc/arm-none-eabi/7.3.1/thumb/v7e-m/fpv4-sp/hard/crtbegin.o
                0x0000000020000058                . = ALIGN (0x4)

.bss            0x0000000020000058     0x8c80 load address 0x000000000800fd50
                0x0000000020000058                _sbss = .
                0x0000000020000058                __bss_start__ = _sbss
 *(.bss)
 .bss           0x0000000020000058       0x1c c:/st/stm32cubeide_1.5.1/stm32cubeide/plugins/com.st.stm32cube.ide.mcu.externaltools.gnu-tools-for-stm32.7-2018-q2-update.win32_1.5.0.202011040924/tools/bin/../lib/gcc/arm-none-eabi/7.3.1/thumb/v7e-m/fpv4-sp/hard/crtbegin.o
 *(.bss*)
 .bss.xIdleTaskTCBBuffer
                0x0000000020000074       0x58 Core/Src/freertos.o
 .bss.xIdleStack
                0x00000000200000cc      0x200 Core/Src/freertos.o
 .bss.ft5336_handle
                0x00000000200002cc        0x3 Core/Src/ft5336.o
 *fill*         0x00000000200002cf        0x1 
 .bss.coord.5659
                0x00000000200002d0        0x2 Core/Src/ft5336.o
 .bss.lost      0x00000000200002d2        0x1 Core/Src/main.o
                0x00000000200002d2                lost
 *fill*         0x00000000200002d3        0x1 
 .bss.hI2cAudioHandler
                0x00000000200002d4       0x4c Core/Src/stm32746g_discovery.o
 .bss.hDma2dHandler
                0x0000000020000320       0x40 Core/Src/stm32746g_discovery_lcd.o
 .bss.ActiveLayer
                0x0000000020000360        0x4 Core/Src/stm32746g_discovery_lcd.o
 .bss.DrawProp  0x0000000020000364       0x18 Core/Src/stm32746g_discovery_lcd.o
 .bss.periph_clk_init_struct.10379
                0x000000002000037c       0x84 Core/Src/stm32746g_discovery_lcd.o
 .bss.Timing    0x0000000020000400       0x1c Core/Src/stm32746g_discovery_sdram.o
 .bss.Command   0x000000002000041c       0x10 Core/Src/stm32746g_discovery_sdram.o
 .bss.dma_handle.9828
                0x000000002000042c       0x60 Core/Src/stm32746g_discovery_sdram.o
 .bss.tsDriver  0x000000002000048c        0x4 Core/Src/stm32746g_discovery_ts.o
 .bss.tsXBoundary
                0x0000000020000490        0x2 Core/Src/stm32746g_discovery_ts.o
 .bss.tsYBoundary
                0x0000000020000492        0x2 Core/Src/stm32746g_discovery_ts.o
 .bss.tsOrientation
                0x0000000020000494        0x1 Core/Src/stm32746g_discovery_ts.o
 .bss.I2cAddress
                0x0000000020000495        0x1 Core/Src/stm32746g_discovery_ts.o
 *fill*         0x0000000020000496        0x2 
 .bss.FMC_Initialized
                0x0000000020000498        0x4 Core/Src/stm32f7xx_hal_msp.o
 .bss.pxCurrentTCB
                0x000000002000049c        0x4 Middlewares/Third_Party/FreeRTOS/Source/tasks.o
                0x000000002000049c                pxCurrentTCB
 .bss.pxReadyTasksLists
                0x00000000200004a0       0x8c Middlewares/Third_Party/FreeRTOS/Source/tasks.o
 .bss.xDelayedTaskList1
                0x000000002000052c       0x14 Middlewares/Third_Party/FreeRTOS/Source/tasks.o
 .bss.xDelayedTaskList2
                0x0000000020000540       0x14 Middlewares/Third_Party/FreeRTOS/Source/tasks.o
 .bss.pxDelayedTaskList
                0x0000000020000554        0x4 Middlewares/Third_Party/FreeRTOS/Source/tasks.o
 .bss.pxOverflowDelayedTaskList
                0x0000000020000558        0x4 Middlewares/Third_Party/FreeRTOS/Source/tasks.o
 .bss.xPendingReadyList
                0x000000002000055c       0x14 Middlewares/Third_Party/FreeRTOS/Source/tasks.o
 .bss.xTasksWaitingTermination
                0x0000000020000570       0x14 Middlewares/Third_Party/FreeRTOS/Source/tasks.o
 .bss.uxDeletedTasksWaitingCleanUp
                0x0000000020000584        0x4 Middlewares/Third_Party/FreeRTOS/Source/tasks.o
 .bss.xSuspendedTaskList
                0x0000000020000588       0x14 Middlewares/Third_Party/FreeRTOS/Source/tasks.o
 .bss.uxCurrentNumberOfTasks
                0x000000002000059c        0x4 Middlewares/Third_Party/FreeRTOS/Source/tasks.o
 .bss.xTickCount
                0x00000000200005a0        0x4 Middlewares/Third_Party/FreeRTOS/Source/tasks.o
 .bss.uxTopReadyPriority
                0x00000000200005a4        0x4 Middlewares/Third_Party/FreeRTOS/Source/tasks.o
 .bss.xSchedulerRunning
                0x00000000200005a8        0x4 Middlewares/Third_Party/FreeRTOS/Source/tasks.o
 .bss.uxPendedTicks
                0x00000000200005ac        0x4 Middlewares/Third_Party/FreeRTOS/Source/tasks.o
 .bss.xYieldPending
                0x00000000200005b0        0x4 Middlewares/Third_Party/FreeRTOS/Source/tasks.o
 .bss.xNumOfOverflows
                0x00000000200005b4        0x4 Middlewares/Third_Party/FreeRTOS/Source/tasks.o
 .bss.uxTaskNumber
                0x00000000200005b8        0x4 Middlewares/Third_Party/FreeRTOS/Source/tasks.o
 .bss.xNextTaskUnblockTime
                0x00000000200005bc        0x4 Middlewares/Third_Party/FreeRTOS/Source/tasks.o
 .bss.xIdleTaskHandle
                0x00000000200005c0        0x4 Middlewares/Third_Party/FreeRTOS/Source/tasks.o
 .bss.uxSchedulerSuspended
                0x00000000200005c4        0x4 Middlewares/Third_Party/FreeRTOS/Source/tasks.o
 .bss.ucMaxSysCallPriority
                0x00000000200005c8        0x1 Middlewares/Third_Party/FreeRTOS/Source/portable/GCC/ARM_CM7/r0p1/port.o
 *fill*         0x00000000200005c9        0x3 
 .bss.ulMaxPRIGROUPValue
                0x00000000200005cc        0x4 Middlewares/Third_Party/FreeRTOS/Source/portable/GCC/ARM_CM7/r0p1/port.o
 .bss.ucHeap    0x00000000200005d0     0x8000 Middlewares/Third_Party/FreeRTOS/Source/portable/MemMang/heap_4.o
 .bss.xStart    0x00000000200085d0        0x8 Middlewares/Third_Party/FreeRTOS/Source/portable/MemMang/heap_4.o
 .bss.pxEnd     0x00000000200085d8        0x4 Middlewares/Third_Party/FreeRTOS/Source/portable/MemMang/heap_4.o
 .bss.xFreeBytesRemaining
                0x00000000200085dc        0x4 Middlewares/Third_Party/FreeRTOS/Source/portable/MemMang/heap_4.o
 .bss.xMinimumEverFreeBytesRemaining
                0x00000000200085e0        0x4 Middlewares/Third_Party/FreeRTOS/Source/portable/MemMang/heap_4.o
 .bss.xBlockAllocatedBit
                0x00000000200085e4        0x4 Middlewares/Third_Party/FreeRTOS/Source/portable/MemMang/heap_4.o
 *(COMMON)
 COMMON         0x00000000200085e8      0x5d0 Core/Src/main.o
                0x00000000200085e8                defaultTaskHandle
                0x00000000200085ec                hi2c3
                0x0000000020008638                hspi2
                0x000000002000869c                huart7
                0x000000002000871c                htim8
                0x000000002000875c                hi2c1
                0x00000000200087a8                TransmitterHandle
                0x00000000200087ac                htim5
                0x00000000200087ec                htim3
                0x000000002000882c                hltdc
                0x00000000200088d4                hadc1
                0x000000002000891c                hadc3
                0x0000000020008964                BgChangerHandle
                0x0000000020008968                huart1
                0x00000000200089e8                hdac
                0x00000000200089fc                hrtc
                0x0000000020008a1c                RRacketHandle
                0x0000000020008a20                htim1
                0x0000000020008a60                txbuffer
                0x0000000020008a6c                huart6
                0x0000000020008aec                hdma2d
                0x0000000020008b2c                htim2
                0x0000000020008b6c                hsdram1
                0x0000000020008ba0                myMutex_LCDHandle
                0x0000000020008ba4                rxbuffer
                0x0000000020008bb0                BallDisplayHandle
                0x0000000020008bb4                myQueueU2HHandle
 COMMON         0x0000000020008bb8       0xa8 Core/Src/stm32746g_discovery_lcd.o
                0x0000000020008bb8                hLtdcHandler
 COMMON         0x0000000020008c60       0x34 Core/Src/stm32746g_discovery_sdram.o
                0x0000000020008c60                sdramHandle
 COMMON         0x0000000020008c94       0x40 Core/Src/stm32f7xx_hal_timebase_tim.o
                0x0000000020008c94                htim6
 COMMON         0x0000000020008cd4        0x4 Drivers/STM32F7xx_HAL_Driver/Src/stm32f7xx_hal.o
                0x0000000020008cd4                uwTick
                0x0000000020008cd8                . = ALIGN (0x4)
                0x0000000020008cd8                _ebss = .
                0x0000000020008cd8                __bss_end__ = _ebss

._user_heap_stack
                0x0000000020008cd8      0x600 load address 0x000000000800fd50
                0x0000000020008cd8                . = ALIGN (0x8)
                [!provide]                        PROVIDE (end = .)
                0x0000000020008cd8                PROVIDE (_end = .)
                0x0000000020008ed8                . = (. + _Min_Heap_Size)
 *fill*         0x0000000020008cd8      0x200 
                0x00000000200092d8                . = (. + _Min_Stack_Size)
 *fill*         0x0000000020008ed8      0x400 
                0x00000000200092d8                . = ALIGN (0x8)

/DISCARD/
 libc.a(*)
 libm.a(*)
 libgcc.a(*)

.ARM.attributes
                0x0000000000000000       0x30
 *(.ARM.attributes)
 .ARM.attributes
                0x0000000000000000       0x22 c:/st/stm32cubeide_1.5.1/stm32cubeide/plugins/com.st.stm32cube.ide.mcu.externaltools.gnu-tools-for-stm32.7-2018-q2-update.win32_1.5.0.202011040924/tools/bin/../lib/gcc/arm-none-eabi/7.3.1/thumb/v7e-m/fpv4-sp/hard/crti.o
 .ARM.attributes
                0x0000000000000022       0x34 c:/st/stm32cubeide_1.5.1/stm32cubeide/plugins/com.st.stm32cube.ide.mcu.externaltools.gnu-tools-for-stm32.7-2018-q2-update.win32_1.5.0.202011040924/tools/bin/../lib/gcc/arm-none-eabi/7.3.1/thumb/v7e-m/fpv4-sp/hard/crtbegin.o
 .ARM.attributes
                0x0000000000000056       0x39 Core/Src/freertos.o
 .ARM.attributes
                0x000000000000008f       0x34 Core/Src/ft5336.o
 .ARM.attributes
                0x00000000000000c3       0x39 Core/Src/main.o
 .ARM.attributes
                0x00000000000000fc       0x39 Core/Src/stm32746g_discovery.o
 .ARM.attributes
                0x0000000000000135       0x39 Core/Src/stm32746g_discovery_lcd.o
 .ARM.attributes
                0x000000000000016e       0x39 Core/Src/stm32746g_discovery_sdram.o
 .ARM.attributes
                0x00000000000001a7       0x39 Core/Src/stm32746g_discovery_ts.o
 .ARM.attributes
                0x00000000000001e0       0x39 Core/Src/stm32f7xx_hal_msp.o
 .ARM.attributes
                0x0000000000000219       0x39 Core/Src/stm32f7xx_hal_timebase_tim.o
 .ARM.attributes
                0x0000000000000252       0x39 Core/Src/stm32f7xx_it.o
 .ARM.attributes
                0x000000000000028b       0x39 Core/Src/system_stm32f7xx.o
 .ARM.attributes
                0x00000000000002c4       0x21 Core/Startup/startup_stm32f746nghx.o
 .ARM.attributes
                0x00000000000002e5       0x39 Drivers/STM32F7xx_HAL_Driver/Src/stm32f7xx_hal.o
 .ARM.attributes
                0x000000000000031e       0x39 Drivers/STM32F7xx_HAL_Driver/Src/stm32f7xx_hal_adc.o
 .ARM.attributes
                0x0000000000000357       0x39 Drivers/STM32F7xx_HAL_Driver/Src/stm32f7xx_hal_cortex.o
 .ARM.attributes
                0x0000000000000390       0x39 Drivers/STM32F7xx_HAL_Driver/Src/stm32f7xx_hal_dac.o
 .ARM.attributes
                0x00000000000003c9       0x39 Drivers/STM32F7xx_HAL_Driver/Src/stm32f7xx_hal_dac_ex.o
 .ARM.attributes
                0x0000000000000402       0x39 Drivers/STM32F7xx_HAL_Driver/Src/stm32f7xx_hal_dma.o
 .ARM.attributes
                0x000000000000043b       0x39 Drivers/STM32F7xx_HAL_Driver/Src/stm32f7xx_hal_dma2d.o
 .ARM.attributes
                0x0000000000000474       0x39 Drivers/STM32F7xx_HAL_Driver/Src/stm32f7xx_hal_gpio.o
 .ARM.attributes
                0x00000000000004ad       0x39 Drivers/STM32F7xx_HAL_Driver/Src/stm32f7xx_hal_i2c.o
 .ARM.attributes
                0x00000000000004e6       0x39 Drivers/STM32F7xx_HAL_Driver/Src/stm32f7xx_hal_i2c_ex.o
 .ARM.attributes
                0x000000000000051f       0x39 Drivers/STM32F7xx_HAL_Driver/Src/stm32f7xx_hal_ltdc.o
 .ARM.attributes
                0x0000000000000558       0x39 Drivers/STM32F7xx_HAL_Driver/Src/stm32f7xx_hal_pwr.o
 .ARM.attributes
                0x0000000000000591       0x39 Drivers/STM32F7xx_HAL_Driver/Src/stm32f7xx_hal_pwr_ex.o
 .ARM.attributes
                0x00000000000005ca       0x39 Drivers/STM32F7xx_HAL_Driver/Src/stm32f7xx_hal_rcc.o
 .ARM.attributes
                0x0000000000000603       0x39 Drivers/STM32F7xx_HAL_Driver/Src/stm32f7xx_hal_rcc_ex.o
 .ARM.attributes
                0x000000000000063c       0x39 Drivers/STM32F7xx_HAL_Driver/Src/stm32f7xx_hal_rtc.o
 .ARM.attributes
                0x0000000000000675       0x39 Drivers/STM32F7xx_HAL_Driver/Src/stm32f7xx_hal_rtc_ex.o
 .ARM.attributes
                0x00000000000006ae       0x39 Drivers/STM32F7xx_HAL_Driver/Src/stm32f7xx_hal_sdram.o
 .ARM.attributes
                0x00000000000006e7       0x39 Drivers/STM32F7xx_HAL_Driver/Src/stm32f7xx_hal_spi.o
 .ARM.attributes
                0x0000000000000720       0x39 Drivers/STM32F7xx_HAL_Driver/Src/stm32f7xx_hal_tim.o
 .ARM.attributes
                0x0000000000000759       0x39 Drivers/STM32F7xx_HAL_Driver/Src/stm32f7xx_hal_tim_ex.o
 .ARM.attributes
                0x0000000000000792       0x39 Drivers/STM32F7xx_HAL_Driver/Src/stm32f7xx_hal_uart.o
 .ARM.attributes
                0x00000000000007cb       0x39 Drivers/STM32F7xx_HAL_Driver/Src/stm32f7xx_ll_fmc.o
 .ARM.attributes
                0x0000000000000804       0x39 Middlewares/Third_Party/FreeRTOS/Source/CMSIS_RTOS/cmsis_os.o
 .ARM.attributes
                0x000000000000083d       0x39 Middlewares/Third_Party/FreeRTOS/Source/list.o
 .ARM.attributes
                0x0000000000000876       0x39 Middlewares/Third_Party/FreeRTOS/Source/queue.o
 .ARM.attributes
                0x00000000000008af       0x39 Middlewares/Third_Party/FreeRTOS/Source/tasks.o
 .ARM.attributes
                0x00000000000008e8       0x39 Middlewares/Third_Party/FreeRTOS/Source/portable/GCC/ARM_CM7/r0p1/port.o
 .ARM.attributes
                0x0000000000000921       0x39 Middlewares/Third_Party/FreeRTOS/Source/portable/MemMang/heap_4.o
 .ARM.attributes
                0x000000000000095a       0x34 c:/st/stm32cubeide_1.5.1/stm32cubeide/plugins/com.st.stm32cube.ide.mcu.externaltools.gnu-tools-for-stm32.7-2018-q2-update.win32_1.5.0.202011040924/tools/bin/../lib/gcc/arm-none-eabi/7.3.1/../../../../arm-none-eabi/lib/thumb/v7e-m/fpv4-sp/hard\libc_nano.a(lib_a-init.o)
 .ARM.attributes
                0x000000000000098e       0x34 c:/st/stm32cubeide_1.5.1/stm32cubeide/plugins/com.st.stm32cube.ide.mcu.externaltools.gnu-tools-for-stm32.7-2018-q2-update.win32_1.5.0.202011040924/tools/bin/../lib/gcc/arm-none-eabi/7.3.1/../../../../arm-none-eabi/lib/thumb/v7e-m/fpv4-sp/hard\libc_nano.a(lib_a-memcpy-stub.o)
 .ARM.attributes
                0x00000000000009c2       0x34 c:/st/stm32cubeide_1.5.1/stm32cubeide/plugins/com.st.stm32cube.ide.mcu.externaltools.gnu-tools-for-stm32.7-2018-q2-update.win32_1.5.0.202011040924/tools/bin/../lib/gcc/arm-none-eabi/7.3.1/../../../../arm-none-eabi/lib/thumb/v7e-m/fpv4-sp/hard\libc_nano.a(lib_a-memset.o)
 .ARM.attributes
                0x00000000000009f6       0x22 c:/st/stm32cubeide_1.5.1/stm32cubeide/plugins/com.st.stm32cube.ide.mcu.externaltools.gnu-tools-for-stm32.7-2018-q2-update.win32_1.5.0.202011040924/tools/bin/../lib/gcc/arm-none-eabi/7.3.1/thumb/v7e-m/fpv4-sp/hard\libgcc.a(_aeabi_uldivmod.o)
 .ARM.attributes
                0x0000000000000a18       0x34 c:/st/stm32cubeide_1.5.1/stm32cubeide/plugins/com.st.stm32cube.ide.mcu.externaltools.gnu-tools-for-stm32.7-2018-q2-update.win32_1.5.0.202011040924/tools/bin/../lib/gcc/arm-none-eabi/7.3.1/thumb/v7e-m/fpv4-sp/hard\libgcc.a(_udivmoddi4.o)
 .ARM.attributes
                0x0000000000000a4c       0x22 c:/st/stm32cubeide_1.5.1/stm32cubeide/plugins/com.st.stm32cube.ide.mcu.externaltools.gnu-tools-for-stm32.7-2018-q2-update.win32_1.5.0.202011040924/tools/bin/../lib/gcc/arm-none-eabi/7.3.1/thumb/v7e-m/fpv4-sp/hard\libgcc.a(_dvmd_tls.o)
 .ARM.attributes