main.c:154:5:main	208	static
main.c:337:6:SystemClock_Config	216	static
main.c:412:13:MX_ADC1_Init	24	static
main.c:462:13:MX_ADC3_Init	24	static
main.c:512:13:MX_DAC_Init	16	static
main.c:550:13:MX_DMA2D_Init	8	static
main.c:587:13:MX_I2C1_Init	8	static
main.c:633:13:MX_I2C3_Init	8	static
main.c:679:13:MX_LTDC_Init	64	static
main.c:741:13:MX_RTC_Init	80	static
main.c:833:13:MX_SPI2_Init	8	static
main.c:873:13:MX_TIM1_Init	40	static
main.c:920:13:MX_TIM2_Init	40	static
main.c:965:13:MX_TIM3_Init	56	static
main.c:1017:13:MX_TIM5_Init	40	static
main.c:1062:13:MX_TIM8_Init	112	static
main.c:1141:13:MX_UART7_Init	8	static
main.c:1176:13:MX_USART1_UART_Init	8	static
main.c:1211:13:MX_USART6_UART_Init	8	static
main.c:1242:13:MX_FMC_Init	40	static
main.c:1293:13:MX_GPIO_Init	72	static
main.c:1480:6:HAL_UART_RxCpltCallback	16	static
main.c:1502:6:StartDefaultTask	16	static
main.c:1519:6:Starthorloge	96	static
main.c:1558:6:StartLRacket	48	static
main.c:1634:6:StartBall	104	static
main.c:1781:6:StartBgChanger	24	static
main.c:1847:6:StartTransmit	24	static
main.c:1880:6:HAL_TIM_PeriodElapsedCallback	16	static
main.c:1897:6:Error_Handler	4	static,ignoring_inline_asm
