main.c:151:5:main	208	static
main.c:334:6:SystemClock_Config	216	static
main.c:409:13:MX_ADC1_Init	24	static
main.c:459:13:MX_ADC3_Init	24	static
main.c:509:13:MX_DAC_Init	16	static
main.c:547:13:MX_DMA2D_Init	8	static
main.c:584:13:MX_I2C1_Init	8	static
main.c:630:13:MX_I2C3_Init	8	static
main.c:676:13:MX_LTDC_Init	64	static
main.c:738:13:MX_RTC_Init	80	static
main.c:830:13:MX_SPI2_Init	8	static
main.c:870:13:MX_TIM1_Init	40	static
main.c:917:13:MX_TIM2_Init	40	static
main.c:962:13:MX_TIM3_Init	56	static
main.c:1014:13:MX_TIM5_Init	40	static
main.c:1059:13:MX_TIM8_Init	112	static
main.c:1138:13:MX_UART7_Init	8	static
main.c:1173:13:MX_USART1_UART_Init	8	static
main.c:1208:13:MX_USART6_UART_Init	8	static
main.c:1239:13:MX_FMC_Init	40	static
main.c:1290:13:MX_GPIO_Init	72	static
main.c:1477:6:HAL_UART_RxCpltCallback	16	static
main.c:1499:6:StartDefaultTask	16	static
main.c:1516:6:Starthorloge	96	static
main.c:1555:6:StartLRacket	48	static
main.c:1631:6:StartBall	80	static
main.c:1768:6:StartBgChanger	24	static
main.c:1834:6:StartTransmit	16	static
main.c:1863:6:HAL_TIM_PeriodElapsedCallback	16	static
main.c:1880:6:Error_Handler	4	static,ignoring_inline_asm
