main.c:155:5:main	208	static
main.c:338:6:SystemClock_Config	216	static
main.c:413:13:MX_ADC1_Init	24	static
main.c:463:13:MX_ADC3_Init	24	static
main.c:513:13:MX_DAC_Init	16	static
main.c:551:13:MX_DMA2D_Init	8	static
main.c:588:13:MX_I2C1_Init	8	static
main.c:634:13:MX_I2C3_Init	8	static
main.c:680:13:MX_LTDC_Init	64	static
main.c:742:13:MX_RTC_Init	80	static
main.c:834:13:MX_SPI2_Init	8	static
main.c:874:13:MX_TIM1_Init	40	static
main.c:921:13:MX_TIM2_Init	40	static
main.c:966:13:MX_TIM3_Init	56	static
main.c:1018:13:MX_TIM5_Init	40	static
main.c:1063:13:MX_TIM8_Init	112	static
main.c:1142:13:MX_UART7_Init	8	static
main.c:1177:13:MX_USART1_UART_Init	8	static
main.c:1212:13:MX_USART6_UART_Init	8	static
main.c:1243:13:MX_FMC_Init	40	static
main.c:1294:13:MX_GPIO_Init	72	static
main.c:1481:6:HAL_UART_RxCpltCallback	16	static
main.c:1503:6:StartDefaultTask	16	static
main.c:1520:6:Starthorloge	72	static
main.c:1557:6:StartLRacket	48	static
main.c:1633:6:StartBall	88	static
main.c:1799:6:StartBgChanger	24	static
main.c:1865:6:StartTransmit	16	static
main.c:1894:6:HAL_TIM_PeriodElapsedCallback	16	static
main.c:1911:6:Error_Handler	4	static,ignoring_inline_asm
