main.c:157:5:main	208	static
main.c:340:6:SystemClock_Config	216	static
main.c:415:13:MX_ADC1_Init	24	static
main.c:465:13:MX_ADC3_Init	24	static
main.c:515:13:MX_DAC_Init	16	static
main.c:553:13:MX_DMA2D_Init	8	static
main.c:590:13:MX_I2C1_Init	8	static
main.c:636:13:MX_I2C3_Init	8	static
main.c:682:13:MX_LTDC_Init	64	static
main.c:744:13:MX_RTC_Init	80	static
main.c:836:13:MX_SPI2_Init	8	static
main.c:876:13:MX_TIM1_Init	40	static
main.c:923:13:MX_TIM2_Init	40	static
main.c:968:13:MX_TIM3_Init	56	static
main.c:1020:13:MX_TIM5_Init	40	static
main.c:1065:13:MX_TIM8_Init	112	static
main.c:1144:13:MX_UART7_Init	8	static
main.c:1179:13:MX_USART1_UART_Init	8	static
main.c:1214:13:MX_USART6_UART_Init	8	static
main.c:1245:13:MX_FMC_Init	40	static
main.c:1296:13:MX_GPIO_Init	72	static
main.c:1483:6:HAL_UART_RxCpltCallback	16	static
main.c:1505:6:StartDefaultTask	16	static
main.c:1522:6:Starthorloge	72	static
main.c:1558:6:StartLRacket	48	static
main.c:1634:6:StartBall	104	static
main.c:1800:6:StartBgChanger	24	static
main.c:1866:6:StartTransmit	24	static
main.c:1899:6:HAL_TIM_PeriodElapsedCallback	16	static
main.c:1916:6:Error_Handler	4	static,ignoring_inline_asm
