main.c:167:5:main	240	static
main.c:328:6:SystemClock_Config	216	static
main.c:403:13:MX_ADC1_Init	24	static
main.c:453:13:MX_ADC3_Init	24	static
main.c:503:13:MX_DAC_Init	16	static
main.c:541:13:MX_DMA2D_Init	8	static
main.c:578:13:MX_I2C1_Init	8	static
main.c:624:13:MX_I2C3_Init	8	static
main.c:670:13:MX_LTDC_Init	64	static
main.c:732:13:MX_RTC_Init	80	static
main.c:824:13:MX_SPI2_Init	8	static
main.c:864:13:MX_TIM1_Init	40	static
main.c:911:13:MX_TIM2_Init	40	static
main.c:956:13:MX_TIM3_Init	56	static
main.c:1008:13:MX_TIM5_Init	40	static
main.c:1053:13:MX_TIM8_Init	112	static
main.c:1132:13:MX_UART7_Init	8	static
main.c:1167:13:MX_USART1_UART_Init	8	static
main.c:1202:13:MX_USART6_UART_Init	8	static
main.c:1233:13:MX_FMC_Init	40	static
main.c:1284:13:MX_GPIO_Init	72	static
main.c:1472:6:HAL_UART_RxCpltCallback	16	static
main.c:1496:6:StartDefaultTask	16	static
main.c:1513:6:Starthorloge	72	static
main.c:1549:6:StartLRacket	48	static
main.c:1627:6:StartBall	112	static
main.c:1801:6:StartBgChanger	24	static
main.c:1867:6:StartTransmit	24	static
main.c:1898:6:StartLost	24	static
main.c:1926:6:HAL_TIM_PeriodElapsedCallback	16	static
main.c:1943:6:Error_Handler	4	static,ignoring_inline_asm
