main.c:158:5:main	208	static
main.c:341:6:SystemClock_Config	216	static
main.c:416:13:MX_ADC1_Init	24	static
main.c:466:13:MX_ADC3_Init	24	static
main.c:516:13:MX_DAC_Init	16	static
main.c:554:13:MX_DMA2D_Init	8	static
main.c:591:13:MX_I2C1_Init	8	static
main.c:637:13:MX_I2C3_Init	8	static
main.c:683:13:MX_LTDC_Init	64	static
main.c:745:13:MX_RTC_Init	80	static
main.c:837:13:MX_SPI2_Init	8	static
main.c:877:13:MX_TIM1_Init	40	static
main.c:924:13:MX_TIM2_Init	40	static
main.c:969:13:MX_TIM3_Init	56	static
main.c:1021:13:MX_TIM5_Init	40	static
main.c:1066:13:MX_TIM8_Init	112	static
main.c:1145:13:MX_UART7_Init	8	static
main.c:1180:13:MX_USART1_UART_Init	8	static
main.c:1215:13:MX_USART6_UART_Init	8	static
main.c:1246:13:MX_FMC_Init	40	static
main.c:1297:13:MX_GPIO_Init	72	static
main.c:1485:6:HAL_UART_RxCpltCallback	16	static
main.c:1518:6:StartDefaultTask	16	static
main.c:1535:6:Starthorloge	72	static
main.c:1571:6:StartLRacket	48	static
main.c:1647:6:StartBall	104	static
main.c:1815:6:StartBgChanger	24	static
main.c:1881:6:StartTransmit	24	static
main.c:1914:6:HAL_TIM_PeriodElapsedCallback	16	static
main.c:1931:6:Error_Handler	4	static,ignoring_inline_asm
