stm32f7xx_hal_msp.c:66:6:HAL_MspInit	16	static
stm32f7xx_hal_msp.c:90:6:HAL_ADC_MspInit	56	static
stm32f7xx_hal_msp.c:144:6:HAL_ADC_MspDeInit	16	static
stm32f7xx_hal_msp.c:189:6:HAL_DAC_MspInit	48	static
stm32f7xx_hal_msp.c:225:6:HAL_DAC_MspDeInit	16	static
stm32f7xx_hal_msp.c:255:6:HAL_DMA2D_MspInit	24	static
stm32f7xx_hal_msp.c:277:6:HAL_DMA2D_MspDeInit	16	static
stm32f7xx_hal_msp.c:299:6:HAL_I2C_MspInit	56	static
stm32f7xx_hal_msp.c:359:6:HAL_I2C_MspDeInit	16	static
stm32f7xx_hal_msp.c:410:6:HAL_LTDC_MspInit	64	static
stm32f7xx_hal_msp.c:511:6:HAL_LTDC_MspDeInit	16	static
stm32f7xx_hal_msp.c:580:6:HAL_RTC_MspInit	16	static
stm32f7xx_hal_msp.c:602:6:HAL_RTC_MspDeInit	16	static
stm32f7xx_hal_msp.c:624:6:HAL_SPI_MspInit	48	static
stm32f7xx_hal_msp.c:677:6:HAL_SPI_MspDeInit	16	static
stm32f7xx_hal_msp.c:710:6:HAL_TIM_Base_MspInit	40	static
stm32f7xx_hal_msp.c:770:6:HAL_TIM_MspPostInit	40	static
stm32f7xx_hal_msp.c:802:6:HAL_TIM_Base_MspDeInit	16	static
stm32f7xx_hal_msp.c:868:6:HAL_UART_MspInit	64	static
stm32f7xx_hal_msp.c:968:6:HAL_UART_MspDeInit	16	static
stm32f7xx_hal_msp.c:1037:13:HAL_FMC_MspInit	32	static
stm32f7xx_hal_msp.c:1143:6:HAL_SDRAM_MspInit	16	static
stm32f7xx_hal_msp.c:1155:13:HAL_FMC_MspDeInit	8	static
stm32f7xx_hal_msp.c:1229:6:HAL_SDRAM_MspDeInit	16	static
